Component: ARM Compiler 5.06 update 7 (build 960) Tool: armlink [4d3601]

==============================================================================

Section Cross References

    startup_stm32f407xx.o(STACK) refers (Special) to heapauxi.o(.text) for __use_two_region_memory
    startup_stm32f407xx.o(HEAP) refers (Special) to heapauxi.o(.text) for __use_two_region_memory
    startup_stm32f407xx.o(RESET) refers (Special) to heapauxi.o(.text) for __use_two_region_memory
    startup_stm32f407xx.o(RESET) refers to startup_stm32f407xx.o(STACK) for __initial_sp
    startup_stm32f407xx.o(RESET) refers to startup_stm32f407xx.o(.text) for Reset_Handler
    startup_stm32f407xx.o(RESET) refers to stm32f4xx_it.o(i.NMI_Handler) for NMI_Handler
    startup_stm32f407xx.o(RESET) refers to stm32f4xx_it.o(i.HardFault_Handler) for HardFault_Handler
    startup_stm32f407xx.o(RESET) refers to stm32f4xx_it.o(i.MemManage_Handler) for MemManage_Handler
    startup_stm32f407xx.o(RESET) refers to stm32f4xx_it.o(i.BusFault_Handler) for BusFault_Handler
    startup_stm32f407xx.o(RESET) refers to stm32f4xx_it.o(i.UsageFault_Handler) for UsageFault_Handler
    startup_stm32f407xx.o(RESET) refers to port.o(.emb_text) for SVC_Handler
    startup_stm32f407xx.o(RESET) refers to stm32f4xx_it.o(i.DebugMon_Handler) for DebugMon_Handler
    startup_stm32f407xx.o(RESET) refers to stm32f4xx_it.o(i.SysTick_Handler) for SysTick_Handler
    startup_stm32f407xx.o(RESET) refers to stm32f4xx_it.o(i.DMA1_Stream1_IRQHandler) for DMA1_Stream1_IRQHandler
    startup_stm32f407xx.o(RESET) refers to stm32f4xx_it.o(i.CAN1_RX0_IRQHandler) for CAN1_RX0_IRQHandler
    startup_stm32f407xx.o(RESET) refers to stm32f4xx_it.o(i.USART1_IRQHandler) for USART1_IRQHandler
    startup_stm32f407xx.o(RESET) refers to remote_control.o(i.USART3_IRQHandler) for USART3_IRQHandler
    startup_stm32f407xx.o(RESET) refers to stm32f4xx_it.o(i.DMA2_Stream3_IRQHandler) for DMA2_Stream3_IRQHandler
    startup_stm32f407xx.o(RESET) refers to stm32f4xx_it.o(i.CAN2_RX0_IRQHandler) for CAN2_RX0_IRQHandler
    startup_stm32f407xx.o(.text) refers (Special) to heapauxi.o(.text) for __use_two_region_memory
    startup_stm32f407xx.o(.text) refers to system_stm32f4xx.o(i.SystemInit) for SystemInit
    startup_stm32f407xx.o(.text) refers to __main.o(!!!main) for __main
    startup_stm32f407xx.o(.text) refers to startup_stm32f407xx.o(HEAP) for Heap_Mem
    startup_stm32f407xx.o(.text) refers to startup_stm32f407xx.o(STACK) for Stack_Mem
    main.o(i.SystemClock_Config) refers to rt_memclr_w.o(.text) for __aeabi_memclr4
    main.o(i.SystemClock_Config) refers to stm32f4xx_hal_rcc.o(i.HAL_RCC_OscConfig) for HAL_RCC_OscConfig
    main.o(i.SystemClock_Config) refers to main.o(i.Error_Handler) for Error_Handler
    main.o(i.SystemClock_Config) refers to stm32f4xx_hal_rcc.o(i.HAL_RCC_ClockConfig) for HAL_RCC_ClockConfig
    main.o(i.main) refers to stm32f4xx_hal.o(i.HAL_Init) for HAL_Init
    main.o(i.main) refers to main.o(i.SystemClock_Config) for SystemClock_Config
    main.o(i.main) refers to gpio.o(i.MX_GPIO_Init) for MX_GPIO_Init
    main.o(i.main) refers to dma.o(i.MX_DMA_Init) for MX_DMA_Init
    main.o(i.main) refers to usart.o(i.MX_USART3_UART_Init) for MX_USART3_UART_Init
    main.o(i.main) refers to usart.o(i.MX_USART1_UART_Init) for MX_USART1_UART_Init
    main.o(i.main) refers to usart.o(i.MX_USART6_UART_Init) for MX_USART6_UART_Init
    main.o(i.main) refers to can.o(i.MX_CAN1_Init) for MX_CAN1_Init
    main.o(i.main) refers to can.o(i.MX_CAN2_Init) for MX_CAN2_Init
    main.o(i.main) refers to tim.o(i.MX_TIM5_Init) for MX_TIM5_Init
    main.o(i.main) refers to tim.o(i.MX_TIM8_Init) for MX_TIM8_Init
    main.o(i.main) refers to tim.o(i.MX_TIM1_Init) for MX_TIM1_Init
    main.o(i.main) refers to can.o(i.can_filter_init) for can_filter_init
    main.o(i.main) refers to remote_control.o(i.remote_control_init) for remote_control_init
    main.o(i.main) refers to stm32f4xx_hal_tim.o(i.HAL_TIM_Base_Start) for HAL_TIM_Base_Start
    main.o(i.main) refers to stm32f4xx_hal_tim.o(i.HAL_TIM_PWM_Start) for HAL_TIM_PWM_Start
    main.o(i.main) refers to rgb.o(i.WS2812_INIT) for WS2812_INIT
    main.o(i.main) refers to cmsis_os2.o(i.osKernelInitialize) for osKernelInitialize
    main.o(i.main) refers to freertos.o(i.MX_FREERTOS_Init) for MX_FREERTOS_Init
    main.o(i.main) refers to cmsis_os2.o(i.osKernelStart) for osKernelStart
    main.o(i.main) refers to tim.o(.bss) for htim5
    gpio.o(i.MX_GPIO_Init) refers to rt_memclr_w.o(.text) for __aeabi_memclr4
    gpio.o(i.MX_GPIO_Init) refers to stm32f4xx_hal_gpio.o(i.HAL_GPIO_WritePin) for HAL_GPIO_WritePin
    gpio.o(i.MX_GPIO_Init) refers to stm32f4xx_hal_gpio.o(i.HAL_GPIO_Init) for HAL_GPIO_Init
    freertos.o(i.Led_task) refers to led.o(i.aRGB_led_show) for aRGB_led_show
    freertos.o(i.Led_task) refers to cmsis_os2.o(i.osDelay) for osDelay
    freertos.o(i.MX_FREERTOS_Init) refers to cmsis_os2.o(i.osThreadNew) for osThreadNew
[...]
    _signal_init                              - Undefined Weak Reference
    _terminate_alloc                          - Undefined Weak Reference
    _terminate_user_alloc                     - Undefined Weak Reference
    _terminateio                              - Undefined Weak Reference
    __Vectors_Size                           0x00000188   Number         0  startup_stm32f407xx.o ABSOLUTE
    __Vectors                                0x08000000   Data           4  startup_stm32f407xx.o(RESET)
    __Vectors_End                            0x08000188   Data           0  startup_stm32f407xx.o(RESET)
    __main                                   0x08000189   Thumb Code     8  __main.o(!!!main)
    __scatterload                            0x08000191   Thumb Code     0  __scatter.o(!!!scatter)
    __scatterload_rt2                        0x08000191   Thumb Code    44  __scatter.o(!!!scatter)
    __scatterload_rt2_thumb_only             0x08000191   Thumb Code     0  __scatter.o(!!!scatter)
    __scatterload_null                       0x0800019f   Thumb Code     0  __scatter.o(!!!scatter)
    __decompress                             0x080001c5   Thumb Code    90  __dczerorl2.o(!!dczerorl2)
    __decompress1                            0x080001c5   Thumb Code     0  __dczerorl2.o(!!dczerorl2)
    __scatterload_zeroinit                   0x08000221   Thumb Code    28  __scatter_zi.o(!!handler_zi)
    __rt_lib_init                            0x0800023d   Thumb Code     0  libinit.o(.ARM.Collect$$libinit$$00000000)
    __rt_lib_init_fp_1                       0x0800023f   Thumb Code     0  libinit2.o(.ARM.Collect$$libinit$$00000001)
    __rt_lib_init_alloca_1                   0x08000243   Thumb Code     0  libinit2.o(.ARM.Collect$$libinit$$0000002E)
    __rt_lib_init_argv_1                     0x08000243   Thumb Code     0  libinit2.o(.ARM.Collect$$libinit$$0000002C)
    __rt_lib_init_atexit_1                   0x08000243   Thumb Code     0  libinit2.o(.ARM.Collect$$libinit$$0000001B)
    __rt_lib_init_clock_1                    0x08000243   Thumb Code     0  libinit2.o(.ARM.Collect$$libinit$$00000021)
    __rt_lib_init_cpp_2                      0x08000243   Thumb Code     0  libinit2.o(.ARM.Collect$$libinit$$00000031)
    __rt_lib_init_exceptions_1               0x08000243   Thumb Code     0  libinit2.o(.ARM.Collect$$libinit$$00000030)
    __rt_lib_init_fp_trap_1                  0x08000243   Thumb Code     0  libinit2.o(.ARM.Collect$$libinit$$0000001F)
    __rt_lib_init_getenv_1                   0x08000243   Thumb Code     0  libinit2.o(.ARM.Collect$$libinit$$00000023)
    __rt_lib_init_heap_1                     0x08000243   Thumb Code     0  libinit2.o(.ARM.Collect$$libinit$$0000000A)
    __rt_lib_init_lc_collate_1               0x08000243   Thumb Code     0  libinit2.o(.ARM.Collect$$libinit$$00000011)
    __rt_lib_init_lc_ctype_1                 0x08000243   Thumb Code     0  libinit2.o(.ARM.Collect$$libinit$$00000013)
    __rt_lib_init_lc_monetary_1              0x08000243   Thumb Code     0  libinit2.o(.ARM.Collect$$libinit$$00000015)
    __rt_lib_init_lc_numeric_1               0x08000243   Thumb Code     0  libinit2.o(.ARM.Collect$$libinit$$00000017)
    __rt_lib_init_lc_time_1                  0x08000243   Thumb Code     0  libinit2.o(.ARM.Collect$$libinit$$00000019)
    __rt_lib_init_preinit_1                  0x08000243   Thumb Code     0  libinit2.o(.ARM.Collect$$libinit$$00000004)
    __rt_lib_init_rand_1                     0x08000243   Thumb Code     0  libinit2.o(.ARM.Collect$$libinit$$0000000E)
    __rt_lib_init_signal_1                   0x08000243   Thumb Code     0  libinit2.o(.ARM.Collect$$libinit$$0000001D)
    __rt_lib_init_stdio_1                    0x08000243   Thumb Code     0  libinit2.o(.ARM.Collect$$libinit$$00000025)
    __rt_lib_init_user_alloc_1               0x08000243   Thumb Code     0  libinit2.o(.ARM.Collect$$libinit$$0000000C)
    __rt_lib_init_cpp_1                      0x08000247   Thumb Code     0  libinit2.o(.ARM.Collect$$libinit$$00000032)
    __rt_lib_init_return                     0x08000247   Thumb Code     0  libinit2.o(.ARM.Collect$$libinit$$00000033)
    __rt_lib_shutdown                        0x08000249   Thumb Code     0  libshutdown.o(.ARM.Collect$$libshutdown$$00000000)
    __rt_lib_shutdown_cpp_1                  0x0800024b   Thumb Code     0  libshutdown2.o(.ARM.Collect$$libshutdown$$00000004)
    __rt_lib_shutdown_fini_1                 0x0800024b   Thumb Code     0  libshutdown2.o(.ARM.Collect$$libshutdown$$00000002)
    __rt_lib_shutdown_fp_trap_1              0x0800024b   Thumb Code     0  libshutdown2.o(.ARM.Collect$$libshutdown$$00000009)
    __rt_lib_shutdown_heap_1                 0x0800024b   Thumb Code     0  libshutdown2.o(.ARM.Collect$$libshutdown$$00000011)
    __rt_lib_shutdown_return                 0x0800024b   Thumb Code     0  libshutdown2.o(.ARM.Collect$$libshutdown$$00000012)
    __rt_lib_shutdown_signal_1               0x0800024b   Thumb Code     0  libshutdown2.o(.ARM.Collect$$libshutdown$$0000000C)
    __rt_lib_shutdown_stdio_1                0x0800024b   Thumb Code     0  libshutdown2.o(.ARM.Collect$$libshutdown$$00000006)
    __rt_lib_shutdown_user_alloc_1           0x0800024b   Thumb Code     0  libshutdown2.o(.ARM.Collect$$libshutdown$$0000000E)
    __rt_entry                               0x0800024d   Thumb Code     0  __rtentry.o(.ARM.Collect$$rtentry$$00000000)
    __rt_entry_presh_1                       0x0800024d   Thumb Code     0  __rtentry2.o(.ARM.Collect$$rtentry$$00000002)
    __rt_entry_sh                            0x0800024d   Thumb Code     0  __rtentry4.o(.ARM.Collect$$rtentry$$00000004)
    __rt_entry_li                            0x08000253   Thumb Code     0  __rtentry2.o(.ARM.Collect$$rtentry$$0000000A)
    __rt_entry_postsh_1                      0x08000253   Thumb Code     0  __rtentry2.o(.ARM.Collect$$rtentry$$00000009)
    __rt_entry_main                          0x08000257   Thumb Code     0  __rtentry2.o(.ARM.Collect$$rtentry$$0000000D)
    __rt_entry_postli_1                      0x08000257   Thumb Code     0  __rtentry2.o(.ARM.Collect$$rtentry$$0000000C)
    __rt_exit                                0x0800025f   Thumb Code     0  rtexit.o(.ARM.Collect$$rtexit$$00000000)
    __rt_exit_ls                             0x08000261   Thumb Code     0  rtexit2.o(.ARM.Collect$$rtexit$$00000003)
    __rt_exit_prels_1                        0x08000261   Thumb Code     0  rtexit2.o(.ARM.Collect$$rtexit$$00000002)
    __rt_exit_exit                           0x08000265   Thumb Code     0  rtexit2.o(.ARM.Collect$$rtexit$$00000004)
    SVC_Handler                              0x0800026d   Thumb Code    28  port.o(.emb_text)
    __asm___6_port_c_39a90d8d__prvStartFirstTask 0x0800028d   Thumb Code    36  port.o(.emb_text)
    __asm___6_port_c_39a90d8d__prvEnableVFP  0x080002b5   Thumb Code    16  port.o(.emb_text)
    PendSV_Handler                           0x080002c9   Thumb Code    88  port.o(.emb_text)
    vPortGetIPSR                             0x08000325   Thumb Code     6  port.o(.emb_text)
    Reset_Handler                            0x0800032d   Thumb Code     8  startup_stm32f407xx.o(.text)
    ADC_IRQHandler                           0x08000347   Thumb Code     0  startup_stm32f407xx.o(.text)
    CAN1_RX1_IRQHandler                      0x08000347   Thumb Code     0  startup_stm32f407xx.o(.text)
    CAN1_SCE_IRQHandler                      0x08000347   Thumb Code     0  startup_stm32f407xx.o(.text)
    CAN1_TX_IRQHandler                       0x08000347   Thumb Code     0  startup_stm32f407xx.o(.text)
    CAN2_RX1_IRQHandler                      0x08000347   Thumb Code     0  startup_stm32f407xx.o(.text)
    CAN2_SCE_IRQHandler                      0x08000347   Thumb Code     0  startup_stm32f407xx.o(.text)
    CAN2_TX_IRQHandler                       0x08000347   Thumb Code     0  startup_stm32f407xx.o(.text)
    DCMI_IRQHandler                          0x08000347   Thumb Code     0  startup_stm32f407xx.o(.text)
    DMA1_Stream0_IRQHandler                  0x08000347   Thumb Code     0  startup_stm32f407xx.o(.text)
    DMA1_Stream2_IRQHandler                  0x08000347   Thumb Code     0  startup_stm32f407xx.o(.text)
    DMA1_Stream3_IRQHandler                  0x08000347   Thumb Code     0  startup_stm32f407xx.o(.text)
    DMA1_Stream4_IRQHandler                  0x08000347   Thumb Code     0  startup_stm32f407xx.o(.text)
    DMA1_Stream5_IRQHandler                  0x08000347   Thumb Code     0  startup_stm32f407xx.o(.text)
    DMA1_Stream6_IRQHandler                  0x08000347   Thumb Code     0  startup_stm32f407xx.o(.text)
    DMA1_Stream7_IRQHandler                  0x08000347   Thumb Code     0  startup_stm32f407xx.o(.text)
    DMA2_Stream0_IRQHandler                  0x08000347   Thumb Code     0  startup_stm32f407xx.o(.text)
    DMA2_Stream1_IRQHandler                  0x08000347   Thumb Code     0  startup_stm32f407xx.o(.text)
    DMA2_Stream2_IRQHandler                  0x08000347   Thumb Code     0  startup_stm32f407xx.o(.text)
    DMA2_Stream4_IRQHandler                  0x08000347   Thumb Code     0  startup_stm32f407xx.o(.text)
    DMA2_Stream5_IRQHandler                  0x08000347   Thumb Code     0  startup_stm32f407xx.o(.text)
    DMA2_Stream6_IRQHandler                  0x08000347   Thumb Code     0  startup_stm32f407xx.o(.text)
    DMA2_Stream7_IRQHandler                  0x08000347   Thumb Code     0  startup_stm32f407xx.o(.text)
    ETH_IRQHandler                           0x08000347   Thumb Code     0  startup_stm32f407xx.o(.text)
    ETH_WKUP_IRQHandler                      0x08000347   Thumb Code     0  startup_stm32f407xx.o(.text)
    EXTI0_IRQHandler                         0x08000347   Thumb Code     0  startup_stm32f407xx.o(.text)
    EXTI15_10_IRQHandler                     0x08000347   Thumb Code     0  startup_stm32f407xx.o(.text)
    EXTI1_IRQHandler                         0x08000347   Thumb Code     0  startup_stm32f407xx.o(.text)
    EXTI2_IRQHandler                         0x08000347   Thumb Code     0  startup_stm32f407xx.o(.text)
    EXTI3_IRQHandler                         0x08000347   Thumb Code     0  startup_stm32f407xx.o(.text)
    EXTI4_IRQHandler                         0x08000347   Thumb Code     0  startup_stm32f407xx.o(.text)
    EXTI9_5_IRQHandler                       0x08000347   Thumb Code     0  startup_stm32f407xx.o(.text)
    FLASH_IRQHandler                         0x08000347   Thumb Code     0  startup_stm32f407xx.o(.text)
    FMC_IRQHandler                           0x08000347   Thumb Code     0  startup_stm32f407xx.o(.text)
    FPU_IRQHandler                           0x08000347   Thumb Code     0  startup_stm32f407xx.o(.text)
    HASH_RNG_IRQHandler                      0x08000347   Thumb Code     0  startup_stm32f407xx.o(.text)
    I2C1_ER_IRQHandler                       0x08000347   Thumb Code     0  startup_stm32f407xx.o(.text)
    I2C1_EV_IRQHandler                       0x08000347   Thumb Code     0  startup_stm32f407xx.o(.text)
    I2C2_ER_IRQHandler                       0x08000347   Thumb Code     0  startup_stm32f407xx.o(.text)
    I2C2_EV_IRQHandler                       0x08000347   Thumb Code     0  startup_stm32f407xx.o(.text)
    I2C3_ER_IRQHandler                       0x08000347   Thumb Code     0  startup_stm32f407xx.o(.text)
    I2C3_EV_IRQHandler                       0x08000347   Thumb Code     0  startup_stm32f407xx.o(.text)
    OTG_FS_IRQHandler                        0x08000347   Thumb Code     0  startup_stm32f407xx.o(.text)
    OTG_FS_WKUP_IRQHandler                   0x08000347   Thumb Code     0  startup_stm32f407xx.o(.text)
    OTG_HS_EP1_IN_IRQHandler                 0x08000347   Thumb Code     0  startup_stm32f407xx.o(.text)
    OTG_HS_EP1_OUT_IRQHandler                0x08000347   Thumb Code     0  startup_stm32f407xx.o(.text)
    OTG_HS_IRQHandler                        0x08000347   Thumb Code     0  startup_stm32f407xx.o(.text)
    OTG_HS_WKUP_IRQHandler                   0x08000347   Thumb Code     0  startup_stm32f407xx.o(.text)
    PVD_IRQHandler                           0x08000347   Thumb Code     0  startup_stm32f407xx.o(.text)
    RCC_IRQHandler                           0x08000347   Thumb Code     0  startup_stm32f407xx.o(.text)
    RTC_Alarm_IRQHandler                     0x08000347   Thumb Code     0  startup_stm32f407xx.o(.text)
    RTC_WKUP_IRQHandler                      0x08000347   Thumb Code     0  startup_stm32f407xx.o(.text)
    SDIO_IRQHandler                          0x08000347   Thumb Code     0  startup_stm32f407xx.o(.text)
    SPI1_IRQHandler                          0x08000347   Thumb Code     0  startup_stm32f407xx.o(.text)
    SPI2_IRQHandler                          0x08000347   Thumb Code     0  startup_stm32f407xx.o(.text)
    SPI3_IRQHandler                          0x08000347   Thumb Code     0  startup_stm32f407xx.o(.text)
    TAMP_STAMP_IRQHandler                    0x08000347   Thumb Code     0  startup_stm32f407xx.o(.text)
    TIM1_BRK_TIM9_IRQHandler                 0x08000347   Thumb Code     0  startup_stm32f407xx.o(.text)
    TIM1_CC_IRQHandler                       0x08000347   Thumb Code     0  startup_stm32f407xx.o(.text)
    TIM1_TRG_COM_TIM11_IRQHandler            0x08000347   Thumb Code     0  startup_stm32f407xx.o(.text)
    TIM1_UP_TIM10_IRQHandler                 0x08000347   Thumb Code     0  startup_stm32f407xx.o(.text)
    TIM2_IRQHandler                          0x08000347   Thumb Code     0  startup_stm32f407xx.o(.text)
    TIM3_IRQHandler                          0x08000347   Thumb Code     0  startup_stm32f407xx.o(.text)
    TIM4_IRQHandler                          0x08000347   Thumb Code     0  startup_stm32f407xx.o(.text)
    TIM5_IRQHandler                          0x08000347   Thumb Code     0  startup_stm32f407xx.o(.text)
    TIM6_DAC_IRQHandler                      0x08000347   Thumb Code     0  startup_stm32f407xx.o(.text)
    TIM7_IRQHandler                          0x08000347   Thumb Code     0  startup_stm32f407xx.o(.text)
    TIM8_BRK_TIM12_IRQHandler                0x08000347   Thumb Code     0  startup_stm32f407xx.o(.text)
    TIM8_CC_IRQHandler                       0x08000347   Thumb Code     0  startup_stm32f407xx.o(.text)
    TIM8_TRG_COM_TIM14_IRQHandler            0x08000347   Thumb Code     0  startup_stm32f407xx.o(.text)
    TIM8_UP_TIM13_IRQHandler                 0x08000347   Thumb Code     0  startup_stm32f407xx.o(.text)
    UART4_IRQHandler                         0x08000347   Thumb Code     0  startup_stm32f407xx.o(.text)
    UART5_IRQHandler                         0x08000347   Thumb Code     0  startup_stm32f407xx.o(.text)
    USART2_IRQHandler                        0x08000347   Thumb Code     0  startup_stm32f407xx.o(.text)
    USART6_IRQHandler                        0x08000347   Thumb Code     0  startup_stm32f407xx.o(.text)
    WWDG_IRQHandler                          0x08000347   Thumb Code     0  startup_stm32f407xx.o(.text)
    __user_initial_stackheap                 0x08000349   Thumb Code     0  startup_stm32f407xx.o(.text)
    __aeabi_uldivmod                         0x0800036d   Thumb Code     0  lludivv7m.o(.text)
    _ll_udiv                                 0x0800036d   Thumb Code   238  lludivv7m.o(.text)
    __aeabi_memcpy                           0x0800045b   Thumb Code     0  rt_memcpy_v6.o(.text)
    __rt_memcpy                              0x0800045b   Thumb Code   138  rt_memcpy_v6.o(.text)
    _memcpy_lastbytes                        0x080004c1   Thumb Code     0  rt_memcpy_v6.o(.text)
    __aeabi_memset                           0x080004e5   Thumb Code    16  aeabi_memset.o(.text)
    __aeabi_memclr4                          0x080004f5   Thumb Code     0  rt_memclr_w.o(.text)
    __aeabi_memclr8                          0x080004f5   Thumb Code     0  rt_memclr_w.o(.text)
    __rt_memclr_w                            0x080004f5   Thumb Code    78  rt_memclr_w.o(.text)
    _memset_w                                0x080004f9   Thumb Code     0  rt_memclr_w.o(.text)
    __use_two_region_memory                  0x08000543   Thumb Code     2  heapauxi.o(.text)
    __rt_heap_escrow$2region                 0x08000545   Thumb Code     2  heapauxi.o(.text)
    __rt_heap_expand$2region                 0x08000547   Thumb Code     2  heapauxi.o(.text)
    __cpp_initialize__aeabi_                 0x08000549   Thumb Code    26  init_aeabi.o(.text)
    __aeabi_memcpy4                          0x0800056d   Thumb Code     0  rt_memcpy_w.o(.text)
    __aeabi_memcpy8                          0x0800056d   Thumb Code     0  rt_memcpy_w.o(.text)
    __rt_memcpy_w                            0x0800056d   Thumb Code   100  rt_memcpy_w.o(.text)
    _memcpy_lastbytes_aligned                0x080005b5   Thumb Code     0  rt_memcpy_w.o(.text)
    __aeabi_memclr                           0x080005d1   Thumb Code     0  rt_memclr.o(.text)
    __rt_memclr                              0x080005d1   Thumb Code    68  rt_memclr.o(.text)
    _memset                                  0x080005d5   Thumb Code     0  rt_memclr.o(.text)
    __user_libspace                          0x08000615   Thumb Code     8  libspace.o(.text)
    __user_perproc_libspace                  0x08000615   Thumb Code     0  libspace.o(.text)
    __user_perthread_libspace                0x08000615   Thumb Code     0  libspace.o(.text)
    __user_setup_stackheap                   0x0800061d   Thumb Code    74  sys_stackheap_outer.o(.text)
    exit                                     0x08000667   Thumb Code    18  exit.o(.text)
    _sys_exit                                0x08000679   Thumb Code     8  sys_exit.o(.text)
    __I$use$semihosting                      0x08000685   Thumb Code     0  use_no_semi.o(.text)
    __use_no_semihosting_swi                 0x08000685   Thumb Code     2  use_no_semi.o(.text)
    BusFault_Handler                         0x08000687   Thumb Code     4  stm32f4xx_it.o(i.BusFault_Handler)
    __semihosting_library_function           0x08000687   Thumb Code     0  indicate_semi.o(.text)
    CAN1_RX0_IRQHandler                      0x0800068d   Thumb Code    10  stm32f4xx_it.o(i.CAN1_RX0_IRQHandler)
    CAN2_RX0_IRQHandler                      0x0800069d   Thumb Code    10  stm32f4xx_it.o(i.CAN2_RX0_IRQHandler)
    DMA1_Stream1_IRQHandler                  0x080006ad   Thumb Code    10  stm32f4xx_it.o(i.DMA1_Stream1_IRQHandler)
    DMA2_Stream3_IRQHandler                  0x080006bd   Thumb Code    10  stm32f4xx_it.o(i.DMA2_Stream3_IRQHandler)
    DebugMon_Handler                         0x080007d7   Thumb Code     2  stm32f4xx_it.o(i.DebugMon_Handler)
    Error_Handler                            0x080007d9   Thumb Code     6  main.o(i.Error_Handler)
    HAL_CAN_ActivateNotification             0x080007df   Thumb Code    42  stm32f4xx_hal_can.o(i.HAL_CAN_ActivateNotification)
    HAL_CAN_AddTxMessage                     0x08000809   Thumb Code   342  stm32f4xx_hal_can.o(i.HAL_CAN_AddTxMessage)
    HAL_CAN_ConfigFilter                     0x08000961   Thumb Code   286  stm32f4xx_hal_can.o(i.HAL_CAN_ConfigFilter)
    HAL_CAN_ErrorCallback                    0x08000a85   Thumb Code     2  stm32f4xx_hal_can.o(i.HAL_CAN_ErrorCallback)
    HAL_CAN_GetRxMessage                     0x08000a87   Thumb Code   378  stm32f4xx_hal_can.o(i.HAL_CAN_GetRxMessage)
    HAL_CAN_IRQHandler                       0x08000c01   Thumb Code   590  stm32f4xx_hal_can.o(i.HAL_CAN_IRQHandler)
    HAL_CAN_Init                             0x08000e4f   Thumb Code   372  stm32f4xx_hal_can.o(i.HAL_CAN_Init)
    HAL_CAN_MspInit                          0x08000fc5   Thumb Code   328  can.o(i.HAL_CAN_MspInit)
    HAL_CAN_RxFifo0FullCallback              0x08001125   Thumb Code     2  stm32f4xx_hal_can.o(i.HAL_CAN_RxFifo0FullCallback)
    HAL_CAN_RxFifo0MsgPendingCallback        0x08001129   Thumb Code   812  app_motor.o(i.HAL_CAN_RxFifo0MsgPendingCallback)
    HAL_CAN_RxFifo1FullCallback              0x08001481   Thumb Code     2  stm32f4xx_hal_can.o(i.HAL_CAN_RxFifo1FullCallback)
    HAL_CAN_RxFifo1MsgPendingCallback        0x08001483   Thumb Code     2  stm32f4xx_hal_can.o(i.HAL_CAN_RxFifo1MsgPendingCallback)
    HAL_CAN_SleepCallback                    0x08001485   Thumb Code     2  stm32f4xx_hal_can.o(i.HAL_CAN_SleepCallback)
    HAL_CAN_Start                            0x08001487   Thumb Code    94  stm32f4xx_hal_can.o(i.HAL_CAN_Start)
    HAL_CAN_TxMailbox0AbortCallback          0x080014e5   Thumb Code     2  stm32f4xx_hal_can.o(i.HAL_CAN_TxMailbox0AbortCallback)
    HAL_CAN_TxMailbox0CompleteCallback       0x080014e7   Thumb Code     2  stm32f4xx_hal_can.o(i.HAL_CAN_TxMailbox0CompleteCallback)
    HAL_CAN_TxMailbox1AbortCallback          0x080014e9   Thumb Code     2  stm32f4xx_hal_can.o(i.HAL_CAN_TxMailbox1AbortCallback)
    HAL_CAN_TxMailbox1CompleteCallback       0x080014eb   Thumb Code     2  stm32f4xx_hal_can.o(i.HAL_CAN_TxMailbox1CompleteCallback)
    HAL_CAN_TxMailbox2AbortCallback          0x080014ed   Thumb Code     2  stm32f4xx_hal_can.o(i.HAL_CAN_TxMailbox2AbortCallback)
    HAL_CAN_TxMailbox2CompleteCallback       0x080014ef   Thumb Code     2  stm32f4xx_hal_can.o(i.HAL_CAN_TxMailbox2CompleteCallback)
    HAL_CAN_WakeUpFromRxMsgCallback          0x080014f1   Thumb Code     2  stm32f4xx_hal_can.o(i.HAL_CAN_WakeUpFromRxMsgCallback)
    HAL_DMA_Abort                            0x080014f3   Thumb Code   172  stm32f4xx_hal_dma.o(i.HAL_DMA_Abort)
    HAL_DMA_Abort_IT                         0x0800159f   Thumb Code    40  stm32f4xx_hal_dma.o(i.HAL_DMA_Abort_IT)
    HAL_DMA_IRQHandler                       0x080015c9   Thumb Code   570  stm32f4xx_hal_dma.o(i.HAL_DMA_IRQHandler)
    HAL_DMA_Init                             0x08001809   Thumb Code   232  stm32f4xx_hal_dma.o(i.HAL_DMA_Init)
    HAL_DMA_Start_IT                         0x080018f5   Thumb Code   146  stm32f4xx_hal_dma.o(i.HAL_DMA_Start_IT)
    HAL_GPIO_Init                            0x08001989   Thumb Code   454  stm32f4xx_hal_gpio.o(i.HAL_GPIO_Init)
    HAL_GPIO_WritePin                        0x08001b7d   Thumb Code    12  stm32f4xx_hal_gpio.o(i.HAL_GPIO_WritePin)
    HAL_GetTick                              0x08001b89   Thumb Code     6  stm32f4xx_hal.o(i.HAL_GetTick)
    HAL_IncTick                              0x08001b95   Thumb Code    16  stm32f4xx_hal.o(i.HAL_IncTick)
    HAL_Init                                 0x08001bad   Thumb Code    54  stm32f4xx_hal.o(i.HAL_Init)
    HAL_InitTick                             0x08001be9   Thumb Code    64  stm32f4xx_hal.o(i.HAL_InitTick)
    HAL_MspInit                              0x08001c35   Thumb Code    78  stm32f4xx_hal_msp.o(i.HAL_MspInit)
    HAL_NVIC_EnableIRQ                       0x08001c89   Thumb Code    32  stm32f4xx_hal_cortex.o(i.HAL_NVIC_EnableIRQ)
    HAL_NVIC_SetPriority                     0x08001ca9   Thumb Code   124  stm32f4xx_hal_cortex.o(i.HAL_NVIC_SetPriority)
    HAL_NVIC_SetPriorityGrouping             0x08001d25   Thumb Code    32  stm32f4xx_hal_cortex.o(i.HAL_NVIC_SetPriorityGrouping)
    HAL_RCC_ClockConfig                      0x08001d4d   Thumb Code   368  stm32f4xx_hal_rcc.o(i.HAL_RCC_ClockConfig)
    HAL_RCC_GetHCLKFreq                      0x08001ed1   Thumb Code     6  stm32f4xx_hal_rcc.o(i.HAL_RCC_GetHCLKFreq)
    HAL_RCC_GetPCLK1Freq                     0x08001edd   Thumb Code    22  stm32f4xx_hal_rcc.o(i.HAL_RCC_GetPCLK1Freq)
    HAL_RCC_GetPCLK2Freq                     0x08001efd   Thumb Code    22  stm32f4xx_hal_rcc.o(i.HAL_RCC_GetPCLK2Freq)
    HAL_RCC_GetSysClockFreq                  0x08001f1d   Thumb Code   162  stm32f4xx_hal_rcc.o(i.HAL_RCC_GetSysClockFreq)
    HAL_RCC_OscConfig                        0x08001fcd   Thumb Code  1172  stm32f4xx_hal_rcc.o(i.HAL_RCC_OscConfig)
    HAL_SYSTICK_Config                       0x08002469   Thumb Code    52  stm32f4xx_hal_cortex.o(i.HAL_SYSTICK_Config)
    HAL_TIMEx_ConfigBreakDeadTime            0x0800249d   Thumb Code   116  stm32f4xx_hal_tim_ex.o(i.HAL_TIMEx_ConfigBreakDeadTime)
    HAL_TIMEx_MasterConfigSynchronization    0x08002511   Thumb Code   150  stm32f4xx_hal_tim_ex.o(i.HAL_TIMEx_MasterConfigSynchronization)
    HAL_TIM_Base_Init                        0x080025c5   Thumb Code   102  stm32f4xx_hal_tim.o(i.HAL_TIM_Base_Init)
    HAL_TIM_Base_MspInit                     0x0800262d   Thumb Code   156  tim.o(i.HAL_TIM_Base_MspInit)
    HAL_TIM_Base_Start                       0x080026dd   Thumb Code   126  stm32f4xx_hal_tim.o(i.HAL_TIM_Base_Start)
    HAL_TIM_ConfigClockSource                0x08002779   Thumb Code   268  stm32f4xx_hal_tim.o(i.HAL_TIM_ConfigClockSource)
    HAL_TIM_ErrorCallback                    0x08002885   Thumb Code     2  stm32f4xx_hal_tim.o(i.HAL_TIM_ErrorCallback)
    HAL_TIM_MspPostInit                      0x08002889   Thumb Code   224  tim.o(i.HAL_TIM_MspPostInit)
    HAL_TIM_PWM_ConfigChannel                0x08002985   Thumb Code   260  stm32f4xx_hal_tim.o(i.HAL_TIM_PWM_ConfigChannel)
    HAL_TIM_PWM_Init                         0x08002a89   Thumb Code   102  stm32f4xx_hal_tim.o(i.HAL_TIM_PWM_Init)
    HAL_TIM_PWM_MspInit                      0x08002af1   Thumb Code    44  tim.o(i.HAL_TIM_PWM_MspInit)
    HAL_TIM_PWM_PulseFinishedCallback        0x08002b25   Thumb Code     2  stm32f4xx_hal_tim.o(i.HAL_TIM_PWM_PulseFinishedCallback)
    HAL_TIM_PWM_PulseFinishedHalfCpltCallback 0x08002b27   Thumb Code     2  stm32f4xx_hal_tim.o(i.HAL_TIM_PWM_PulseFinishedHalfCpltCallback)
    HAL_TIM_PWM_Start                        0x08002b29   Thumb Code   238  stm32f4xx_hal_tim.o(i.HAL_TIM_PWM_Start)
    HAL_TIM_PWM_Start_DMA                    0x08002c35   Thumb Code   544  stm32f4xx_hal_tim.o(i.HAL_TIM_PWM_Start_DMA)
    HAL_UARTEx_RxEventCallback               0x08002e7d   Thumb Code     2  stm32f4xx_hal_uart.o(i.HAL_UARTEx_RxEventCallback)
    HAL_UART_ErrorCallback                   0x08002e7f   Thumb Code     2  stm32f4xx_hal_uart.o(i.HAL_UART_ErrorCallback)
    HAL_UART_IRQHandler                      0x08002e81   Thumb Code   732  stm32f4xx_hal_uart.o(i.HAL_UART_IRQHandler)
    HAL_UART_Init                            0x08003161   Thumb Code   114  stm32f4xx_hal_uart.o(i.HAL_UART_Init)
    HAL_UART_MspInit                         0x080031d5   Thumb Code   502  usart.o(i.HAL_UART_MspInit)
    HAL_UART_RxCpltCallback                  0x080033f5   Thumb Code     2  stm32f4xx_hal_uart.o(i.HAL_UART_RxCpltCallback)
    HAL_UART_TxCpltCallback                  0x080033f7   Thumb Code     2  stm32f4xx_hal_uart.o(i.HAL_UART_TxCpltCallback)
    HardFault_Handler                        0x080033f9   Thumb Code     4  stm32f4xx_it.o(i.HardFault_Handler)
    Kinematics_task                          0x080033fd   Thumb Code    58  kinematics_task.o(i.Kinematics_task)
    Led_task                                 0x08003445   Thumb Code    32  freertos.o(i.Led_task)
    MX_CAN1_Init                             0x0800346d   Thumb Code    64  can.o(i.MX_CAN1_Init)
    MX_CAN2_Init                             0x080034b5   Thumb Code    64  can.o(i.MX_CAN2_Init)
    MX_DMA_Init                              0x080034fd   Thumb Code    98  dma.o(i.MX_DMA_Init)
    MX_FREERTOS_Init                         0x08003565   Thumb Code    60  freertos.o(i.MX_FREERTOS_Init)
    MX_GPIO_Init                             0x080035d1   Thumb Code   312  gpio.o(i.MX_GPIO_Init)
    MX_TIM1_Init                             0x08003715   Thumb Code   186  tim.o(i.MX_TIM1_Init)
    MX_TIM5_Init                             0x080037d9   Thumb Code   190  tim.o(i.MX_TIM5_Init)
    MX_TIM8_Init                             0x080038a1   Thumb Code   204  tim.o(i.MX_TIM8_Init)
    MX_USART1_UART_Init                      0x08003975   Thumb Code    44  usart.o(i.MX_USART1_UART_Init)
    MX_USART3_UART_Init                      0x080039ad   Thumb Code    44  usart.o(i.MX_USART3_UART_Init)
    MX_USART6_UART_Init                      0x080039e5   Thumb Code    46  usart.o(i.MX_USART6_UART_Init)
    MemManage_Handler                        0x08003a1d   Thumb Code     4  stm32f4xx_it.o(i.MemManage_Handler)
    Message_task                             0x08003a21   Thumb Code    50  message_task.o(i.Message_task)
    NMI_Handler                              0x08003a5d   Thumb Code     4  stm32f4xx_it.o(i.NMI_Handler)
    RC_Init                                  0x08003a61   Thumb Code   142  bsp_rc.o(i.RC_Init)
    StartDefaultTask                         0x08003afd   Thumb Code    10  freertos.o(i.StartDefaultTask)
    SysTick_Handler                          0x08003b07   Thumb Code    20  stm32f4xx_it.o(i.SysTick_Handler)
    SystemClock_Config                       0x08003b1d   Thumb Code   170  main.o(i.SystemClock_Config)
    SystemInit                               0x08003bd1   Thumb Code    14  system_stm32f4xx.o(i.SystemInit)
    TIM_Base_SetConfig                       0x08003be5   Thumb Code   170  stm32f4xx_hal_tim.o(i.TIM_Base_SetConfig)
    TIM_CCxChannelCmd                        0x08003cbd   Thumb Code    34  stm32f4xx_hal_tim.o(i.TIM_CCxChannelCmd)
    TIM_DMADelayPulseHalfCplt                0x08003d47   Thumb Code    64  stm32f4xx_hal_tim.o(i.TIM_DMADelayPulseHalfCplt)
    TIM_DMAError                             0x08003d87   Thumb Code    94  stm32f4xx_hal_tim.o(i.TIM_DMAError)
    TIM_ETR_SetConfig                        0x08003de5   Thumb Code    22  stm32f4xx_hal_tim.o(i.TIM_ETR_SetConfig)
    TIM_OC2_SetConfig                        0x08003e7d   Thumb Code   114  stm32f4xx_hal_tim.o(i.TIM_OC2_SetConfig)
    USART1_IRQHandler                        0x08004439   Thumb Code    10  stm32f4xx_it.o(i.USART1_IRQHandler)
    USART3_IRQHandler                        0x08004449   Thumb Code   264  remote_control.o(i.USART3_IRQHandler)
    UsageFault_Handler                       0x0800456d   Thumb Code     4  stm32f4xx_it.o(i.UsageFault_Handler)
    WS2812_INIT                              0x08004571   Thumb Code     8  rgb.o(i.WS2812_INIT)
    WS2812_SET_DARK                          0x08004595   Thumb Code    26  rgb.o(i.WS2812_SET_DARK)
    WS2812_SET_HSV                           0x080045b1   Thumb Code   150  rgb.o(i.WS2812_SET_HSV)
    WS2812_SET_RGB                           0x0800464d   Thumb Code   118  rgb.o(i.WS2812_SET_RGB)
    start_motor(unsigned short)              0x080046c9   Thumb Code    74  app_motor.o(i._Z11start_motort)
    ctrl_motor_pv(unsigned short, float, float) 0x08004735   Thumb Code    92  app_motor.o(i._Z13ctrl_motor_pvtff)
    uint_to_float(int, float, float, int)    0x08004795   Thumb Code    52  app_motor.o(i._Z13uint_to_floatiffi)
    Message_bag::ARMControl()                0x080047c9   Thumb Code   178  message_task.o(i._ZN11Message_bag10ARMControlEv)
    Message_bag::Message_Send()              0x0800487d   Thumb Code   250  message_task.o(i._ZN11Message_bag12Message_SendEv)
    Message_bag::image_control()             0x0800497d   Thumb Code   352  message_task.o(i._ZN11Message_bag13image_controlEv)
    Message_bag::Messag_bag_Init()           0x08004af1   Thumb Code    40  message_task.o(i._ZN11Message_bag15Messag_bag_InitEv)
    Message_bag::PC_to_robotstate()          0x08004b19   Thumb Code   566  message_task.o(i._ZN11Message_bag16PC_to_robotstateEv)
    Message_bag::Operate_to_robotstate()     0x08004d4f   Thumb Code    12  message_task.o(i._ZN11Message_bag21Operate_to_robotstateEv)
    Message_bag::Message_bag()               0x08004d5b   Thumb Code    64  message_task.o(i._ZN11Message_bagC1Ev)
    Message_bag::Message_bag__sub_object()   0x08004d5b   Thumb Code     0  message_task.o(i._ZN11Message_bagC1Ev)
    ArmControl_base::ArmControl(float*)      0x08004d9d   Thumb Code   116  kinematics_task.o(i._ZN15ArmControl_base10ArmControlEPf)
    ArmControl_base::ArmModeGoing()          0x08004e15   Thumb Code    12  kinematics_task.o(i._ZN15ArmControl_base12ArmModeGoingEv)
    ArmControl_base::PCArmContorl()          0x08004e21   Thumb Code  1064  kinematics_task.o(i._ZN15ArmControl_base12PCArmContorlEv)
    ArmControl_base::ArmControl_base()       0x08005249   Thumb Code    88  kinematics_task.o(i._ZN15ArmControl_baseC1Ev)
    ArmControl_base::ArmControl_base__sub_object() 0x08005249   Thumb Code     0  kinematics_task.o(i._ZN15ArmControl_baseC1Ev)
    key::key_num_sum(unsigned char, key_t*)  0x080052a9   Thumb Code    64  message_task.o(i._ZN3key11key_num_sumEhP5key_t)
    key::key_long_press(unsigned char, key_t*) 0x080052e9   Thumb Code    18  message_task.o(i._ZN3key14key_long_pressEhP5key_t)
    key::key_clear(key_t*)                   0x080052fb   Thumb Code     8  message_task.o(i._ZN3key9key_clearEP5key_t)
    MGmotor::motor_MVP(float, unsigned short) 0x08005305   Thumb Code   226  app_motor.o(i._ZN7MGmotor9motor_MVPEft)
    aRGB_led_show                            0x08005461   Thumb Code    82  led.o(i.aRGB_led_show)
    can_filter_init                          0x080054c9   Thumb Code    98  can.o(i.can_filter_init)
    get_remote_control_point                 0x08005619   Thumb Code     4  remote_control.o(i.get_remote_control_point)
    main                                     0x08005621   Thumb Code   128  main.o(i.main)
    osDelay                                  0x080056a9   Thumb Code    30  cmsis_os2.o(i.osDelay)
    osKernelInitialize                       0x080056c9   Thumb Code    38  cmsis_os2.o(i.osKernelInitialize)
    osKernelStart                            0x080056f5   Thumb Code    82  cmsis_os2.o(i.osKernelStart)
    osThreadNew                              0x08005755   Thumb Code   184  cmsis_os2.o(i.osThreadNew)
    pvPortMalloc                             0x08006231   Thumb Code   306  heap_4.o(i.pvPortMalloc)
    pxPortInitialiseStack                    0x0800637d   Thumb Code    38  port.o(i.pxPortInitialiseStack)
    remote_control_init                      0x080063a9   Thumb Code    16  remote_control.o(i.remote_control_init)
    uxListRemove                             0x08006497   Thumb Code    40  list.o(i.uxListRemove)
    vApplicationGetIdleTaskMemory            0x080064c1   Thumb Code    14  cmsis_os2.o(i.vApplicationGetIdleTaskMemory)
    vApplicationGetTimerTaskMemory           0x080064d9   Thumb Code    16  cmsis_os2.o(i.vApplicationGetTimerTaskMemory)
    vListInitialise                          0x080064f1   Thumb Code    26  list.o(i.vListInitialise)
    vListInitialiseItem                      0x0800650b   Thumb Code     6  list.o(i.vListInitialiseItem)
    vListInsert                              0x08006511   Thumb Code    52  list.o(i.vListInsert)
    vListInsertEnd                           0x08006545   Thumb Code    24  list.o(i.vListInsertEnd)
    vPortEnterCritical                       0x0800655d   Thumb Code    76  port.o(i.vPortEnterCritical)
    vPortExitCritical                        0x080065b1   Thumb Code    56  port.o(i.vPortExitCritical)
    vPortFree                                0x080065ed   Thumb Code   150  heap_4.o(i.vPortFree)
    vPortSetupTimerInterrupt                 0x08006691   Thumb Code    36  port.o(i.vPortSetupTimerInterrupt)
    vPortValidateInterruptPriority           0x080066b9   Thumb Code   106  port.o(i.vPortValidateInterruptPriority)
    vQueueAddToRegistry                      0x08006731   Thumb Code    38  queue.o(i.vQueueAddToRegistry)
    vQueueWaitForMessageRestricted           0x0800675d   Thumb Code    74  queue.o(i.vQueueWaitForMessageRestricted)
    vTaskDelay                               0x080067a9   Thumb Code    82  tasks.o(i.vTaskDelay)
    vTaskInternalSetTimeOutState             0x08006805   Thumb Code    14  tasks.o(i.vTaskInternalSetTimeOutState)
    vTaskMissedYield                         0x0800681d   Thumb Code     8  tasks.o(i.vTaskMissedYield)
    vTaskPlaceOnEventList                    0x08006829   Thumb Code    52  tasks.o(i.vTaskPlaceOnEventList)
    vTaskPlaceOnEventListRestricted          0x08006861   Thumb Code    60  tasks.o(i.vTaskPlaceOnEventListRestricted)
    vTaskStartScheduler                      0x080068a1   Thumb Code   156  tasks.o(i.vTaskStartScheduler)
    vTaskSuspendAll                          0x08006959   Thumb Code    12  tasks.o(i.vTaskSuspendAll)
    vTaskSwitchContext                       0x08006969   Thumb Code   122  tasks.o(i.vTaskSwitchContext)
    xPortStartScheduler                      0x080069f9   Thumb Code   330  port.o(i.xPortStartScheduler)
    xPortSysTickHandler                      0x08006b61   Thumb Code    46  port.o(i.xPortSysTickHandler)
    xQueueGenericCreateStatic                0x08006b95   Thumb Code   224  queue.o(i.xQueueGenericCreateStatic)
    xQueueGenericReset                       0x08006c75   Thumb Code   146  queue.o(i.xQueueGenericReset)
    xQueueGenericSend                        0x08006d0d   Thumb Code   420  queue.o(i.xQueueGenericSend)
    xQueueGenericSendFromISR                 0x08006eb5   Thumb Code   252  queue.o(i.xQueueGenericSendFromISR)
    xQueueReceive                            0x08006fb1   Thumb Code   356  queue.o(i.xQueueReceive)
    xTaskCheckForTimeOut                     0x08007119   Thumb Code   132  tasks.o(i.xTaskCheckForTimeOut)
    xTaskCreate                              0x080071a5   Thumb Code   100  tasks.o(i.xTaskCreate)
    xTaskCreateStatic                        0x08007209   Thumb Code   186  tasks.o(i.xTaskCreateStatic)
    xTaskGetSchedulerState                   0x080072c5   Thumb Code    24  tasks.o(i.xTaskGetSchedulerState)
    xTaskGetTickCount                        0x080072e5   Thumb Code     6  tasks.o(i.xTaskGetTickCount)
    xTaskIncrementTick                       0x080072f1   Thumb Code   280  tasks.o(i.xTaskIncrementTick)
    xTaskPriorityDisinherit                  0x08007435   Thumb Code   152  tasks.o(i.xTaskPriorityDisinherit)
    xTaskRemoveFromEventList                 0x080074d9   Thumb Code   126  tasks.o(i.xTaskRemoveFromEventList)
    xTaskResumeAll                           0x08007571   Thumb Code   222  tasks.o(i.xTaskResumeAll)
    xTimerCreateTimerTask                    0x08007675   Thumb Code   100  timers.o(i.xTimerCreateTimerTask)
    xTimerGenericCommand                     0x080076ed   Thumb Code   128  timers.o(i.xTimerGenericCommand)
    __aeabi_d2f                              0x08007771   Thumb Code     0  d2f.o(x$fpl$d2f)
    _d2f                                     0x08007771   Thumb Code    98  d2f.o(x$fpl$d2f)
    __aeabi_dadd                             0x080077d5   Thumb Code     0  daddsub_clz.o(x$fpl$dadd)
    _dadd                                    0x080077d5   Thumb Code   332  daddsub_clz.o(x$fpl$dadd)
    __fpl_dcmp_Inf                           0x08007925   Thumb Code    24  dcmpi.o(x$fpl$dcmpinf)
    __aeabi_d2iz                             0x0800793d   Thumb Code     0  dfix.o(x$fpl$dfix)
    _dfix                                    0x0800793d   Thumb Code    94  dfix.o(x$fpl$dfix)
    __aeabi_i2d                              0x0800799b   Thumb Code     0  dflt_clz.o(x$fpl$dflt)
    _dflt                                    0x0800799b   Thumb Code    46  dflt_clz.o(x$fpl$dflt)
    __aeabi_ui2d                             0x080079c9   Thumb Code     0  dflt_clz.o(x$fpl$dfltu)
    _dfltu                                   0x080079c9   Thumb Code    38  dflt_clz.o(x$fpl$dfltu)
    __aeabi_cdcmple                          0x080079f1   Thumb Code     0  dleqf.o(x$fpl$dleqf)
    _dcmple                                  0x080079f1   Thumb Code   120  dleqf.o(x$fpl$dleqf)
    __fpl_dcmple_InfNaN                      0x08007a53   Thumb Code     0  dleqf.o(x$fpl$dleqf)
    __aeabi_dmul                             0x08007a69   Thumb Code     0  dmul.o(x$fpl$dmul)
    _dmul                                    0x08007a69   Thumb Code   332  dmul.o(x$fpl$dmul)
    __fpl_dnaninf                            0x08007bbd   Thumb Code   156  dnaninf.o(x$fpl$dnaninf)
    __fpl_dretinf                            0x08007c59   Thumb Code    12  dretinf.o(x$fpl$dretinf)
    __aeabi_dsub                             0x08007c65   Thumb Code     0  daddsub_clz.o(x$fpl$dsub)
    _dsub                                    0x08007c65   Thumb Code   464  daddsub_clz.o(x$fpl$dsub)
    __aeabi_f2d                              0x08007e39   Thumb Code     0  f2d.o(x$fpl$f2d)
    _f2d                                     0x08007e39   Thumb Code    86  f2d.o(x$fpl$f2d)
    __fpl_fnaninf                            0x08007e8f   Thumb Code   140  fnaninf.o(x$fpl$fnaninf)
    _fp_init                                 0x08007f1b   Thumb Code    10  fpinit.o(x$fpl$fpinit)
    __fplib_config_fpu_vfp                   0x08007f23   Thumb Code     0  fpinit.o(x$fpl$fpinit)
    __fplib_config_pureend_doubles           0x08007f23   Thumb Code     0  fpinit.o(x$fpl$fpinit)
    __fpl_fretinf                            0x08007f25   Thumb Code    10  fretinf.o(x$fpl$fretinf)
    __I$use$fp                               0x08007f2e   Number         0  usenofp.o(x$fpl$usenofp)
    defaultTask_attributes                   0x08007f30   Data          36  freertos.o(.constdata)
    Kinematics_attributes                    0x08007f54   Data          36  freertos.o(.constdata)
    Message_attributes                       0x08007f78   Data          36  freertos.o(.constdata)
    LED_attributes                           0x08007f9c   Data          36  freertos.o(.constdata)
    AHBPrescTable                            0x08007fc8   Data          16  system_stm32f4xx.o(.constdata)
    APBPrescTable                            0x08007fd8   Data           8  system_stm32f4xx.o(.constdata)
    Region$$Table$$Base                      0x08008044   Number         0  anon$$obj.o(Region$$Table)
    Region$$Table$$Limit                     0x08008064   Number         0  anon$$obj.o(Region$$Table)
    SHT$$INIT_ARRAY$$Base                    0x08008064   Number         0  kinematics_task.o(.init_array)
    SHT$$INIT_ARRAY$$Limit                   0x0800806c   Number         0  init_aeabi.o(.init_array)
    defaultTaskHandle                        0x20000000   Data           4  freertos.o(.data)
    KinematicsHandle                         0x20000004   Data           4  freertos.o(.data)
    MessageHandle                            0x20000008   Data           4  freertos.o(.data)
    LEDHandle                                0x2000000c   Data           4  freertos.o(.data)
    uwTick                                   0x20000014   Data           4  stm32f4xx_hal.o(.data)
    uwTickPrio                               0x20000018   Data           4  stm32f4xx_hal.o(.data)
    uwTickFreq                               0x2000001c   Data           1  stm32f4xx_hal.o(.data)
    SystemCoreClock                          0x20000020   Data           4  system_stm32f4xx.o(.data)
    pxCurrentTCB                             0x20000024   Data           4  tasks.o(.data)
    InitGroup                                0x200000a8   Data          16  kinematics_task.o(.data)
    AirCatchGroup                            0x200000b8   Data          16  kinematics_task.o(.data)
    PutBackGroup                             0x200000c8   Data          16  kinematics_task.o(.data)
    CatchGroundGroup                         0x200000d8   Data          16  kinematics_task.o(.data)
    CatchMidGroup                            0x200000e8   Data          16  kinematics_task.o(.data)
    StopGroup                                0x200000f8   Data          16  kinematics_task.o(.data)
    stop                                     0x20000108   Data          16  kinematics_task.o(.data)
    kinematics_flag                          0x20000118   Data           1  kinematics_task.o(.data)
    pos                                      0x2000011c   Data           4  kinematics_task.o(.data)
    vel                                      0x20000120   Data           2  kinematics_task.o(.data)
    pos16t                                   0x20000122   Data           2  kinematics_task.o(.data)
    vel16t                                   0x20000124   Data           2  kinematics_task.o(.data)
    cmdSAt                                   0x20000126   Data           1  kinematics_task.o(.data)
    cmdMAt                                   0x20000127   Data           1  kinematics_task.o(.data)
    cmdAct                                   0x20000128   Data           1  kinematics_task.o(.data)
    accle                                    0x2000012c   Data           4  kinematics_task.o(.data)
    Message_flag                             0x20000131   Data           1  message_task.o(.data)
    errorcan                                 0x20000134   Data           2  app_motor.o(.data)
    hcan1                                    0x20000144   Data          40  can.o(.bss)
    hcan2                                    0x2000016c   Data          40  can.o(.bss)
    htim1                                    0x20000194   Data          72  tim.o(.bss)
    htim5                                    0x200001dc   Data          72  tim.o(.bss)
    htim8                                    0x20000224   Data          72  tim.o(.bss)
    hdma_tim8_ch2                            0x2000026c   Data          96  tim.o(.bss)
    huart1                                   0x200002cc   Data          68  usart.o(.bss)
    huart3                                   0x20000310   Data          68  usart.o(.bss)
    huart6                                   0x20000354   Data          68  usart.o(.bss)
    hdma_usart3_rx                           0x20000398   Data          96  usart.o(.bss)
    xQueueRegistry                           0x200003f8   Data          64  queue.o(.bss)
    Armcontrol                               0x20004ccc   Data         412  kinematics_task.o(.bss)
    message_bag                              0x20004e68   Data         128  message_task.o(.bss)
    mgmotor                                  0x20004ee8   Data          48  app_motor.o(.bss)
    Arm                                      0x20004f18   Data         128  app_motor.o(.bss)
    rc_ctrl                                  0x20009768   Data          22  remote_control.o(.bss)
    __libspace_start                         0x200097c8   Data          96  libspace.o(.bss)
    __temporary_stack_top$libspace           0x20009828   Data           0  libspace.o(.bss)



==============================================================================

Memory Map of the image

  Image Entry point : 0x08000189

  Load Region LR_IROM1 (Base: 0x08000000, Size: 0x000081b0, Max: 0x00100000, ABSOLUTE, COMPRESSED[0x000080b4])

    Execution Region ER_IROM1 (Exec base: 0x08000000, Load base: 0x08000000, Size: 0x0000806c, Max: 0x00100000, ABSOLUTE)

    Exec Addr    Load Addr    Size         Type   Attr      Idx    E Section Name        Object

    0x08000000   0x08000000   0x00000188   Data   RO            3    RESET               startup_stm32f407xx.o
    0x08000188   0x08000188   0x00000008   Code   RO         6150  * !!!main             c_w.l(__main.o)
    0x08000190   0x08000190   0x00000034   Code   RO         6432    !!!scatter          c_w.l(__scatter.o)
    0x080001c4   0x080001c4   0x0000005a   Code   RO         6430    !!dczerorl2         c_w.l(__dczerorl2.o)
    0x0800021e   0x0800021e   0x00000002   PAD
    0x08000220   0x08000220   0x0000001c   Code   RO         6434    !!handler_zi        c_w.l(__scatter_zi.o)
    0x0800023c   0x0800023c   0x00000002   Code   RO         6354    .ARM.Collect$$libinit$$00000000  c_w.l(libinit.o)
    0x0800023e   0x0800023e   0x00000004   Code   RO         6231    .ARM.Collect$$libinit$$00000001  c_w.l(libinit2.o)
    0x08000242   0x08000242   0x00000000   Code   RO         6234    .ARM.Collect$$libinit$$00000004  c_w.l(libinit2.o)
    0x08000242   0x08000242   0x00000000   Code   RO         6237    .ARM.Collect$$libinit$$0000000A  c_w.l(libinit2.o)
    0x08000242   0x08000242   0x00000000   Code   RO         6239    .ARM.Collect$$libinit$$0000000C  c_w.l(libinit2.o)
    0x08000242   0x08000242   0x00000000   Code   RO         6241    .ARM.Collect$$libinit$$0000000E  c_w.l(libinit2.o)
    0x08000242   0x08000242   0x00000000   Code   RO         6244    .ARM.Collect$$libinit$$00000011  c_w.l(libinit2.o)
    0x08000242   0x08000242   0x00000000   Code   RO         6246    .ARM.Collect$$libinit$$00000013  c_w.l(libinit2.o)
    0x08000242   0x08000242   0x00000000   Code   RO         6248    .ARM.Collect$$libinit$$00000015  c_w.l(libinit2.o)
    0x08000242   0x08000242   0x00000000   Code   RO         6250    .ARM.Collect$$libinit$$00000017  c_w.l(libinit2.o)
    0x08000242   0x08000242   0x00000000   Code   RO         6252    .ARM.Collect$$libinit$$00000019  c_w.l(libinit2.o)
    0x08000242   0x08000242   0x00000000   Code   RO         6254    .ARM.Collect$$libinit$$0000001B  c_w.l(libinit2.o)
    0x08000242   0x08000242   0x00000000   Code   RO         6256    .ARM.Collect$$libinit$$0000001D  c_w.l(libinit2.o)
    0x08000242   0x08000242   0x00000000   Code   RO         6258    .ARM.Collect$$libinit$$0000001F  c_w.l(libinit2.o)
    0x08000242   0x08000242   0x00000000   Code   RO         6260    .ARM.Collect$$libinit$$00000021  c_w.l(libinit2.o)
    0x08000242   0x08000242   0x00000000   Code   RO         6262    .ARM.Collect$$libinit$$00000023  c_w.l(libinit2.o)
    0x08000242   0x08000242   0x00000000   Code   RO         6264    .ARM.Collect$$libinit$$00000025  c_w.l(libinit2.o)
    0x08000242   0x08000242   0x00000000   Code   RO         6268    .ARM.Collect$$libinit$$0000002C  c_w.l(libinit2.o)
    0x08000242   0x08000242   0x00000000   Code   RO         6270    .ARM.Collect$$libinit$$0000002E  c_w.l(libinit2.o)
    0x08000242   0x08000242   0x00000000   Code   RO         6272    .ARM.Collect$$libinit$$00000030  c_w.l(libinit2.o)
    0x08000242   0x08000242   0x00000004   Code   RO         6273    .ARM.Collect$$libinit$$00000031  c_w.l(libinit2.o)
    0x08000246   0x08000246   0x00000000   Code   RO         6274    .ARM.Collect$$libinit$$00000032  c_w.l(libinit2.o)
    0x08000246   0x08000246   0x00000002   Code   RO         6275    .ARM.Collect$$libinit$$00000033  c_w.l(libinit2.o)
    0x08000248   0x08000248   0x00000002   Code   RO         6395    .ARM.Collect$$libshutdown$$00000000  c_w.l(libshutdown.o)
    0x0800024a   0x0800024a   0x00000000   Code   RO         6411    .ARM.Collect$$libshutdown$$00000002  c_w.l(libshutdown2.o)
    0x0800024a   0x0800024a   0x00000000   Code   RO         6413    .ARM.Collect$$libshutdown$$00000004  c_w.l(libshutdown2.o)
    0x0800024a   0x0800024a   0x00000000   Code   RO         6415    .ARM.Collect$$libshutdown$$00000006  c_w.l(libshutdown2.o)
    0x0800024a   0x0800024a   0x00000000   Code   RO         6418    .ARM.Collect$$libshutdown$$00000009  c_w.l(libshutdown2.o)
    0x0800024a   0x0800024a   0x00000000   Code   RO         6421    .ARM.Collect$$libshutdown$$0000000C  c_w.l(libshutdown2.o)
    0x0800024a   0x0800024a   0x00000000   Code   RO         6423    .ARM.Collect$$libshutdown$$0000000E  c_w.l(libshutdown2.o)
    0x0800024a   0x0800024a   0x00000000   Code   RO         6426    .ARM.Collect$$libshutdown$$00000011  c_w.l(libshutdown2.o)
    0x0800024a   0x0800024a   0x00000002   Code   RO         6427    .ARM.Collect$$libshutdown$$00000012  c_w.l(libshutdown2.o)
    0x0800024c   0x0800024c   0x00000000   Code   RO         6220    .ARM.Collect$$rtentry$$00000000  c_w.l(__rtentry.o)
    0x0800024c   0x0800024c   0x00000000   Code   RO         6309    .ARM.Collect$$rtentry$$00000002  c_w.l(__rtentry2.o)
    0x0800024c   0x0800024c   0x00000006   Code   RO         6321    .ARM.Collect$$rtentry$$00000004  c_w.l(__rtentry4.o)
    0x08000252   0x08000252   0x00000000   Code   RO         6311    .ARM.Collect$$rtentry$$00000009  c_w.l(__rtentry2.o)
    0x08000252   0x08000252   0x00000004   Code   RO         6312    .ARM.Collect$$rtentry$$0000000A  c_w.l(__rtentry2.o)
    0x08000256   0x08000256   0x00000000   Code   RO         6314    .ARM.Collect$$rtentry$$0000000C  c_w.l(__rtentry2.o)
    0x08000256   0x08000256   0x00000008   Code   RO         6315    .ARM.Collect$$rtentry$$0000000D  c_w.l(__rtentry2.o)
    0x0800025e   0x0800025e   0x00000002   Code   RO         6357    .ARM.Collect$$rtexit$$00000000  c_w.l(rtexit.o)
    0x08000260   0x08000260   0x00000000   Code   RO         6377    .ARM.Collect$$rtexit$$00000002  c_w.l(rtexit2.o)
    0x08000260   0x08000260   0x00000004   Code   RO         6378    .ARM.Collect$$rtexit$$00000003  c_w.l(rtexit2.o)
    0x08000264   0x08000264   0x00000006   Code   RO         6379    .ARM.Collect$$rtexit$$00000004  c_w.l(rtexit2.o)
    0x0800026a   0x0800026a   0x00000002   PAD
    0x0800026c   0x0800026c   0x000000be   Code   RO         5135    .emb_text           port.o
    0x0800032a   0x0800032a   0x00000002   PAD
    0x0800032c   0x0800032c   0x00000040   Code   RO            4    .text               startup_stm32f407xx.o
    0x0800036c   0x0800036c   0x000000ee   Code   RO         6138    .text               c_w.l(lludivv7m.o)
    0x0800045a   0x0800045a   0x0000008a   Code   RO         6140    .text               c_w.l(rt_memcpy_v6.o)
    0x080004e4   0x080004e4   0x00000010   Code   RO         6144    .text               c_w.l(aeabi_memset.o)
    0x080004f4   0x080004f4   0x0000004e   Code   RO         6146    .text               c_w.l(rt_memclr_w.o)
    0x08000542   0x08000542   0x00000006   Code   RO         6148    .text               c_w.l(heapauxi.o)
    0x08000548   0x08000548   0x00000024   Code   RO         6155    .text               c_w.l(init_aeabi.o)
    0x0800056c   0x0800056c   0x00000064   Code   RO         6227    .text               c_w.l(rt_memcpy_w.o)
    0x080005d0   0x080005d0   0x00000044   Code   RO         6229    .text               c_w.l(rt_memclr.o)
    0x08000614   0x08000614   0x00000008   Code   RO         6334    .text               c_w.l(libspace.o)
    0x0800061c   0x0800061c   0x0000004a   Code   RO         6337    .text               c_w.l(sys_stackheap_outer.o)
    0x08000666   0x08000666   0x00000012   Code   RO         6339    .text               c_w.l(exit.o)
    0x08000678   0x08000678   0x0000000c   Code   RO         6371    .text               c_w.l(sys_exit.o)
    0x08000684   0x08000684   0x00000002   Code   RO         6373    .text               c_w.l(use_no_semi.o)
    0x08000686   0x08000686   0x00000000   Code   RO         6375    .text               c_w.l(indicate_semi.o)
    0x08000686   0x08000686   0x00000004   Code   RO          490    i.BusFault_Handler  stm32f4xx_it.o
    0x0800068a   0x0800068a   0x00000002   PAD
    0x0800068c   0x0800068c   0x00000010   Code   RO          491    i.CAN1_RX0_IRQHandler  stm32f4xx_it.o
    0x0800069c   0x0800069c   0x00000010   Code   RO          492    i.CAN2_RX0_IRQHandler  stm32f4xx_it.o
    0x080006ac   0x080006ac   0x00000010   Code   RO          493    i.DMA1_Stream1_IRQHandler  stm32f4xx_it.o
    0x080006bc   0x080006bc   0x00000010   Code   RO          494    i.DMA2_Stream3_IRQHandler  stm32f4xx_it.o
    0x080006cc   0x080006cc   0x00000034   Code   RO         1346    i.DMA_CalcBaseAndBitshift  stm32f4xx_hal_dma.o
    0x08000700   0x08000700   0x000000aa   Code   RO         1347    i.DMA_CheckFifoParam  stm32f4xx_hal_dma.o
    0x080007aa   0x080007aa   0x0000002c   Code   RO         1348    i.DMA_SetConfig     stm32f4xx_hal_dma.o
    0x080007d6   0x080007d6   0x00000002   Code   RO          495    i.DebugMon_Handler  stm32f4xx_it.o
    0x080007d8   0x080007d8   0x00000006   Code   RO           13    i.Error_Handler     main.o
    0x080007de   0x080007de   0x0000002a   Code   RO          609    i.HAL_CAN_ActivateNotification  stm32f4xx_hal_can.o
    0x08000808   0x08000808   0x00000156   Code   RO          610    i.HAL_CAN_AddTxMessage  stm32f4xx_hal_can.o
    0x0800095e   0x0800095e   0x00000002   PAD
    0x08000960   0x08000960   0x00000124   Code   RO          611    i.HAL_CAN_ConfigFilter  stm32f4xx_hal_can.o
    0x08000a84   0x08000a84   0x00000002   Code   RO          614    i.HAL_CAN_ErrorCallback  stm32f4xx_hal_can.o
    0x08000a86   0x08000a86   0x0000017a   Code   RO          617    i.HAL_CAN_GetRxMessage  stm32f4xx_hal_can.o
    0x08000c00   0x08000c00   0x0000024e   Code   RO          621    i.HAL_CAN_IRQHandler  stm32f4xx_hal_can.o
    0x08000e4e   0x08000e4e   0x00000174   Code   RO          622    i.HAL_CAN_Init      stm32f4xx_hal_can.o
    0x08000fc2   0x08000fc2   0x00000002   PAD
    0x08000fc4   0x08000fc4   0x00000160   Code   RO          286    i.HAL_CAN_MspInit   can.o
    0x08001124   0x08001124   0x00000002   Code   RO          629    i.HAL_CAN_RxFifo0FullCallback  stm32f4xx_hal_can.o
    0x08001126   0x08001126   0x00000002   PAD
    0x08001128   0x08001128   0x00000358   Code   RO         5680    i.HAL_CAN_RxFifo0MsgPendingCallback  app_motor.o
    0x08001480   0x08001480   0x00000002   Code   RO          631    i.HAL_CAN_RxFifo1FullCallback  stm32f4xx_hal_can.o
    0x08001482   0x08001482   0x00000002   Code   RO          632    i.HAL_CAN_RxFifo1MsgPendingCallback  stm32f4xx_hal_can.o
    0x08001484   0x08001484   0x00000002   Code   RO          633    i.HAL_CAN_SleepCallback  stm32f4xx_hal_can.o
    0x08001486   0x08001486   0x0000005e   Code   RO          634    i.HAL_CAN_Start     stm32f4xx_hal_can.o
    0x080014e4   0x080014e4   0x00000002   Code   RO          636    i.HAL_CAN_TxMailbox0AbortCallback  stm32f4xx_hal_can.o
    0x080014e6   0x080014e6   0x00000002   Code   RO          637    i.HAL_CAN_TxMailbox0CompleteCallback  stm32f4xx_hal_can.o
    0x080014e8   0x080014e8   0x00000002   Code   RO          638    i.HAL_CAN_TxMailbox1AbortCallback  stm32f4xx_hal_can.o
    0x080014ea   0x080014ea   0x00000002   Code   RO          639    i.HAL_CAN_TxMailbox1CompleteCallback  stm32f4xx_hal_can.o
    0x080014ec   0x080014ec   0x00000002   Code   RO          640    i.HAL_CAN_TxMailbox2AbortCallback  stm32f4xx_hal_can.o
    0x080014ee   0x080014ee   0x00000002   Code   RO          641    i.HAL_CAN_TxMailbox2CompleteCallback  stm32f4xx_hal_can.o
    0x080014f0   0x080014f0   0x00000002   Code   RO          643    i.HAL_CAN_WakeUpFromRxMsgCallback  stm32f4xx_hal_can.o
    0x080014f2   0x080014f2   0x000000ac   Code   RO         1349    i.HAL_DMA_Abort     stm32f4xx_hal_dma.o
    0x0800159e   0x0800159e   0x00000028   Code   RO         1350    i.HAL_DMA_Abort_IT  stm32f4xx_hal_dma.o
    0x080015c6   0x080015c6   0x00000002   PAD
    0x080015c8   0x080015c8   0x00000240   Code   RO         1354    i.HAL_DMA_IRQHandler  stm32f4xx_hal_dma.o
    0x08001808   0x08001808   0x000000ec   Code   RO         1355    i.HAL_DMA_Init      stm32f4xx_hal_dma.o
    0x080018f4   0x080018f4   0x00000092   Code   RO         1359    i.HAL_DMA_Start_IT  stm32f4xx_hal_dma.o
    0x08001986   0x08001986   0x00000002   PAD
    0x08001988   0x08001988   0x000001f4   Code   RO         1242    i.HAL_GPIO_Init     stm32f4xx_hal_gpio.o
    0x08001b7c   0x08001b7c   0x0000000c   Code   RO         1246    i.HAL_GPIO_WritePin  stm32f4xx_hal_gpio.o
    0x08001b88   0x08001b88   0x0000000c   Code   RO         1779    i.HAL_GetTick       stm32f4xx_hal.o
    0x08001b94   0x08001b94   0x00000018   Code   RO         1785    i.HAL_IncTick       stm32f4xx_hal.o
    0x08001bac   0x08001bac   0x0000003c   Code   RO         1786    i.HAL_Init          stm32f4xx_hal.o
    0x08001be8   0x08001be8   0x0000004c   Code   RO         1787    i.HAL_InitTick      stm32f4xx_hal.o
    0x08001c34   0x08001c34   0x00000054   Code   RO          584    i.HAL_MspInit       stm32f4xx_hal_msp.o
    0x08001c88   0x08001c88   0x00000020   Code   RO         1631    i.HAL_NVIC_EnableIRQ  stm32f4xx_hal_cortex.o
    0x08001ca8   0x08001ca8   0x0000007c   Code   RO         1637    i.HAL_NVIC_SetPriority  stm32f4xx_hal_cortex.o
    0x08001d24   0x08001d24   0x00000028   Code   RO         1638    i.HAL_NVIC_SetPriorityGrouping  stm32f4xx_hal_cortex.o
    0x08001d4c   0x08001d4c   0x00000184   Code   RO          843    i.HAL_RCC_ClockConfig  stm32f4xx_hal_rcc.o
    0x08001ed0   0x08001ed0   0x0000000c   Code   RO          848    i.HAL_RCC_GetHCLKFreq  stm32f4xx_hal_rcc.o
    0x08001edc   0x08001edc   0x00000020   Code   RO          850    i.HAL_RCC_GetPCLK1Freq  stm32f4xx_hal_rcc.o
    0x08001efc   0x08001efc   0x00000020   Code   RO          851    i.HAL_RCC_GetPCLK2Freq  stm32f4xx_hal_rcc.o
    0x08001f1c   0x08001f1c   0x000000b0   Code   RO          852    i.HAL_RCC_GetSysClockFreq  stm32f4xx_hal_rcc.o
    0x08001fcc   0x08001fcc   0x0000049c   Code   RO          855    i.HAL_RCC_OscConfig  stm32f4xx_hal_rcc.o
    0x08002468   0x08002468   0x00000034   Code   RO         1642    i.HAL_SYSTICK_Config  stm32f4xx_hal_cortex.o
    0x0800249c   0x0800249c   0x00000074   Code   RO         2744    i.HAL_TIMEx_ConfigBreakDeadTime  stm32f4xx_hal_tim_ex.o
    0x08002510   0x08002510   0x000000b4   Code   RO         2760    i.HAL_TIMEx_MasterConfigSynchronization  stm32f4xx_hal_tim_ex.o
    0x080025c4   0x080025c4   0x00000066   Code   RO         2026    i.HAL_TIM_Base_Init  stm32f4xx_hal_tim.o
    0x0800262a   0x0800262a   0x00000002   PAD
    0x0800262c   0x0800262c   0x000000b0   Code   RO          365    i.HAL_TIM_Base_MspInit  tim.o
    0x080026dc   0x080026dc   0x0000009c   Code   RO         2029    i.HAL_TIM_Base_Start  stm32f4xx_hal_tim.o
    0x08002778   0x08002778   0x0000010c   Code   RO         2035    i.HAL_TIM_ConfigClockSource  stm32f4xx_hal_tim.o
    0x08002884   0x08002884   0x00000002   Code   RO         2056    i.HAL_TIM_ErrorCallback  stm32f4xx_hal_tim.o
    0x08002886   0x08002886   0x00000002   PAD
    0x08002888   0x08002888   0x000000fc   Code   RO          366    i.HAL_TIM_MspPostInit  tim.o
    0x08002984   0x08002984   0x00000104   Code   RO         2098    i.HAL_TIM_PWM_ConfigChannel  stm32f4xx_hal_tim.o
    0x08002a88   0x08002a88   0x00000066   Code   RO         2101    i.HAL_TIM_PWM_Init  stm32f4xx_hal_tim.o
    0x08002aee   0x08002aee   0x00000002   PAD
    0x08002af0   0x08002af0   0x00000034   Code   RO          368    i.HAL_TIM_PWM_MspInit  tim.o
    0x08002b24   0x08002b24   0x00000002   Code   RO         2104    i.HAL_TIM_PWM_PulseFinishedCallback  stm32f4xx_hal_tim.o
    0x08002b26   0x08002b26   0x00000002   Code   RO         2105    i.HAL_TIM_PWM_PulseFinishedHalfCpltCallback  stm32f4xx_hal_tim.o
    0x08002b28   0x08002b28   0x0000010c   Code   RO         2106    i.HAL_TIM_PWM_Start  stm32f4xx_hal_tim.o
    0x08002c34   0x08002c34   0x00000248   Code   RO         2107    i.HAL_TIM_PWM_Start_DMA  stm32f4xx_hal_tim.o
    0x08002e7c   0x08002e7c   0x00000002   Code   RO         3019    i.HAL_UARTEx_RxEventCallback  stm32f4xx_hal_uart.o
    0x08002e7e   0x08002e7e   0x00000002   Code   RO         3033    i.HAL_UART_ErrorCallback  stm32f4xx_hal_uart.o
    0x08002e80   0x08002e80   0x000002e0   Code   RO         3036    i.HAL_UART_IRQHandler  stm32f4xx_hal_uart.o
    0x08003160   0x08003160   0x00000072   Code   RO         3037    i.HAL_UART_Init     stm32f4xx_hal_uart.o
    0x080031d2   0x080031d2   0x00000002   PAD
    0x080031d4   0x080031d4   0x00000220   Code   RO          437    i.HAL_UART_MspInit  usart.o
    0x080033f4   0x080033f4   0x00000002   Code   RO         3043    i.HAL_UART_RxCpltCallback  stm32f4xx_hal_uart.o
    0x080033f6   0x080033f6   0x00000002   Code   RO         3048    i.HAL_UART_TxCpltCallback  stm32f4xx_hal_uart.o
    0x080033f8   0x080033f8   0x00000004   Code   RO          496    i.HardFault_Handler  stm32f4xx_it.o
    0x080033fc   0x080033fc   0x00000048   Code   RO         5215    i.Kinematics_task   kinematics_task.o
    0x08003444   0x08003444   0x00000028   Code   RO          233    i.Led_task          freertos.o
    0x0800346c   0x0800346c   0x00000048   Code   RO          287    i.MX_CAN1_Init      can.o
    0x080034b4   0x080034b4   0x00000048   Code   RO          288    i.MX_CAN2_Init      can.o
    0x080034fc   0x080034fc   0x00000068   Code   RO          340    i.MX_DMA_Init       dma.o
    0x08003564   0x08003564   0x0000006c   Code   RO          234    i.MX_FREERTOS_Init  freertos.o
    0x080035d0   0x080035d0   0x00000144   Code   RO          209    i.MX_GPIO_Init      gpio.o
    0x08003714   0x08003714   0x000000c4   Code   RO          369    i.MX_TIM1_Init      tim.o
    0x080037d8   0x080037d8   0x000000c8   Code   RO          370    i.MX_TIM5_Init      tim.o
    0x080038a0   0x080038a0   0x000000d4   Code   RO          371    i.MX_TIM8_Init      tim.o
    0x08003974   0x08003974   0x00000038   Code   RO          438    i.MX_USART1_UART_Init  usart.o
    0x080039ac   0x080039ac   0x00000038   Code   RO          439    i.MX_USART3_UART_Init  usart.o
    0x080039e4   0x080039e4   0x00000038   Code   RO          440    i.MX_USART6_UART_Init  usart.o
    0x08003a1c   0x08003a1c   0x00000004   Code   RO          497    i.MemManage_Handler  stm32f4xx_it.o
    0x08003a20   0x08003a20   0x0000003c   Code   RO         5512    i.Message_task      message_task.o
    0x08003a5c   0x08003a5c   0x00000004   Code   RO          498    i.NMI_Handler       stm32f4xx_it.o
    0x08003a60   0x08003a60   0x0000009c   Code   RO         6102    i.RC_Init           bsp_rc.o
    0x08003afc   0x08003afc   0x0000000a   Code   RO          235    i.StartDefaultTask  freertos.o
    0x08003b06   0x08003b06   0x00000014   Code   RO          499    i.SysTick_Handler   stm32f4xx_it.o
    0x08003b1a   0x08003b1a   0x00000002   PAD
    0x08003b1c   0x08003b1c   0x000000b4   Code   RO           14    i.SystemClock_Config  main.o
    0x08003bd0   0x08003bd0   0x00000014   Code   RO         3376    i.SystemInit        system_stm32f4xx.o
    0x08003be4   0x08003be4   0x000000d8   Code   RO         2119    i.TIM_Base_SetConfig  stm32f4xx_hal_tim.o
    0x08003cbc   0x08003cbc   0x00000022   Code   RO         2120    i.TIM_CCxChannelCmd  stm32f4xx_hal_tim.o
    0x08003cde   0x08003cde   0x00000068   Code   RO         2123    i.TIM_DMADelayPulseCplt  stm32f4xx_hal_tim.o
    0x08003d46   0x08003d46   0x00000040   Code   RO         2124    i.TIM_DMADelayPulseHalfCplt  stm32f4xx_hal_tim.o
    0x08003d86   0x08003d86   0x0000005e   Code   RO         2125    i.TIM_DMAError      stm32f4xx_hal_tim.o
    0x08003de4   0x08003de4   0x00000016   Code   RO         2130    i.TIM_ETR_SetConfig  stm32f4xx_hal_tim.o
    0x08003dfa   0x08003dfa   0x00000012   Code   RO         2131    i.TIM_ITRx_SetConfig  stm32f4xx_hal_tim.o
    0x08003e0c   0x08003e0c   0x00000070   Code   RO         2132    i.TIM_OC1_SetConfig  stm32f4xx_hal_tim.o
    0x08003e7c   0x08003e7c   0x0000007c   Code   RO         2133    i.TIM_OC2_SetConfig  stm32f4xx_hal_tim.o
    0x08003ef8   0x08003ef8   0x00000078   Code   RO         2134    i.TIM_OC3_SetConfig  stm32f4xx_hal_tim.o
    0x08003f70   0x08003f70   0x00000054   Code   RO         2135    i.TIM_OC4_SetConfig  stm32f4xx_hal_tim.o
    0x08003fc4   0x08003fc4   0x00000026   Code   RO         2137    i.TIM_TI1_ConfigInputStage  stm32f4xx_hal_tim.o
    0x08003fea   0x08003fea   0x00000028   Code   RO         2139    i.TIM_TI2_ConfigInputStage  stm32f4xx_hal_tim.o
    0x08004012   0x08004012   0x00000014   Code   RO         3050    i.UART_DMAAbortOnError  stm32f4xx_hal_uart.o
    0x08004026   0x08004026   0x0000006c   Code   RO         3060    i.UART_EndRxTransfer  stm32f4xx_hal_uart.o
    0x08004092   0x08004092   0x00000020   Code   RO         3061    i.UART_EndTransmit_IT  stm32f4xx_hal_uart.o
    0x080040b2   0x080040b2   0x000000f8   Code   RO         3063    i.UART_Receive_IT   stm32f4xx_hal_uart.o
    0x080041aa   0x080041aa   0x00000002   PAD
    0x080041ac   0x080041ac   0x0000022c   Code   RO         3064    i.UART_SetConfig    stm32f4xx_hal_uart.o
    0x080043d8   0x080043d8   0x00000060   Code   RO         3067    i.UART_Transmit_IT  stm32f4xx_hal_uart.o
    0x08004438   0x08004438   0x00000010   Code   RO          500    i.USART1_IRQHandler  stm32f4xx_it.o
    0x08004448   0x08004448   0x00000124   Code   RO         6026    i.USART3_IRQHandler  remote_control.o
    0x0800456c   0x0800456c   0x00000004   Code   RO          501    i.UsageFault_Handler  stm32f4xx_it.o
    0x08004570   0x08004570   0x00000008   Code   RO         5970    i.WS2812_INIT       rgb.o
    0x08004578   0x08004578   0x0000001c   Code   RO         5971    i.WS2812_REFRESH    rgb.o
    0x08004594   0x08004594   0x0000001a   Code   RO         5972    i.WS2812_SET_DARK   rgb.o
    0x080045ae   0x080045ae   0x00000002   PAD
    0x080045b0   0x080045b0   0x0000009c   Code   RO         5973    i.WS2812_SET_HSV    rgb.o
    0x0800464c   0x0800464c   0x0000007c   Code   RO         5974    i.WS2812_SET_RGB    rgb.o
    0x080046c8   0x080046c8   0x00000050   Code   RO         5682    i._Z11start_motort  app_motor.o
    0x08004718   0x08004718   0x0000001c   Code   RO         5513    i._Z12System_Resetv  message_task.o
    0x08004734   0x08004734   0x00000060   Code   RO         5683    i._Z13ctrl_motor_pvtff  app_motor.o
    0x08004794   0x08004794   0x00000034   Code   RO         5685    i._Z13uint_to_floatiffi  app_motor.o
    0x080047c8   0x080047c8   0x000000b2   Code   RO         5514    i._ZN11Message_bag10ARMControlEv  message_task.o
    0x0800487a   0x0800487a   0x00000002   PAD
    0x0800487c   0x0800487c   0x00000100   Code   RO         5515    i._ZN11Message_bag12Message_SendEv  message_task.o
    0x0800497c   0x0800497c   0x00000174   Code   RO         5516    i._ZN11Message_bag13image_controlEv  message_task.o
    0x08004af0   0x08004af0   0x00000028   Code   RO         5518    i._ZN11Message_bag15Messag_bag_InitEv  message_task.o
    0x08004b18   0x08004b18   0x00000236   Code   RO         5521    i._ZN11Message_bag16PC_to_robotstateEv  message_task.o
    0x08004d4e   0x08004d4e   0x0000000c   Code   RO         5523    i._ZN11Message_bag21Operate_to_robotstateEv  message_task.o
    0x08004d5a   0x08004d5a   0x00000040   Code   RO         5653    i._ZN11Message_bagC1Ev  message_task.o
    0x08004d9a   0x08004d9a   0x00000002   PAD
    0x08004d9c   0x08004d9c   0x00000078   Code   RO         5216    i._ZN15ArmControl_base10ArmControlEPf  kinematics_task.o
    0x08004e14   0x08004e14   0x0000000c   Code   RO         5217    i._ZN15ArmControl_base12ArmModeGoingEv  kinematics_task.o
    0x08004e20   0x08004e20   0x00000428   Code   RO         5219    i._ZN15ArmControl_base12PCArmContorlEv  kinematics_task.o
    0x08005248   0x08005248   0x00000060   Code   RO         5222    i._ZN15ArmControl_baseC1Ev  kinematics_task.o
    0x080052a8   0x080052a8   0x00000040   Code   RO         5528    i._ZN3key11key_num_sumEhP5key_t  message_task.o
    0x080052e8   0x080052e8   0x00000012   Code   RO         5529    i._ZN3key14key_long_pressEhP5key_t  message_task.o
    0x080052fa   0x080052fa   0x00000008   Code   RO         5530    i._ZN3key9key_clearEP5key_t  message_task.o
    0x08005302   0x08005302   0x00000002   PAD
    0x08005304   0x08005304   0x000000fc   Code   RO         5692    i._ZN7MGmotor9motor_MVPEft  app_motor.o
    0x08005400   0x08005400   0x00000010   Code   RO         1644    i.__NVIC_GetPriorityGrouping  stm32f4xx_hal_cortex.o
    0x08005410   0x08005410   0x00000028   Code   RO         1645    i.__NVIC_SetPriority  stm32f4xx_hal_cortex.o
    0x08005438   0x08005438   0x00000006   Code   RO         4557    i.__get_IPSR        cmsis_os2.o
    0x0800543e   0x0800543e   0x00000002   PAD
    0x08005440   0x08005440   0x00000010   Code   RO         5531    i.__sti___16_Message_Task_cpp_6050abbb  message_task.o
    0x08005450   0x08005450   0x00000010   Code   RO         5228    i.__sti___19_Kinematics_task_cpp_b5e7c946  kinematics_task.o
    0x08005460   0x08005460   0x00000068   Code   RO         5944    i.aRGB_led_show     led.o
    0x080054c8   0x080054c8   0x0000006c   Code   RO          289    i.can_filter_init   can.o
    0x08005534   0x08005534   0x000000e4   Code   RO         5975    i.color_hsv2rgb     rgb.o
    0x08005618   0x08005618   0x00000008   Code   RO         6027    i.get_remote_control_point  remote_control.o
    0x08005620   0x08005620   0x00000088   Code   RO           15    i.main              main.o
    0x080056a8   0x080056a8   0x0000001e   Code   RO         4558    i.osDelay           cmsis_os2.o
    0x080056c6   0x080056c6   0x00000002   PAD
    0x080056c8   0x080056c8   0x0000002c   Code   RO         4572    i.osKernelInitialize  cmsis_os2.o
    0x080056f4   0x080056f4   0x00000060   Code   RO         4575    i.osKernelStart     cmsis_os2.o
    0x08005754   0x08005754   0x000000b8   Code   RO         4617    i.osThreadNew       cmsis_os2.o
    0x0800580c   0x0800580c   0x0000007c   Code   RO         3993    i.prvAddCurrentTaskToDelayedList  tasks.o
    0x08005888   0x08005888   0x000000b8   Code   RO         3994    i.prvAddNewTaskToReadyList  tasks.o
    0x08005940   0x08005940   0x00000074   Code   RO         4369    i.prvCheckForValidListAndQueue  timers.o
    0x080059b4   0x080059b4   0x00000048   Code   RO         3995    i.prvCheckTasksWaitingTermination  tasks.o
    0x080059fc   0x080059fc   0x0000002a   Code   RO         3580    i.prvCopyDataFromQueue  queue.o
    0x08005a26   0x08005a26   0x0000007e   Code   RO         3581    i.prvCopyDataToQueue  queue.o
    0x08005aa4   0x08005aa4   0x00000050   Code   RO         3996    i.prvDeleteTCB      tasks.o
    0x08005af4   0x08005af4   0x00000028   Code   RO         4370    i.prvGetNextExpireTime  timers.o
    0x08005b1c   0x08005b1c   0x0000007c   Code   RO         5080    i.prvHeapInit       heap_4.o
    0x08005b98   0x08005b98   0x00000028   Code   RO         3997    i.prvIdleTask       tasks.o
    0x08005bc0   0x08005bc0   0x0000002a   Code   RO         3584    i.prvInitialiseNewQueue  queue.o
    0x08005bea   0x08005bea   0x000000be   Code   RO         3998    i.prvInitialiseNewTask  tasks.o
    0x08005ca8   0x08005ca8   0x00000068   Code   RO         3999    i.prvInitialiseTaskLists  tasks.o
    0x08005d10   0x08005d10   0x00000068   Code   RO         5081    i.prvInsertBlockIntoFreeList  heap_4.o
    0x08005d78   0x08005d78   0x00000058   Code   RO         4372    i.prvInsertTimerInActiveList  timers.o
    0x08005dd0   0x08005dd0   0x0000001a   Code   RO         3585    i.prvIsQueueEmpty   queue.o
    0x08005dea   0x08005dea   0x0000001e   Code   RO         3586    i.prvIsQueueFull    queue.o
    0x08005e08   0x08005e08   0x00000074   Code   RO         4373    i.prvProcessExpiredTimer  timers.o
    0x08005e7c   0x08005e7c   0x00000164   Code   RO         4374    i.prvProcessReceivedCommands  timers.o
    0x08005fe0   0x08005fe0   0x00000074   Code   RO         4375    i.prvProcessTimerOrBlockTask  timers.o
    0x08006054   0x08006054   0x00000034   Code   RO         4001    i.prvResetNextTaskUnblockTime  tasks.o
    0x08006088   0x08006088   0x0000002c   Code   RO         4376    i.prvSampleTimeNow  timers.o
    0x080060b4   0x080060b4   0x000000a4   Code   RO         4377    i.prvSwitchTimerLists  timers.o
    0x08006158   0x08006158   0x00000040   Code   RO         5136    i.prvTaskExitError  port.o
    0x08006198   0x08006198   0x0000001a   Code   RO         4378    i.prvTimerTask      timers.o
    0x080061b2   0x080061b2   0x0000007e   Code   RO         3587    i.prvUnlockQueue    queue.o
    0x08006230   0x08006230   0x0000014c   Code   RO         5082    i.pvPortMalloc      heap_4.o
    0x0800637c   0x0800637c   0x0000002c   Code   RO         5137    i.pxPortInitialiseStack  port.o
    0x080063a8   0x080063a8   0x00000014   Code   RO         6028    i.remote_control_init  remote_control.o
    0x080063bc   0x080063bc   0x000000da   Code   RO         6029    i.sbus_to_rc        remote_control.o
    0x08006496   0x08006496   0x00000028   Code   RO         3540    i.uxListRemove      list.o
    0x080064be   0x080064be   0x00000002   PAD
    0x080064c0   0x080064c0   0x00000018   Code   RO         4629    i.vApplicationGetIdleTaskMemory  cmsis_os2.o
    0x080064d8   0x080064d8   0x00000018   Code   RO         4630    i.vApplicationGetTimerTaskMemory  cmsis_os2.o
    0x080064f0   0x080064f0   0x0000001a   Code   RO         3541    i.vListInitialise   list.o
    0x0800650a   0x0800650a   0x00000006   Code   RO         3542    i.vListInitialiseItem  list.o
    0x08006510   0x08006510   0x00000034   Code   RO         3543    i.vListInsert       list.o
    0x08006544   0x08006544   0x00000018   Code   RO         3544    i.vListInsertEnd    list.o
    0x0800655c   0x0800655c   0x00000054   Code   RO         5139    i.vPortEnterCritical  port.o
    0x080065b0   0x080065b0   0x0000003c   Code   RO         5140    i.vPortExitCritical  port.o
    0x080065ec   0x080065ec   0x000000a4   Code   RO         5083    i.vPortFree         heap_4.o
    0x08006690   0x08006690   0x00000028   Code   RO         5141    i.vPortSetupTimerInterrupt  port.o
    0x080066b8   0x080066b8   0x00000078   Code   RO         5142    i.vPortValidateInterruptPriority  port.o
    0x08006730   0x08006730   0x0000002c   Code   RO         3593    i.vQueueAddToRegistry  queue.o
    0x0800675c   0x0800675c   0x0000004a   Code   RO         3597    i.vQueueWaitForMessageRestricted  queue.o
    0x080067a6   0x080067a6   0x00000002   PAD
    0x080067a8   0x080067a8   0x0000005c   Code   RO         4014    i.vTaskDelay        tasks.o
    0x08006804   0x08006804   0x00000018   Code   RO         4019    i.vTaskInternalSetTimeOutState  tasks.o
    0x0800681c   0x0800681c   0x0000000c   Code   RO         4020    i.vTaskMissedYield  tasks.o
    0x08006828   0x08006828   0x00000038   Code   RO         4022    i.vTaskPlaceOnEventList  tasks.o
    0x08006860   0x08006860   0x00000040   Code   RO         4023    i.vTaskPlaceOnEventListRestricted  tasks.o
    0x080068a0   0x080068a0   0x000000b8   Code   RO         4031    i.vTaskStartScheduler  tasks.o
    0x08006958   0x08006958   0x00000010   Code   RO         4033    i.vTaskSuspendAll   tasks.o
    0x08006968   0x08006968   0x00000090   Code   RO         4034    i.vTaskSwitchContext  tasks.o
    0x080069f8   0x080069f8   0x00000168   Code   RO         5143    i.xPortStartScheduler  port.o
    0x08006b60   0x08006b60   0x00000034   Code   RO         5144    i.xPortSysTickHandler  port.o
    0x08006b94   0x08006b94   0x000000e0   Code   RO         3603    i.xQueueGenericCreateStatic  queue.o
    0x08006c74   0x08006c74   0x00000098   Code   RO         3604    i.xQueueGenericReset  queue.o
    0x08006d0c   0x08006d0c   0x000001a8   Code   RO         3605    i.xQueueGenericSend  queue.o
    0x08006eb4   0x08006eb4   0x000000fc   Code   RO         3606    i.xQueueGenericSendFromISR  queue.o
    0x08006fb0   0x08006fb0   0x00000168   Code   RO         3615    i.xQueueReceive     queue.o
    0x08007118   0x08007118   0x0000008c   Code   RO         4036    i.xTaskCheckForTimeOut  tasks.o
    0x080071a4   0x080071a4   0x00000064   Code   RO         4037    i.xTaskCreate       tasks.o
    0x08007208   0x08007208   0x000000ba   Code   RO         4038    i.xTaskCreateStatic  tasks.o
    0x080072c2   0x080072c2   0x00000002   PAD
    0x080072c4   0x080072c4   0x00000020   Code   RO         4042    i.xTaskGetSchedulerState  tasks.o
    0x080072e4   0x080072e4   0x0000000c   Code   RO         4043    i.xTaskGetTickCount  tasks.o
    0x080072f0   0x080072f0   0x00000144   Code   RO         4045    i.xTaskIncrementTick  tasks.o
    0x08007434   0x08007434   0x000000a4   Code   RO         4048    i.xTaskPriorityDisinherit  tasks.o
    0x080074d8   0x080074d8   0x00000098   Code   RO         4050    i.xTaskRemoveFromEventList  tasks.o
    0x08007570   0x08007570   0x00000104   Code   RO         4051    i.xTaskResumeAll    tasks.o
    0x08007674   0x08007674   0x00000078   Code   RO         4387    i.xTimerCreateTimerTask  timers.o
    0x080076ec   0x080076ec   0x00000084   Code   RO         4388    i.xTimerGenericCommand  timers.o
    0x08007770   0x08007770   0x00000062   Code   RO         6158    x$fpl$d2f           fz_wm.l(d2f.o)
    0x080077d2   0x080077d2   0x00000002   PAD
    0x080077d4   0x080077d4   0x00000150   Code   RO         6160    x$fpl$dadd          fz_wm.l(daddsub_clz.o)
    0x08007924   0x08007924   0x00000018   Code   RO         6276    x$fpl$dcmpinf       fz_wm.l(dcmpi.o)
    0x0800793c   0x0800793c   0x0000005e   Code   RO         6166    x$fpl$dfix          fz_wm.l(dfix.o)
    0x0800799a   0x0800799a   0x0000002e   Code   RO         6171    x$fpl$dflt          fz_wm.l(dflt_clz.o)
    0x080079c8   0x080079c8   0x00000026   Code   RO         6170    x$fpl$dfltu         fz_wm.l(dflt_clz.o)
    0x080079ee   0x080079ee   0x00000002   PAD
    0x080079f0   0x080079f0   0x00000078   Code   RO         6176    x$fpl$dleqf         fz_wm.l(dleqf.o)
    0x08007a68   0x08007a68   0x00000154   Code   RO         6178    x$fpl$dmul          fz_wm.l(dmul.o)
    0x08007bbc   0x08007bbc   0x0000009c   Code   RO         6278    x$fpl$dnaninf       fz_wm.l(dnaninf.o)
    0x08007c58   0x08007c58   0x0000000c   Code   RO         6280    x$fpl$dretinf       fz_wm.l(dretinf.o)
    0x08007c64   0x08007c64   0x000001d4   Code   RO         6162    x$fpl$dsub          fz_wm.l(daddsub_clz.o)
    0x08007e38   0x08007e38   0x00000056   Code   RO         6180    x$fpl$f2d           fz_wm.l(f2d.o)
    0x08007e8e   0x08007e8e   0x0000008c   Code   RO         6282    x$fpl$fnaninf       fz_wm.l(fnaninf.o)
    0x08007f1a   0x08007f1a   0x0000000a   Code   RO         6332    x$fpl$fpinit        fz_wm.l(fpinit.o)
    0x08007f24   0x08007f24   0x0000000a   Code   RO         6284    x$fpl$fretinf       fz_wm.l(fretinf.o)
    0x08007f2e   0x08007f2e   0x00000000   Code   RO         6288    x$fpl$usenofp       fz_wm.l(usenofp.o)
    0x08007f2e   0x08007f2e   0x00000002   PAD
    0x08007f30   0x08007f30   0x00000090   Data   RO          236    .constdata          freertos.o
    0x08007fc0   0x08007fc0   0x00000008   Data   RO         1361    .constdata          stm32f4xx_hal_dma.o
    0x08007fc8   0x08007fc8   0x00000018   Data   RO         3377    .constdata          system_stm32f4xx.o
    0x08007fe0   0x08007fe0   0x00000040   Data   RO         5709    .constdata          app_motor.o
    0x08008020   0x08008020   0x00000023   Data   RO          237    .conststring        freertos.o
    0x08008043   0x08008043   0x00000001   PAD
    0x08008044   0x08008044   0x00000020   Data   RO         6428    Region$$Table       anon$$obj.o
    0x08008064   0x08008064   0x00000004   Data   RO         5246    .init_array         kinematics_task.o
    0x08008068   0x08008064   0x00000004   Data   RO         5554    .init_array         message_task.o
    0x0800806c   0x08008064   0x00000000   Data   RO         6153    .init_array         c_w.l(init_aeabi.o)


    Execution Region RW_IRAM1 (Exec base: 0x20000000, Load base: 0x0800806c, Size: 0x00009e28, Max: 0x0001c000, ABSOLUTE, COMPRESSED[0x00000048])

    Exec Addr    Load Addr    Size         Type   Attr      Idx    E Section Name        Object

    0x20000000   COMPRESSED   0x00000010   Data   RW          238    .data               freertos.o
    0x20000010   COMPRESSED   0x00000004   Data   RW          291    .data               can.o
    0x20000014   COMPRESSED   0x00000009   Data   RW         1793    .data               stm32f4xx_hal.o
    0x2000001d   COMPRESSED   0x00000003   PAD
    0x20000020   COMPRESSED   0x00000004   Data   RW         3378    .data               system_stm32f4xx.o
    0x20000024   COMPRESSED   0x0000003c   Data   RW         4054    .data               tasks.o
    0x20000060   COMPRESSED   0x00000014   Data   RW         4396    .data               timers.o
    0x20000074   COMPRESSED   0x00000004   Data   RW         4632    .data               cmsis_os2.o
    0x20000078   COMPRESSED   0x00000020   Data   RW         5089    .data               heap_4.o
    0x20000098   COMPRESSED   0x0000000c   Data   RW         5145    .data               port.o
    0x200000a4   COMPRESSED   0x0000008d   Data   RW         5245    .data               kinematics_task.o
    0x20000131   COMPRESSED   0x00000003   Data   RW         5553    .data               message_task.o
    0x20000134   COMPRESSED   0x00000003   Data   RW         5710    .data               app_motor.o
    0x20000137   COMPRESSED   0x00000001   PAD
    0x20000138   COMPRESSED   0x00000008   Data   RW         5945    .data               led.o
    0x20000140   COMPRESSED   0x00000002   Data   RW         6033    .data               remote_control.o
    0x20000142   COMPRESSED   0x00000002   PAD
    0x20000144        -       0x00000050   Zero   RW          290    .bss                can.o
    0x20000194        -       0x00000138   Zero   RW          372    .bss                tim.o
    0x200002cc        -       0x0000012c   Zero   RW          441    .bss                usart.o
    0x200003f8        -       0x00000040   Zero   RW         3619    .bss                queue.o
    0x20000438        -       0x000004c4   Zero   RW         4053    .bss                tasks.o
    0x200008fc        -       0x00000118   Zero   RW         4395    .bss                timers.o
    0x20000a14        -       0x000006b8   Zero   RW         4631    .bss                cmsis_os2.o
    0x200010cc        -       0x00003c00   Zero   RW         5088    .bss                heap_4.o
    0x20004ccc        -       0x0000019c   Zero   RW         5243    .bss                kinematics_task.o
    0x20004e68        -       0x00000080   Zero   RW         5552    .bss                message_task.o
    0x20004ee8        -       0x000000b0   Zero   RW         5708    .bss                app_motor.o
    0x20004f98        -       0x000047d0   Zero   RW         5976    .bss                rgb.o
    0x20009768        -       0x0000005e   Zero   RW         6032    .bss                remote_control.o
    0x200097c6   COMPRESSED   0x00000002   PAD
    0x200097c8        -       0x00000060   Zero   RW         6335    .bss                c_w.l(libspace.o)
    0x20009828        -       0x00000200   Zero   RW            2    HEAP                startup_stm32f407xx.o
    0x20009a28        -       0x00000400   Zero   RW            1    STACK               startup_stm32f407xx.o


    Execution Region RW_IRAM2 (Exec base: 0x2001c000, Load base: 0x080080b4, Size: 0x00000000, Max: 0x00004000, ABSOLUTE)

    **** No section assigned to this execution region ****


==============================================================================

Image component sizes


      Code (inc. data)   RO Data    RW Data    ZI Data      Debug   Object Name

      1336         80         64          3        176       7229   app_motor.o
       156         14          0          0          0        946   bsp_rc.o
       604         50          0          4         80       2956   can.o
       408         38          0          4       1720      64117   cmsis_os2.o
       104          6          0          0          0        782   dma.o
         0          0          0          0          0      19376   event_groups.o
       158         56        179         16          0       2457   freertos.o
       324         12          0          0          0       1119   gpio.o
       724         74          0         32      15360       4779   heap_4.o
      1380         82          4        141        412     591200   kinematics_task.o
       104         22          0          8          0        552   led.o
       148          0          0          0          0       3482   list.o
       322         18          0          0          0     713800   main.o
      1682         50          4          3        128      10498   message_task.o
      1014         92          0         12          0      11517   port.o
      1922         20          0          0         64      17164   queue.o
       538         36          0          2         94       4427   remote_control.o
       570         36          0          0      18384       4286   rgb.o
        64         26        392          0       1536        828   startup_stm32f407xx.o
       172         32          0          9          0       8649   stm32f4xx_hal.o
      2134          6          0          0          0      14023   stm32f4xx_hal_can.o
       304         22          0          0          0      34351   stm32f4xx_hal_cortex.o
      1436         16          8          0          0       6894   stm32f4xx_hal_dma.o
       512         46          0          0          0       2068   stm32f4xx_hal_gpio.o
        84          6          0          0          0        830   stm32f4xx_hal_msp.o
      1820         84          0          0          0       5516   stm32f4xx_hal_rcc.o
      2816        182          0          0          0      17332   stm32f4xx_hal_tim.o
       296         30          0          0          0       2116   stm32f4xx_hal_tim_ex.o
      1918         14          0          0          0       9352   stm32f4xx_hal_uart.o
       122         30          0          0          0       5655   stm32f4xx_it.o
         0          0          0          0          0        388   stream_buffer.o
        20          6         24          4          0       1087   system_stm32f4xx.o
      2808        346          0         60       1220      27026   tasks.o
      1088         84          0          0        312       4722   tim.o
      1318        124          0         20        280      32583   timers.o
       712         76          0          0        300       3123   usart.o

    ----------------------------------------------------------------------
     29162       1816        708        324      40068    1637230   Object Totals
         0          0         32          0          0          0   (incl. Generated)
        44          0          1          6          2          0   (incl. Padding)

    ----------------------------------------------------------------------

      Code (inc. data)   RO Data    RW Data    ZI Data      Debug   Library Member Name

        90          0          0          0          0          0   __dczerorl2.o
         8          0          0          0          0         68   __main.o
         0          0          0          0          0          0   __rtentry.o
        12          0          0          0          0          0   __rtentry2.o
         6          0          0          0          0          0   __rtentry4.o
        52          8          0          0          0          0   __scatter.o
        28          0          0          0          0          0   __scatter_zi.o
        16          0          0          0          0         68   aeabi_memset.o
        18          0          0          0          0         80   exit.o
         6          0          0          0          0        152   heapauxi.o
         0          0          0          0          0          0   indicate_semi.o
        36         10          0          0          0         80   init_aeabi.o
         2          0          0          0          0          0   libinit.o
        10          0          0          0          0          0   libinit2.o
         2          0          0          0          0          0   libshutdown.o
         2          0          0          0          0          0   libshutdown2.o
         8          4          0          0         96         68   libspace.o
       238          0          0          0          0        100   lludivv7m.o
        68          0          0          0          0         68   rt_memclr.o
        78          0          0          0          0         80   rt_memclr_w.o
       138          0          0          0          0         68   rt_memcpy_v6.o
       100          0          0          0          0         80   rt_memcpy_w.o
         2          0          0          0          0          0   rtexit.o
        10          0          0          0          0          0   rtexit2.o
        12          4          0          0          0         68   sys_exit.o
        74          0          0          0          0         80   sys_stackheap_outer.o
         2          0          0          0          0         68   use_no_semi.o
        98          4          0          0          0        140   d2f.o
       804         16          0          0          0        368   daddsub_clz.o
        24          0          0          0          0        116   dcmpi.o
        94          4          0          0          0        140   dfix.o
        84          0          0          0          0        232   dflt_clz.o
       120          4          0          0          0        140   dleqf.o
       340         12          0          0          0        152   dmul.o
       156          4          0          0          0        140   dnaninf.o
        12          0          0          0          0        116   dretinf.o
        86          4          0          0          0        132   f2d.o
       140          4          0          0          0        132   fnaninf.o
        10          0          0          0          0        116   fpinit.o
        10          0          0          0          0        116   fretinf.o
         0          0          0          0          0          0   usenofp.o

    ----------------------------------------------------------------------
      3006         78          0          0         96       3168   Library Totals
        10          0          0          0          0          0   (incl. Padding)

    ----------------------------------------------------------------------

      Code (inc. data)   RO Data    RW Data    ZI Data      Debug   Library Name

      1018         26          0          0         96       1128   c_w.l
      1978         52          0          0          0       2040   fz_wm.l

    ----------------------------------------------------------------------
      3006         78          0          0         96       3168   Library Totals

    ----------------------------------------------------------------------

==============================================================================


      Code (inc. data)   RO Data    RW Data    ZI Data      Debug   

     32168       1894        708        324      40164    1616478   Grand Totals
     32168       1894        708         72      40164    1616478   ELF Image Totals (compressed)
     32168       1894        708         72          0          0   ROM Totals

==============================================================================

    Total RO  Size (Code + RO Data)                32876 (  32.11kB)
    Total RW  Size (RW Data + ZI Data)             40488 (  39.54kB)
    Total ROM Size (Code + RO Data + RW Data)      32948 (  32.18kB)

==============================================================================

