Component: ARM Compiler 5.06 update 7 (build 960) Tool: armlink [4d3601]

==============================================================================

Section Cross References

    startup_stm32f407xx.o(STACK) refers (Special) to heapauxi.o(.text) for __use_two_region_memory
    startup_stm32f407xx.o(HEAP) refers (Special) to heapauxi.o(.text) for __use_two_region_memory
    startup_stm32f407xx.o(RESET) refers (Special) to heapauxi.o(.text) for __use_two_region_memory
    startup_stm32f407xx.o(RESET) refers to startup_stm32f407xx.o(STACK) for __initial_sp
    startup_stm32f407xx.o(RESET) refers to startup_stm32f407xx.o(.text) for Reset_Handler
    startup_stm32f407xx.o(RESET) refers to stm32f4xx_it.o(i.NMI_Handler) for NMI_Handler
    startup_stm32f407xx.o(RESET) refers to stm32f4xx_it.o(i.HardFault_Handler) for HardFault_Handler
    startup_stm32f407xx.o(RESET) refers to stm32f4xx_it.o(i.MemManage_Handler) for MemManage_Handler
    startup_stm32f407xx.o(RESET) refers to stm32f4xx_it.o(i.BusFault_Handler) for BusFault_Handler
    startup_stm32f407xx.o(RESET) refers to stm32f4xx_it.o(i.UsageFault_Handler) for UsageFault_Handler
    startup_stm32f407xx.o(RESET) refers to port.o(.emb_text) for SVC_Handler
    startup_stm32f407xx.o(RESET) refers to stm32f4xx_it.o(i.DebugMon_Handler) for DebugMon_Handler
    startup_stm32f407xx.o(RESET) refers to stm32f4xx_it.o(i.SysTick_Handler) for SysTick_Handler
    startup_stm32f407xx.o(RESET) refers to stm32f4xx_it.o(i.DMA1_Stream1_IRQHandler) for DMA1_Stream1_IRQHandler
    startup_stm32f407xx.o(RESET) refers to stm32f4xx_it.o(i.CAN1_RX0_IRQHandler) for CAN1_RX0_IRQHandler
    startup_stm32f407xx.o(RESET) refers to stm32f4xx_it.o(i.USART1_IRQHandler) for USART1_IRQHandler
    startup_stm32f407xx.o(RESET) refers to remote_control.o(i.USART3_IRQHandler) for USART3_IRQHandler
    startup_stm32f407xx.o(RESET) refers to stm32f4xx_it.o(i.DMA2_Stream3_IRQHandler) for DMA2_Stream3_IRQHandler
    startup_stm32f407xx.o(RESET) refers to stm32f4xx_it.o(i.CAN2_RX0_IRQHandler) for CAN2_RX0_IRQHandler
    startup_stm32f407xx.o(.text) refers (Special) to heapauxi.o(.text) for __use_two_region_memory
    startup_stm32f407xx.o(.text) refers to system_stm32f4xx.o(i.SystemInit) for SystemInit
    startup_stm32f407xx.o(.text) refers to __main.o(!!!main) for __main
    startup_stm32f407xx.o(.text) refers to startup_stm32f407xx.o(HEAP) for Heap_Mem
    startup_stm32f407xx.o(.text) refers to startup_stm32f407xx.o(STACK) for Stack_Mem
    main.o(i.SystemClock_Config) refers to rt_memclr_w.o(.text) for __aeabi_memclr4
    main.o(i.SystemClock_Config) refers to stm32f4xx_hal_rcc.o(i.HAL_RCC_OscConfig) for HAL_RCC_OscConfig
    main.o(i.SystemClock_Config) refers to main.o(i.Error_Handler) for Error_Handler
    main.o(i.SystemClock_Config) refers to stm32f4xx_hal_rcc.o(i.HAL_RCC_ClockConfig) for HAL_RCC_ClockConfig
    main.o(i.main) refers to stm32f4xx_hal.o(i.HAL_Init) for HAL_Init
    main.o(i.main) refers to main.o(i.SystemClock_Config) for SystemClock_Config
    main.o(i.main) refers to gpio.o(i.MX_GPIO_Init) for MX_GPIO_Init
    main.o(i.main) refers to dma.o(i.MX_DMA_Init) for MX_DMA_Init
    main.o(i.main) refers to usart.o(i.MX_USART3_UART_Init) for MX_USART3_UART_Init
    main.o(i.main) refers to usart.o(i.MX_USART1_UART_Init) for MX_USART1_UART_Init
    main.o(i.main) refers to usart.o(i.MX_USART6_UART_Init) for MX_USART6_UART_Init
    main.o(i.main) refers to can.o(i.MX_CAN1_Init) for MX_CAN1_Init
    main.o(i.main) refers to can.o(i.MX_CAN2_Init) for MX_CAN2_Init
    main.o(i.main) refers to tim.o(i.MX_TIM5_Init) for MX_TIM5_Init
    main.o(i.main) refers to tim.o(i.MX_TIM8_Init) for MX_TIM8_Init
    main.o(i.main) refers to can.o(i.can_filter_init) for can_filter_init
    main.o(i.main) refers to remote_control.o(i.remote_control_init) for remote_control_init
    main.o(i.main) refers to stm32f4xx_hal_tim.o(i.HAL_TIM_Base_Start) for HAL_TIM_Base_Start
    main.o(i.main) refers to stm32f4xx_hal_tim.o(i.HAL_TIM_PWM_Start) for HAL_TIM_PWM_Start
    main.o(i.main) refers to cmsis_os2.o(i.osKernelInitialize) for osKernelInitialize
    main.o(i.main) refers to freertos.o(i.MX_FREERTOS_Init) for MX_FREERTOS_Init
    main.o(i.main) refers to cmsis_os2.o(i.osKernelStart) for osKernelStart
    main.o(i.main) refers to tim.o(.bss) for htim5
    gpio.o(i.MX_GPIO_Init) refers to rt_memclr_w.o(.text) for __aeabi_memclr4
    gpio.o(i.MX_GPIO_Init) refers to stm32f4xx_hal_gpio.o(i.HAL_GPIO_WritePin) for HAL_GPIO_WritePin
    gpio.o(i.MX_GPIO_Init) refers to stm32f4xx_hal_gpio.o(i.HAL_GPIO_Init) for HAL_GPIO_Init
    freertos.o(i.Led_task) refers to led.o(i.aRGB_led_show) for aRGB_led_show
    freertos.o(i.Led_task) refers to cmsis_os2.o(i.osDelay) for osDelay
    freertos.o(i.MX_FREERTOS_Init) refers to cmsis_os2.o(i.osThreadNew) for osThreadNew
    freertos.o(i.MX_FREERTOS_Init) refers to freertos.o(.constdata) for defaultTask_attributes
[...]
    HEAP                                     0x20005038   Section      512  startup_stm32f407xx.o(HEAP)
    Heap_Mem                                 0x20005038   Data         512  startup_stm32f407xx.o(HEAP)
    STACK                                    0x20005238   Section     1024  startup_stm32f407xx.o(STACK)
    Stack_Mem                                0x20005238   Data        1024  startup_stm32f407xx.o(STACK)
    __initial_sp                             0x20005638   Data           0  startup_stm32f407xx.o(STACK)

    Global Symbols

    Symbol Name                              Value     Ov Type        Size  Object(Section)

    BuildAttributes$$THM_ISAv4$E$P$D$K$B$S$7EM$VFPi3$EXTD16$VFPS$VFMA$PE$A:L22UL41UL21$X:L11$S22US41US21$IEEE1$IW$USESV6$~STKCKD$USESV7$~SHL$OTIME$ROPI$IEEEX$EBA8$UX$STANDARDLIB$REQ8$PRES8$EABIv2 0x00000000   Number         0  anon$$obj.o ABSOLUTE
    __ARM_use_no_argv                        0x00000000   Number         0  main.o ABSOLUTE
    __ARM_exceptions_init                     - Undefined Weak Reference
    __alloca_initialize                       - Undefined Weak Reference
    __arm_fini_                               - Undefined Weak Reference
    __arm_preinit_                            - Undefined Weak Reference
    __cxa_finalize                            - Undefined Weak Reference
    __rt_locale                               - Undefined Weak Reference
    __sigvec_lookup                           - Undefined Weak Reference
    _atexit_init                              - Undefined Weak Reference
    _call_atexit_fns                          - Undefined Weak Reference
    _clock_init                               - Undefined Weak Reference
    _fp_trap_init                             - Undefined Weak Reference
    _fp_trap_shutdown                         - Undefined Weak Reference
    _get_lc_collate                           - Undefined Weak Reference
    _get_lc_ctype                             - Undefined Weak Reference
    _get_lc_monetary                          - Undefined Weak Reference
    _get_lc_numeric                           - Undefined Weak Reference
    _get_lc_time                              - Undefined Weak Reference
    _getenv_init                              - Undefined Weak Reference
    _handle_redirection                       - Undefined Weak Reference
    _init_alloc                               - Undefined Weak Reference
    _init_user_alloc                          - Undefined Weak Reference
    _initio                                   - Undefined Weak Reference
    _rand_init                                - Undefined Weak Reference
    _signal_finish                            - Undefined Weak Reference
    _signal_init                              - Undefined Weak Reference
    _terminate_alloc                          - Undefined Weak Reference
    _terminate_user_alloc                     - Undefined Weak Reference
    _terminateio                              - Undefined Weak Reference
    __Vectors_Size                           0x00000188   Number         0  startup_stm32f407xx.o ABSOLUTE
    __Vectors                                0x08000000   Data           4  startup_stm32f407xx.o(RESET)
    __Vectors_End                            0x08000188   Data           0  startup_stm32f407xx.o(RESET)
    __main                                   0x08000189   Thumb Code     8  __main.o(!!!main)
    __scatterload                            0x08000191   Thumb Code     0  __scatter.o(!!!scatter)
    __scatterload_rt2                        0x08000191   Thumb Code    44  __scatter.o(!!!scatter)
    __scatterload_rt2_thumb_only             0x08000191   Thumb Code     0  __scatter.o(!!!scatter)
    __scatterload_null                       0x0800019f   Thumb Code     0  __scatter.o(!!!scatter)
    __decompress                             0x080001c5   Thumb Code    90  __dczerorl2.o(!!dczerorl2)
    __decompress1                            0x080001c5   Thumb Code     0  __dczerorl2.o(!!dczerorl2)
    __scatterload_zeroinit                   0x08000221   Thumb Code    28  __scatter_zi.o(!!handler_zi)
    __rt_lib_init                            0x0800023d   Thumb Code     0  libinit.o(.ARM.Collect$$libinit$$00000000)
    __rt_lib_init_fp_1                       0x0800023f   Thumb Code     0  libinit2.o(.ARM.Collect$$libinit$$00000001)
    __rt_lib_init_alloca_1                   0x08000243   Thumb Code     0  libinit2.o(.ARM.Collect$$libinit$$0000002E)
    __rt_lib_init_argv_1                     0x08000243   Thumb Code     0  libinit2.o(.ARM.Collect$$libinit$$0000002C)
    __rt_lib_init_atexit_1                   0x08000243   Thumb Code     0  libinit2.o(.ARM.Collect$$libinit$$0000001B)
    __rt_lib_init_clock_1                    0x08000243   Thumb Code     0  libinit2.o(.ARM.Collect$$libinit$$00000021)
    __rt_lib_init_cpp_2                      0x08000243   Thumb Code     0  libinit2.o(.ARM.Collect$$libinit$$00000031)
    __rt_lib_init_exceptions_1               0x08000243   Thumb Code     0  libinit2.o(.ARM.Collect$$libinit$$00000030)
    __rt_lib_init_fp_trap_1                  0x08000243   Thumb Code     0  libinit2.o(.ARM.Collect$$libinit$$0000001F)
    __rt_lib_init_getenv_1                   0x08000243   Thumb Code     0  libinit2.o(.ARM.Collect$$libinit$$00000023)
    __rt_lib_init_heap_1                     0x08000243   Thumb Code     0  libinit2.o(.ARM.Collect$$libinit$$0000000A)
    __rt_lib_init_lc_collate_1               0x08000243   Thumb Code     0  libinit2.o(.ARM.Collect$$libinit$$00000011)
    __rt_lib_init_lc_ctype_1                 0x08000243   Thumb Code     0  libinit2.o(.ARM.Collect$$libinit$$00000013)
    __rt_lib_init_lc_monetary_1              0x08000243   Thumb Code     0  libinit2.o(.ARM.Collect$$libinit$$00000015)
    __rt_lib_init_lc_numeric_1               0x08000243   Thumb Code     0  libinit2.o(.ARM.Collect$$libinit$$00000017)
    __rt_lib_init_lc_time_1                  0x08000243   Thumb Code     0  libinit2.o(.ARM.Collect$$libinit$$00000019)
    __rt_lib_init_preinit_1                  0x08000243   Thumb Code     0  libinit2.o(.ARM.Collect$$libinit$$00000004)
    __rt_lib_init_rand_1                     0x08000243   Thumb Code     0  libinit2.o(.ARM.Collect$$libinit$$0000000E)
    __rt_lib_init_signal_1                   0x08000243   Thumb Code     0  libinit2.o(.ARM.Collect$$libinit$$0000001D)
    __rt_lib_init_stdio_1                    0x08000243   Thumb Code     0  libinit2.o(.ARM.Collect$$libinit$$00000025)
    __rt_lib_init_user_alloc_1               0x08000243   Thumb Code     0  libinit2.o(.ARM.Collect$$libinit$$0000000C)
    __rt_lib_init_cpp_1                      0x08000247   Thumb Code     0  libinit2.o(.ARM.Collect$$libinit$$00000032)
    __rt_lib_init_return                     0x08000247   Thumb Code     0  libinit2.o(.ARM.Collect$$libinit$$00000033)
    __rt_lib_shutdown                        0x08000249   Thumb Code     0  libshutdown.o(.ARM.Collect$$libshutdown$$00000000)
    __rt_lib_shutdown_cpp_1                  0x0800024b   Thumb Code     0  libshutdown2.o(.ARM.Collect$$libshutdown$$00000004)
    __rt_lib_shutdown_fini_1                 0x0800024b   Thumb Code     0  libshutdown2.o(.ARM.Collect$$libshutdown$$00000002)
    __rt_lib_shutdown_fp_trap_1              0x0800024b   Thumb Code     0  libshutdown2.o(.ARM.Collect$$libshutdown$$00000009)
    __rt_lib_shutdown_heap_1                 0x0800024b   Thumb Code     0  libshutdown2.o(.ARM.Collect$$libshutdown$$00000011)
    __rt_lib_shutdown_return                 0x0800024b   Thumb Code     0  libshutdown2.o(.ARM.Collect$$libshutdown$$00000012)
    __rt_lib_shutdown_signal_1               0x0800024b   Thumb Code     0  libshutdown2.o(.ARM.Collect$$libshutdown$$0000000C)
    __rt_lib_shutdown_stdio_1                0x0800024b   Thumb Code     0  libshutdown2.o(.ARM.Collect$$libshutdown$$00000006)
    __rt_lib_shutdown_user_alloc_1           0x0800024b   Thumb Code     0  libshutdown2.o(.ARM.Collect$$libshutdown$$0000000E)
    __rt_entry                               0x0800024d   Thumb Code     0  __rtentry.o(.ARM.Collect$$rtentry$$00000000)
    __rt_entry_presh_1                       0x0800024d   Thumb Code     0  __rtentry2.o(.ARM.Collect$$rtentry$$00000002)
    __rt_entry_sh                            0x0800024d   Thumb Code     0  __rtentry4.o(.ARM.Collect$$rtentry$$00000004)
    __rt_entry_li                            0x08000253   Thumb Code     0  __rtentry2.o(.ARM.Collect$$rtentry$$0000000A)
    __rt_entry_postsh_1                      0x08000253   Thumb Code     0  __rtentry2.o(.ARM.Collect$$rtentry$$00000009)
    __rt_entry_main                          0x08000257   Thumb Code     0  __rtentry2.o(.ARM.Collect$$rtentry$$0000000D)
    __rt_entry_postli_1                      0x08000257   Thumb Code     0  __rtentry2.o(.ARM.Collect$$rtentry$$0000000C)
    __rt_exit                                0x0800025f   Thumb Code     0  rtexit.o(.ARM.Collect$$rtexit$$00000000)
    __rt_exit_ls                             0x08000261   Thumb Code     0  rtexit2.o(.ARM.Collect$$rtexit$$00000003)
    __rt_exit_prels_1                        0x08000261   Thumb Code     0  rtexit2.o(.ARM.Collect$$rtexit$$00000002)
    __rt_exit_exit                           0x08000265   Thumb Code     0  rtexit2.o(.ARM.Collect$$rtexit$$00000004)
    SVC_Handler                              0x0800026d   Thumb Code    28  port.o(.emb_text)
    __asm___6_port_c_39a90d8d__prvStartFirstTask 0x0800028d   Thumb Code    36  port.o(.emb_text)
    __asm___6_port_c_39a90d8d__prvEnableVFP  0x080002b5   Thumb Code    16  port.o(.emb_text)
    PendSV_Handler                           0x080002c9   Thumb Code    88  port.o(.emb_text)
    vPortGetIPSR                             0x08000325   Thumb Code     6  port.o(.emb_text)
    Reset_Handler                            0x0800032d   Thumb Code     8  startup_stm32f407xx.o(.text)
    ADC_IRQHandler                           0x08000347   Thumb Code     0  startup_stm32f407xx.o(.text)
    CAN1_RX1_IRQHandler                      0x08000347   Thumb Code     0  startup_stm32f407xx.o(.text)
    CAN1_SCE_IRQHandler                      0x08000347   Thumb Code     0  startup_stm32f407xx.o(.text)
    CAN1_TX_IRQHandler                       0x08000347   Thumb Code     0  startup_stm32f407xx.o(.text)
    CAN2_RX1_IRQHandler                      0x08000347   Thumb Code     0  startup_stm32f407xx.o(.text)
    CAN2_SCE_IRQHandler                      0x08000347   Thumb Code     0  startup_stm32f407xx.o(.text)
    CAN2_TX_IRQHandler                       0x08000347   Thumb Code     0  startup_stm32f407xx.o(.text)
    DCMI_IRQHandler                          0x08000347   Thumb Code     0  startup_stm32f407xx.o(.text)
    DMA1_Stream0_IRQHandler                  0x08000347   Thumb Code     0  startup_stm32f407xx.o(.text)
    DMA1_Stream2_IRQHandler                  0x08000347   Thumb Code     0  startup_stm32f407xx.o(.text)
    DMA1_Stream3_IRQHandler                  0x08000347   Thumb Code     0  startup_stm32f407xx.o(.text)
    DMA1_Stream4_IRQHandler                  0x08000347   Thumb Code     0  startup_stm32f407xx.o(.text)
    DMA1_Stream5_IRQHandler                  0x08000347   Thumb Code     0  startup_stm32f407xx.o(.text)
    DMA1_Stream6_IRQHandler                  0x08000347   Thumb Code     0  startup_stm32f407xx.o(.text)
    DMA1_Stream7_IRQHandler                  0x08000347   Thumb Code     0  startup_stm32f407xx.o(.text)
    DMA2_Stream0_IRQHandler                  0x08000347   Thumb Code     0  startup_stm32f407xx.o(.text)
    DMA2_Stream1_IRQHandler                  0x08000347   Thumb Code     0  startup_stm32f407xx.o(.text)
    DMA2_Stream2_IRQHandler                  0x08000347   Thumb Code     0  startup_stm32f407xx.o(.text)
    DMA2_Stream4_IRQHandler                  0x08000347   Thumb Code     0  startup_stm32f407xx.o(.text)
    DMA2_Stream5_IRQHandler                  0x08000347   Thumb Code     0  startup_stm32f407xx.o(.text)
    DMA2_Stream6_IRQHandler                  0x08000347   Thumb Code     0  startup_stm32f407xx.o(.text)
    DMA2_Stream7_IRQHandler                  0x08000347   Thumb Code     0  startup_stm32f407xx.o(.text)
    ETH_IRQHandler                           0x08000347   Thumb Code     0  startup_stm32f407xx.o(.text)
    ETH_WKUP_IRQHandler                      0x08000347   Thumb Code     0  startup_stm32f407xx.o(.text)
    EXTI0_IRQHandler                         0x08000347   Thumb Code     0  startup_stm32f407xx.o(.text)
    EXTI15_10_IRQHandler                     0x08000347   Thumb Code     0  startup_stm32f407xx.o(.text)
    EXTI1_IRQHandler                         0x08000347   Thumb Code     0  startup_stm32f407xx.o(.text)
    EXTI2_IRQHandler                         0x08000347   Thumb Code     0  startup_stm32f407xx.o(.text)
    EXTI3_IRQHandler                         0x08000347   Thumb Code     0  startup_stm32f407xx.o(.text)
    EXTI4_IRQHandler                         0x08000347   Thumb Code     0  startup_stm32f407xx.o(.text)
    EXTI9_5_IRQHandler                       0x08000347   Thumb Code     0  startup_stm32f407xx.o(.text)
    FLASH_IRQHandler                         0x08000347   Thumb Code     0  startup_stm32f407xx.o(.text)
    FMC_IRQHandler                           0x08000347   Thumb Code     0  startup_stm32f407xx.o(.text)
    FPU_IRQHandler                           0x08000347   Thumb Code     0  startup_stm32f407xx.o(.text)
    HASH_RNG_IRQHandler                      0x08000347   Thumb Code     0  startup_stm32f407xx.o(.text)
    I2C1_ER_IRQHandler                       0x08000347   Thumb Code     0  startup_stm32f407xx.o(.text)
    I2C1_EV_IRQHandler                       0x08000347   Thumb Code     0  startup_stm32f407xx.o(.text)
    I2C2_ER_IRQHandler                       0x08000347   Thumb Code     0  startup_stm32f407xx.o(.text)
    I2C2_EV_IRQHandler                       0x08000347   Thumb Code     0  startup_stm32f407xx.o(.text)
    I2C3_ER_IRQHandler                       0x08000347   Thumb Code     0  startup_stm32f407xx.o(.text)
    I2C3_EV_IRQHandler                       0x08000347   Thumb Code     0  startup_stm32f407xx.o(.text)
    OTG_FS_IRQHandler                        0x08000347   Thumb Code     0  startup_stm32f407xx.o(.text)
    OTG_FS_WKUP_IRQHandler                   0x08000347   Thumb Code     0  startup_stm32f407xx.o(.text)
    OTG_HS_EP1_IN_IRQHandler                 0x08000347   Thumb Code     0  startup_stm32f407xx.o(.text)
    OTG_HS_EP1_OUT_IRQHandler                0x08000347   Thumb Code     0  startup_stm32f407xx.o(.text)
    OTG_HS_IRQHandler                        0x08000347   Thumb Code     0  startup_stm32f407xx.o(.text)
    OTG_HS_WKUP_IRQHandler                   0x08000347   Thumb Code     0  startup_stm32f407xx.o(.text)
    PVD_IRQHandler                           0x08000347   Thumb Code     0  startup_stm32f407xx.o(.text)
    RCC_IRQHandler                           0x08000347   Thumb Code     0  startup_stm32f407xx.o(.text)
    RTC_Alarm_IRQHandler                     0x08000347   Thumb Code     0  startup_stm32f407xx.o(.text)
    RTC_WKUP_IRQHandler                      0x08000347   Thumb Code     0  startup_stm32f407xx.o(.text)
    SDIO_IRQHandler                          0x08000347   Thumb Code     0  startup_stm32f407xx.o(.text)
    SPI1_IRQHandler                          0x08000347   Thumb Code     0  startup_stm32f407xx.o(.text)
    SPI2_IRQHandler                          0x08000347   Thumb Code     0  startup_stm32f407xx.o(.text)
    SPI3_IRQHandler                          0x08000347   Thumb Code     0  startup_stm32f407xx.o(.text)
    TAMP_STAMP_IRQHandler                    0x08000347   Thumb Code     0  startup_stm32f407xx.o(.text)
    TIM1_BRK_TIM9_IRQHandler                 0x08000347   Thumb Code     0  startup_stm32f407xx.o(.text)
    TIM1_CC_IRQHandler                       0x08000347   Thumb Code     0  startup_stm32f407xx.o(.text)
    TIM1_TRG_COM_TIM11_IRQHandler            0x08000347   Thumb Code     0  startup_stm32f407xx.o(.text)
    TIM1_UP_TIM10_IRQHandler                 0x08000347   Thumb Code     0  startup_stm32f407xx.o(.text)
    TIM2_IRQHandler                          0x08000347   Thumb Code     0  startup_stm32f407xx.o(.text)
    TIM3_IRQHandler                          0x08000347   Thumb Code     0  startup_stm32f407xx.o(.text)
    TIM4_IRQHandler                          0x08000347   Thumb Code     0  startup_stm32f407xx.o(.text)
    TIM5_IRQHandler                          0x08000347   Thumb Code     0  startup_stm32f407xx.o(.text)
    TIM6_DAC_IRQHandler                      0x08000347   Thumb Code     0  startup_stm32f407xx.o(.text)
    TIM7_IRQHandler                          0x08000347   Thumb Code     0  startup_stm32f407xx.o(.text)
    TIM8_BRK_TIM12_IRQHandler                0x08000347   Thumb Code     0  startup_stm32f407xx.o(.text)
    TIM8_CC_IRQHandler                       0x08000347   Thumb Code     0  startup_stm32f407xx.o(.text)
    TIM8_TRG_COM_TIM14_IRQHandler            0x08000347   Thumb Code     0  startup_stm32f407xx.o(.text)
    TIM8_UP_TIM13_IRQHandler                 0x08000347   Thumb Code     0  startup_stm32f407xx.o(.text)
    UART4_IRQHandler                         0x08000347   Thumb Code     0  startup_stm32f407xx.o(.text)
    UART5_IRQHandler                         0x08000347   Thumb Code     0  startup_stm32f407xx.o(.text)
    USART2_IRQHandler                        0x08000347   Thumb Code     0  startup_stm32f407xx.o(.text)
    USART6_IRQHandler                        0x08000347   Thumb Code     0  startup_stm32f407xx.o(.text)
    WWDG_IRQHandler                          0x08000347   Thumb Code     0  startup_stm32f407xx.o(.text)
    __user_initial_stackheap                 0x08000349   Thumb Code     0  startup_stm32f407xx.o(.text)
    __aeabi_uldivmod                         0x0800036d   Thumb Code     0  lludivv7m.o(.text)
    _ll_udiv                                 0x0800036d   Thumb Code   238  lludivv7m.o(.text)
    __aeabi_memcpy                           0x0800045b   Thumb Code     0  rt_memcpy_v6.o(.text)
    __rt_memcpy                              0x0800045b   Thumb Code   138  rt_memcpy_v6.o(.text)
    _memcpy_lastbytes                        0x080004c1   Thumb Code     0  rt_memcpy_v6.o(.text)
    __aeabi_memset                           0x080004e5   Thumb Code    16  aeabi_memset.o(.text)
    __aeabi_memclr4                          0x080004f5   Thumb Code     0  rt_memclr_w.o(.text)
    __aeabi_memclr8                          0x080004f5   Thumb Code     0  rt_memclr_w.o(.text)
    __rt_memclr_w                            0x080004f5   Thumb Code    78  rt_memclr_w.o(.text)
    _memset_w                                0x080004f9   Thumb Code     0  rt_memclr_w.o(.text)
    __use_two_region_memory                  0x08000543   Thumb Code     2  heapauxi.o(.text)
    __rt_heap_escrow$2region                 0x08000545   Thumb Code     2  heapauxi.o(.text)
    __rt_heap_expand$2region                 0x08000547   Thumb Code     2  heapauxi.o(.text)
    __cpp_initialize__aeabi_                 0x08000549   Thumb Code    26  init_aeabi.o(.text)
    __aeabi_memcpy4                          0x0800056d   Thumb Code     0  rt_memcpy_w.o(.text)
    __aeabi_memcpy8                          0x0800056d   Thumb Code     0  rt_memcpy_w.o(.text)
    __rt_memcpy_w                            0x0800056d   Thumb Code   100  rt_memcpy_w.o(.text)
    _memcpy_lastbytes_aligned                0x080005b5   Thumb Code     0  rt_memcpy_w.o(.text)
    __aeabi_memclr                           0x080005d1   Thumb Code     0  rt_memclr.o(.text)
    __rt_memclr                              0x080005d1   Thumb Code    68  rt_memclr.o(.text)
    _memset                                  0x080005d5   Thumb Code     0  rt_memclr.o(.text)
    __user_libspace                          0x08000615   Thumb Code     8  libspace.o(.text)
    __user_perproc_libspace                  0x08000615   Thumb Code     0  libspace.o(.text)
    __user_perthread_libspace                0x08000615   Thumb Code     0  libspace.o(.text)
    __user_setup_stackheap                   0x0800061d   Thumb Code    74  sys_stackheap_outer.o(.text)
    exit                                     0x08000667   Thumb Code    18  exit.o(.text)
    _sys_exit                                0x08000679   Thumb Code     8  sys_exit.o(.text)
    __I$use$semihosting                      0x08000685   Thumb Code     0  use_no_semi.o(.text)
    __use_no_semihosting_swi                 0x08000685   Thumb Code     2  use_no_semi.o(.text)
    BusFault_Handler                         0x08000687   Thumb Code     4  stm32f4xx_it.o(i.BusFault_Handler)
    __semihosting_library_function           0x08000687   Thumb Code     0  indicate_semi.o(.text)
    CAN1_RX0_IRQHandler                      0x0800068d   Thumb Code    10  stm32f4xx_it.o(i.CAN1_RX0_IRQHandler)
    CAN2_RX0_IRQHandler                      0x0800069d   Thumb Code    10  stm32f4xx_it.o(i.CAN2_RX0_IRQHandler)
    DMA1_Stream1_IRQHandler                  0x080006ad   Thumb Code    10  stm32f4xx_it.o(i.DMA1_Stream1_IRQHandler)
    DMA2_Stream3_IRQHandler                  0x080006bd   Thumb Code    10  stm32f4xx_it.o(i.DMA2_Stream3_IRQHandler)
    DebugMon_Handler                         0x080007ab   Thumb Code     2  stm32f4xx_it.o(i.DebugMon_Handler)
    Error_Handler                            0x080007ad   Thumb Code     6  main.o(i.Error_Handler)
    HAL_CAN_ActivateNotification             0x080007b3   Thumb Code    42  stm32f4xx_hal_can.o(i.HAL_CAN_ActivateNotification)
    HAL_CAN_AddTxMessage                     0x080007dd   Thumb Code   342  stm32f4xx_hal_can.o(i.HAL_CAN_AddTxMessage)
    HAL_CAN_ConfigFilter                     0x08000935   Thumb Code   286  stm32f4xx_hal_can.o(i.HAL_CAN_ConfigFilter)
    HAL_CAN_ErrorCallback                    0x08000a59   Thumb Code     2  stm32f4xx_hal_can.o(i.HAL_CAN_ErrorCallback)
    HAL_CAN_GetRxMessage                     0x08000a5b   Thumb Code   378  stm32f4xx_hal_can.o(i.HAL_CAN_GetRxMessage)
    HAL_CAN_IRQHandler                       0x08000bd5   Thumb Code   590  stm32f4xx_hal_can.o(i.HAL_CAN_IRQHandler)
    HAL_CAN_Init                             0x08000e23   Thumb Code   372  stm32f4xx_hal_can.o(i.HAL_CAN_Init)
    HAL_CAN_MspInit                          0x08000f99   Thumb Code   328  can.o(i.HAL_CAN_MspInit)
    HAL_CAN_RxFifo0FullCallback              0x080010f9   Thumb Code     2  stm32f4xx_hal_can.o(i.HAL_CAN_RxFifo0FullCallback)
    HAL_CAN_RxFifo0MsgPendingCallback        0x080010fd   Thumb Code   544  app_motor.o(i.HAL_CAN_RxFifo0MsgPendingCallback)
    HAL_CAN_RxFifo1FullCallback              0x08001341   Thumb Code     2  stm32f4xx_hal_can.o(i.HAL_CAN_RxFifo1FullCallback)
    HAL_CAN_RxFifo1MsgPendingCallback        0x08001343   Thumb Code     2  stm32f4xx_hal_can.o(i.HAL_CAN_RxFifo1MsgPendingCallback)
    HAL_CAN_SleepCallback                    0x08001345   Thumb Code     2  stm32f4xx_hal_can.o(i.HAL_CAN_SleepCallback)
    HAL_CAN_Start                            0x08001347   Thumb Code    94  stm32f4xx_hal_can.o(i.HAL_CAN_Start)
    HAL_CAN_TxMailbox0AbortCallback          0x080013a5   Thumb Code     2  stm32f4xx_hal_can.o(i.HAL_CAN_TxMailbox0AbortCallback)
    HAL_CAN_TxMailbox0CompleteCallback       0x080013a7   Thumb Code     2  stm32f4xx_hal_can.o(i.HAL_CAN_TxMailbox0CompleteCallback)
    HAL_CAN_TxMailbox1AbortCallback          0x080013a9   Thumb Code     2  stm32f4xx_hal_can.o(i.HAL_CAN_TxMailbox1AbortCallback)
    HAL_CAN_TxMailbox1CompleteCallback       0x080013ab   Thumb Code     2  stm32f4xx_hal_can.o(i.HAL_CAN_TxMailbox1CompleteCallback)
    HAL_CAN_TxMailbox2AbortCallback          0x080013ad   Thumb Code     2  stm32f4xx_hal_can.o(i.HAL_CAN_TxMailbox2AbortCallback)
    HAL_CAN_TxMailbox2CompleteCallback       0x080013af   Thumb Code     2  stm32f4xx_hal_can.o(i.HAL_CAN_TxMailbox2CompleteCallback)
    HAL_CAN_WakeUpFromRxMsgCallback          0x080013b1   Thumb Code     2  stm32f4xx_hal_can.o(i.HAL_CAN_WakeUpFromRxMsgCallback)
    HAL_DMA_Abort                            0x080013b3   Thumb Code   172  stm32f4xx_hal_dma.o(i.HAL_DMA_Abort)
    HAL_DMA_Abort_IT                         0x0800145f   Thumb Code    40  stm32f4xx_hal_dma.o(i.HAL_DMA_Abort_IT)
    HAL_DMA_IRQHandler                       0x08001489   Thumb Code   570  stm32f4xx_hal_dma.o(i.HAL_DMA_IRQHandler)
    HAL_DMA_Init                             0x080016c9   Thumb Code   232  stm32f4xx_hal_dma.o(i.HAL_DMA_Init)
    HAL_GPIO_Init                            0x080017b5   Thumb Code   454  stm32f4xx_hal_gpio.o(i.HAL_GPIO_Init)
    HAL_GPIO_ReadPin                         0x080019a9   Thumb Code    16  stm32f4xx_hal_gpio.o(i.HAL_GPIO_ReadPin)
    HAL_GPIO_WritePin                        0x080019b9   Thumb Code    12  stm32f4xx_hal_gpio.o(i.HAL_GPIO_WritePin)
    HAL_GetTick                              0x080019c5   Thumb Code     6  stm32f4xx_hal.o(i.HAL_GetTick)
    HAL_IncTick                              0x080019d1   Thumb Code    16  stm32f4xx_hal.o(i.HAL_IncTick)
    HAL_Init                                 0x080019e9   Thumb Code    54  stm32f4xx_hal.o(i.HAL_Init)
    HAL_InitTick                             0x08001a25   Thumb Code    64  stm32f4xx_hal.o(i.HAL_InitTick)
    HAL_MspInit                              0x08001a71   Thumb Code    78  stm32f4xx_hal_msp.o(i.HAL_MspInit)
    HAL_NVIC_EnableIRQ                       0x08001ac5   Thumb Code    32  stm32f4xx_hal_cortex.o(i.HAL_NVIC_EnableIRQ)
    HAL_NVIC_SetPriority                     0x08001ae5   Thumb Code   124  stm32f4xx_hal_cortex.o(i.HAL_NVIC_SetPriority)
    HAL_NVIC_SetPriorityGrouping             0x08001b61   Thumb Code    32  stm32f4xx_hal_cortex.o(i.HAL_NVIC_SetPriorityGrouping)
    HAL_RCC_ClockConfig                      0x08001b89   Thumb Code   368  stm32f4xx_hal_rcc.o(i.HAL_RCC_ClockConfig)
    HAL_RCC_GetHCLKFreq                      0x08001d0d   Thumb Code     6  stm32f4xx_hal_rcc.o(i.HAL_RCC_GetHCLKFreq)
    HAL_RCC_GetPCLK1Freq                     0x08001d19   Thumb Code    22  stm32f4xx_hal_rcc.o(i.HAL_RCC_GetPCLK1Freq)
    HAL_RCC_GetPCLK2Freq                     0x08001d39   Thumb Code    22  stm32f4xx_hal_rcc.o(i.HAL_RCC_GetPCLK2Freq)
    HAL_RCC_GetSysClockFreq                  0x08001d59   Thumb Code   162  stm32f4xx_hal_rcc.o(i.HAL_RCC_GetSysClockFreq)
    HAL_RCC_OscConfig                        0x08001e09   Thumb Code  1172  stm32f4xx_hal_rcc.o(i.HAL_RCC_OscConfig)
    HAL_SYSTICK_Config                       0x080022a5   Thumb Code    52  stm32f4xx_hal_cortex.o(i.HAL_SYSTICK_Config)
    HAL_TIMEx_ConfigBreakDeadTime            0x080022d9   Thumb Code   116  stm32f4xx_hal_tim_ex.o(i.HAL_TIMEx_ConfigBreakDeadTime)
    HAL_TIMEx_MasterConfigSynchronization    0x0800234d   Thumb Code   150  stm32f4xx_hal_tim_ex.o(i.HAL_TIMEx_MasterConfigSynchronization)
    HAL_TIM_Base_Init                        0x08002401   Thumb Code   102  stm32f4xx_hal_tim.o(i.HAL_TIM_Base_Init)
    HAL_TIM_Base_MspInit                     0x08002469   Thumb Code   156  tim.o(i.HAL_TIM_Base_MspInit)
    HAL_TIM_Base_Start                       0x08002519   Thumb Code   126  stm32f4xx_hal_tim.o(i.HAL_TIM_Base_Start)
    HAL_TIM_ConfigClockSource                0x080025b5   Thumb Code   268  stm32f4xx_hal_tim.o(i.HAL_TIM_ConfigClockSource)
    HAL_TIM_MspPostInit                      0x080026c1   Thumb Code   154  tim.o(i.HAL_TIM_MspPostInit)
    HAL_TIM_PWM_ConfigChannel                0x08002771   Thumb Code   260  stm32f4xx_hal_tim.o(i.HAL_TIM_PWM_ConfigChannel)
    HAL_TIM_PWM_Init                         0x08002875   Thumb Code   102  stm32f4xx_hal_tim.o(i.HAL_TIM_PWM_Init)
    HAL_TIM_PWM_MspInit                      0x080028db   Thumb Code     2  stm32f4xx_hal_tim.o(i.HAL_TIM_PWM_MspInit)
    HAL_TIM_PWM_Start                        0x080028dd   Thumb Code   238  stm32f4xx_hal_tim.o(i.HAL_TIM_PWM_Start)
    HAL_UARTEx_ReceiveToIdle                 0x080029e9   Thumb Code   320  stm32f4xx_hal_uart.o(i.HAL_UARTEx_ReceiveToIdle)
    HAL_UARTEx_RxEventCallback               0x08002b29   Thumb Code     2  stm32f4xx_hal_uart.o(i.HAL_UARTEx_RxEventCallback)
    HAL_UART_ErrorCallback                   0x08002b2b   Thumb Code     2  stm32f4xx_hal_uart.o(i.HAL_UART_ErrorCallback)
    HAL_UART_IRQHandler                      0x08002b2d   Thumb Code   732  stm32f4xx_hal_uart.o(i.HAL_UART_IRQHandler)
    HAL_UART_Init                            0x08002e0d   Thumb Code   114  stm32f4xx_hal_uart.o(i.HAL_UART_Init)
    HAL_UART_MspInit                         0x08002e81   Thumb Code   502  usart.o(i.HAL_UART_MspInit)
    HAL_UART_RxCpltCallback                  0x080030a1   Thumb Code     2  stm32f4xx_hal_uart.o(i.HAL_UART_RxCpltCallback)
    HAL_UART_Transmit                        0x080030a3   Thumb Code   210  stm32f4xx_hal_uart.o(i.HAL_UART_Transmit)
    HAL_UART_TxCpltCallback                  0x08003175   Thumb Code     2  stm32f4xx_hal_uart.o(i.HAL_UART_TxCpltCallback)
    HardFault_Handler                        0x08003177   Thumb Code     4  stm32f4xx_it.o(i.HardFault_Handler)
    Kinematics_task                          0x0800317d   Thumb Code   110  kinematics_task.o(i.Kinematics_task)
    Led_task                                 0x08003201   Thumb Code    32  freertos.o(i.Led_task)
    MX_CAN1_Init                             0x08003229   Thumb Code    64  can.o(i.MX_CAN1_Init)
    MX_CAN2_Init                             0x08003271   Thumb Code    64  can.o(i.MX_CAN2_Init)
    MX_DMA_Init                              0x080032b9   Thumb Code    98  dma.o(i.MX_DMA_Init)
    MX_FREERTOS_Init                         0x08003321   Thumb Code    60  freertos.o(i.MX_FREERTOS_Init)
    MX_GPIO_Init                             0x0800338d   Thumb Code   312  gpio.o(i.MX_GPIO_Init)
    MX_TIM5_Init                             0x080034d1   Thumb Code   190  tim.o(i.MX_TIM5_Init)
    MX_TIM8_Init                             0x08003599   Thumb Code   204  tim.o(i.MX_TIM8_Init)
    MX_USART1_UART_Init                      0x0800366d   Thumb Code    44  usart.o(i.MX_USART1_UART_Init)
    MX_USART3_UART_Init                      0x080036a5   Thumb Code    44  usart.o(i.MX_USART3_UART_Init)
    MX_USART6_UART_Init                      0x080036dd   Thumb Code    46  usart.o(i.MX_USART6_UART_Init)
    MemManage_Handler                        0x08003715   Thumb Code     4  stm32f4xx_it.o(i.MemManage_Handler)
    Message_task                             0x08003719   Thumb Code    56  message_task.o(i.Message_task)
    NMI_Handler                              0x08003759   Thumb Code     4  stm32f4xx_it.o(i.NMI_Handler)
    RC_Init                                  0x0800375d   Thumb Code   142  bsp_rc.o(i.RC_Init)
    StartDefaultTask                         0x080037f9   Thumb Code    10  freertos.o(i.StartDefaultTask)
    SysTick_Handler                          0x08003803   Thumb Code    20  stm32f4xx_it.o(i.SysTick_Handler)
    SystemClock_Config                       0x08003819   Thumb Code   170  main.o(i.SystemClock_Config)
    SystemInit                               0x080038cd   Thumb Code    14  system_stm32f4xx.o(i.SystemInit)
    TIM_Base_SetConfig                       0x080038e1   Thumb Code   170  stm32f4xx_hal_tim.o(i.TIM_Base_SetConfig)
    TIM_CCxChannelCmd                        0x080039b9   Thumb Code    34  stm32f4xx_hal_tim.o(i.TIM_CCxChannelCmd)
    TIM_ETR_SetConfig                        0x080039db   Thumb Code    22  stm32f4xx_hal_tim.o(i.TIM_ETR_SetConfig)
    TIM_OC2_SetConfig                        0x08003a75   Thumb Code   114  stm32f4xx_hal_tim.o(i.TIM_OC2_SetConfig)
    USART1_IRQHandler                        0x080040c5   Thumb Code    10  stm32f4xx_it.o(i.USART1_IRQHandler)
    USART3_IRQHandler                        0x080040d5   Thumb Code   264  remote_control.o(i.USART3_IRQHandler)
    UsageFault_Handler                       0x080041f9   Thumb Code     4  stm32f4xx_it.o(i.UsageFault_Handler)
    modify_data(MOTOR_send*)                 0x080041fd   Thumb Code   530  go-m8010-6.o(i._Z11modify_dataP10MOTOR_send)
    start_motor(unsigned short)              0x08004441   Thumb Code    74  app_motor.o(i._Z11start_motort)
    PID_cala8010(MOTOR_send*, MOTOR_recv*)   0x08004491   Thumb Code   382  go-m8010-6.o(i._Z12PID_cala8010P10MOTOR_sendP10MOTOR_recv)
    extract_data(MOTOR_recv*)                0x08004655   Thumb Code   152  go-m8010-6.o(i._Z12extract_dataP10MOTOR_recv)
    ctrl_motor_pv(unsigned short, float, float) 0x080046f9   Thumb Code    92  app_motor.o(i._Z13ctrl_motor_pvtff)
    uint_to_float(int, float, float, int)    0x08004759   Thumb Code    52  app_motor.o(i._Z13uint_to_floatiffi)
    SERVO_Send_recv(MOTOR_send*, MOTOR_recv*) 0x080047a5   Thumb Code   160  go-m8010-6.o(i._Z15SERVO_Send_recvP10MOTOR_sendP10MOTOR_recv)
    Message_bag::ARMControl()                0x0800487d   Thumb Code   212  message_task.o(i._ZN11Message_bag10ARMControlEv)
    Message_bag::Message_Send()              0x08004951   Thumb Code    24  message_task.o(i._ZN11Message_bag12Message_SendEv)
    Message_bag::Messag_bag_Init()           0x08004969   Thumb Code    12  message_task.o(i._ZN11Message_bag15Messag_bag_InitEv)
    Message_bag::Message_Feedback()          0x08004975   Thumb Code    34  message_task.o(i._ZN11Message_bag16Message_FeedbackEv)
    Message_bag::PC_to_robotstate()          0x0800499d   Thumb Code   566  message_task.o(i._ZN11Message_bag16PC_to_robotstateEv)
    Message_bag::Operate_to_robotstate()     0x08004bd3   Thumb Code    12  message_task.o(i._ZN11Message_bag21Operate_to_robotstateEv)
    Message_bag::SendData(unsigned, short, short) 0x08004be1   Thumb Code    50  message_task.o(i._ZN11Message_bag8SendDataEjss)
    Message_bag::Message_bag()               0x08004c19   Thumb Code    62  message_task.o(i._ZN11Message_bagC1Ev)
    Message_bag::Message_bag__sub_object()   0x08004c19   Thumb Code     0  message_task.o(i._ZN11Message_bagC1Ev)
    ArmControl_base::ArmControl(float*)      0x08004c59   Thumb Code   114  kinematics_task.o(i._ZN15ArmControl_base10ArmControlEPf)
    ArmControl_base::ArmModeGoing()          0x08004cd5   Thumb Code    12  kinematics_task.o(i._ZN15ArmControl_base12ArmModeGoingEv)
    ArmControl_base::PCArmContorl()          0x08004ce1   Thumb Code   980  kinematics_task.o(i._ZN15ArmControl_base12PCArmContorlEv)
    ArmControl_base::ArmControl_base()       0x080050dd   Thumb Code    88  kinematics_task.o(i._ZN15ArmControl_baseC1Ev)
    ArmControl_base::ArmControl_base__sub_object() 0x080050dd   Thumb Code     0  kinematics_task.o(i._ZN15ArmControl_baseC1Ev)
    key::key_num_sum(unsigned char, key_t*)  0x0800513d   Thumb Code    64  message_task.o(i._ZN3key11key_num_sumEhP5key_t)
    key::key_long_press(unsigned char, key_t*) 0x0800517d   Thumb Code    18  message_task.o(i._ZN3key14key_long_pressEhP5key_t)
    key::key_clear(key_t*)                   0x0800518f   Thumb Code     8  message_task.o(i._ZN3key9key_clearEP5key_t)
    std::fabs(float)                         0x08005197   Thumb Code    10  go-m8010-6.o(i._ZSt4fabsf)
    aRGB_led_show                            0x08005201   Thumb Code    82  led.o(i.aRGB_led_show)
    can_filter_init                          0x08005269   Thumb Code    98  can.o(i.can_filter_init)
    get_remote_control_point                 0x080052d5   Thumb Code     4  remote_control.o(i.get_remote_control_point)
    main                                     0x080052dd   Thumb Code    98  main.o(i.main)
    osDelay                                  0x08005345   Thumb Code    30  cmsis_os2.o(i.osDelay)
    osKernelInitialize                       0x08005365   Thumb Code    38  cmsis_os2.o(i.osKernelInitialize)
    osKernelStart                            0x08005391   Thumb Code    82  cmsis_os2.o(i.osKernelStart)
    osThreadNew                              0x080053f1   Thumb Code   184  cmsis_os2.o(i.osThreadNew)
    pvPortMalloc                             0x08005ecd   Thumb Code   306  heap_4.o(i.pvPortMalloc)
    pxPortInitialiseStack                    0x08006019   Thumb Code    38  port.o(i.pxPortInitialiseStack)
    remote_control_init                      0x08006045   Thumb Code    16  remote_control.o(i.remote_control_init)
    uxListRemove                             0x08006133   Thumb Code    40  list.o(i.uxListRemove)
    vApplicationGetIdleTaskMemory            0x0800615d   Thumb Code    14  cmsis_os2.o(i.vApplicationGetIdleTaskMemory)
    vApplicationGetTimerTaskMemory           0x08006175   Thumb Code    16  cmsis_os2.o(i.vApplicationGetTimerTaskMemory)
    vListInitialise                          0x0800618d   Thumb Code    26  list.o(i.vListInitialise)
    vListInitialiseItem                      0x080061a7   Thumb Code     6  list.o(i.vListInitialiseItem)
    vListInsert                              0x080061ad   Thumb Code    52  list.o(i.vListInsert)
    vListInsertEnd                           0x080061e1   Thumb Code    24  list.o(i.vListInsertEnd)
    vPortEnterCritical                       0x080061f9   Thumb Code    76  port.o(i.vPortEnterCritical)
    vPortExitCritical                        0x0800624d   Thumb Code    56  port.o(i.vPortExitCritical)
    vPortFree                                0x08006289   Thumb Code   150  heap_4.o(i.vPortFree)
    vPortSetupTimerInterrupt                 0x0800632d   Thumb Code    36  port.o(i.vPortSetupTimerInterrupt)
    vPortValidateInterruptPriority           0x08006355   Thumb Code   106  port.o(i.vPortValidateInterruptPriority)
    vQueueAddToRegistry                      0x080063cd   Thumb Code    38  queue.o(i.vQueueAddToRegistry)
    vQueueWaitForMessageRestricted           0x080063f9   Thumb Code    74  queue.o(i.vQueueWaitForMessageRestricted)
    vTaskDelay                               0x08006445   Thumb Code    82  tasks.o(i.vTaskDelay)
    vTaskInternalSetTimeOutState             0x080064a1   Thumb Code    14  tasks.o(i.vTaskInternalSetTimeOutState)
    vTaskMissedYield                         0x080064b9   Thumb Code     8  tasks.o(i.vTaskMissedYield)
    vTaskPlaceOnEventList                    0x080064c5   Thumb Code    52  tasks.o(i.vTaskPlaceOnEventList)
    vTaskPlaceOnEventListRestricted          0x080064fd   Thumb Code    60  tasks.o(i.vTaskPlaceOnEventListRestricted)
    vTaskStartScheduler                      0x0800653d   Thumb Code   156  tasks.o(i.vTaskStartScheduler)
    vTaskSuspendAll                          0x080065f5   Thumb Code    12  tasks.o(i.vTaskSuspendAll)
    vTaskSwitchContext                       0x08006605   Thumb Code   122  tasks.o(i.vTaskSwitchContext)
    xPortStartScheduler                      0x08006695   Thumb Code   330  port.o(i.xPortStartScheduler)
    xPortSysTickHandler                      0x080067fd   Thumb Code    46  port.o(i.xPortSysTickHandler)
    xQueueGenericCreateStatic                0x08006831   Thumb Code   224  queue.o(i.xQueueGenericCreateStatic)
    xQueueGenericReset                       0x08006911   Thumb Code   146  queue.o(i.xQueueGenericReset)
    xQueueGenericSend                        0x080069a9   Thumb Code   420  queue.o(i.xQueueGenericSend)
    xQueueGenericSendFromISR                 0x08006b51   Thumb Code   252  queue.o(i.xQueueGenericSendFromISR)
    xQueueReceive                            0x08006c4d   Thumb Code   356  queue.o(i.xQueueReceive)
    xTaskCheckForTimeOut                     0x08006db5   Thumb Code   132  tasks.o(i.xTaskCheckForTimeOut)
    xTaskCreate                              0x08006e41   Thumb Code   100  tasks.o(i.xTaskCreate)
    xTaskCreateStatic                        0x08006ea5   Thumb Code   186  tasks.o(i.xTaskCreateStatic)
    xTaskGetSchedulerState                   0x08006f61   Thumb Code    24  tasks.o(i.xTaskGetSchedulerState)
    xTaskGetTickCount                        0x08006f81   Thumb Code     6  tasks.o(i.xTaskGetTickCount)
    xTaskIncrementTick                       0x08006f8d   Thumb Code   280  tasks.o(i.xTaskIncrementTick)
    xTaskPriorityDisinherit                  0x080070d1   Thumb Code   152  tasks.o(i.xTaskPriorityDisinherit)
    xTaskRemoveFromEventList                 0x08007175   Thumb Code   126  tasks.o(i.xTaskRemoveFromEventList)
    xTaskResumeAll                           0x0800720d   Thumb Code   222  tasks.o(i.xTaskResumeAll)
    xTimerCreateTimerTask                    0x08007311   Thumb Code   100  timers.o(i.xTimerCreateTimerTask)
    xTimerGenericCommand                     0x08007389   Thumb Code   128  timers.o(i.xTimerGenericCommand)
    __aeabi_d2f                              0x0800740d   Thumb Code     0  d2f.o(x$fpl$d2f)
    _d2f                                     0x0800740d   Thumb Code    98  d2f.o(x$fpl$d2f)
    __aeabi_dadd                             0x08007471   Thumb Code     0  daddsub_clz.o(x$fpl$dadd)
    _dadd                                    0x08007471   Thumb Code   332  daddsub_clz.o(x$fpl$dadd)
    __aeabi_ui2d                             0x080075c1   Thumb Code     0  dflt_clz.o(x$fpl$dfltu)
    _dfltu                                   0x080075c1   Thumb Code    38  dflt_clz.o(x$fpl$dfltu)
    __aeabi_dmul                             0x080075e9   Thumb Code     0  dmul.o(x$fpl$dmul)
    _dmul                                    0x080075e9   Thumb Code   332  dmul.o(x$fpl$dmul)
    __fpl_dnaninf                            0x0800773d   Thumb Code   156  dnaninf.o(x$fpl$dnaninf)
    __fpl_dretinf                            0x080077d9   Thumb Code    12  dretinf.o(x$fpl$dretinf)
    __aeabi_dsub                             0x080077e5   Thumb Code     0  daddsub_clz.o(x$fpl$dsub)
    _dsub                                    0x080077e5   Thumb Code   464  daddsub_clz.o(x$fpl$dsub)
    __aeabi_f2d                              0x080079b9   Thumb Code     0  f2d.o(x$fpl$f2d)
    _f2d                                     0x080079b9   Thumb Code    86  f2d.o(x$fpl$f2d)
    __fpl_fnaninf                            0x08007a0f   Thumb Code   140  fnaninf.o(x$fpl$fnaninf)
    _fp_init                                 0x08007a9b   Thumb Code    10  fpinit.o(x$fpl$fpinit)
    __fplib_config_fpu_vfp                   0x08007aa3   Thumb Code     0  fpinit.o(x$fpl$fpinit)
    __fplib_config_pureend_doubles           0x08007aa3   Thumb Code     0  fpinit.o(x$fpl$fpinit)
    __fpl_fretinf                            0x08007aa5   Thumb Code    10  fretinf.o(x$fpl$fretinf)
    __I$use$fp                               0x08007aae   Number         0  usenofp.o(x$fpl$usenofp)
    defaultTask_attributes                   0x08007ab0   Data          36  freertos.o(.constdata)
    Kinematics_attributes                    0x08007ad4   Data          36  freertos.o(.constdata)
    Message_attributes                       0x08007af8   Data          36  freertos.o(.constdata)
    LED_attributes                           0x08007b1c   Data          36  freertos.o(.constdata)
    AHBPrescTable                            0x08007b48   Data          16  system_stm32f4xx.o(.constdata)
    APBPrescTable                            0x08007b58   Data           8  system_stm32f4xx.o(.constdata)
    Region$$Table$$Base                      0x08007dc4   Number         0  anon$$obj.o(Region$$Table)
    Region$$Table$$Limit                     0x08007de4   Number         0  anon$$obj.o(Region$$Table)
    SHT$$INIT_ARRAY$$Base                    0x08007de4   Number         0  kinematics_task.o(.init_array)
    SHT$$INIT_ARRAY$$Limit                   0x08007dec   Number         0  init_aeabi.o(.init_array)
    defaultTaskHandle                        0x20000000   Data           4  freertos.o(.data)
    KinematicsHandle                         0x20000004   Data           4  freertos.o(.data)
    MessageHandle                            0x20000008   Data           4  freertos.o(.data)
    LEDHandle                                0x2000000c   Data           4  freertos.o(.data)
    uwTick                                   0x20000014   Data           4  stm32f4xx_hal.o(.data)
    uwTickPrio                               0x20000018   Data           4  stm32f4xx_hal.o(.data)
    uwTickFreq                               0x2000001c   Data           1  stm32f4xx_hal.o(.data)
    SystemCoreClock                          0x20000020   Data           4  system_stm32f4xx.o(.data)
    pxCurrentTCB                             0x20000024   Data           4  tasks.o(.data)
    InitGroup                                0x200000a8   Data          16  kinematics_task.o(.data)
    AirCatchGroup                            0x200000b8   Data          16  kinematics_task.o(.data)
    PutBackGroup                             0x200000c8   Data          16  kinematics_task.o(.data)
    CatchGroundGroup                         0x200000d8   Data          16  kinematics_task.o(.data)
    CatchMidGroup                            0x200000e8   Data          16  kinematics_task.o(.data)
    StopGroup                                0x200000f8   Data          16  kinematics_task.o(.data)
    stop                                     0x20000108   Data          16  kinematics_task.o(.data)
    kinematics_flag                          0x20000118   Data           1  kinematics_task.o(.data)
    Message_flag                             0x2000011a   Data           1  message_task.o(.data)
    rxlen                                    0x20000120   Data           2  go-m8010-6.o(.data)
    rp                                       0x20000124   Data           4  go-m8010-6.o(.data)
    hcan1                                    0x20000134   Data          40  can.o(.bss)
    hcan2                                    0x2000015c   Data          40  can.o(.bss)
    htim5                                    0x20000184   Data          72  tim.o(.bss)
    htim8                                    0x200001cc   Data          72  tim.o(.bss)
    hdma_tim8_ch2                            0x20000214   Data          96  tim.o(.bss)
    huart1                                   0x20000274   Data          68  usart.o(.bss)
    huart3                                   0x200002b8   Data          68  usart.o(.bss)
    huart6                                   0x200002fc   Data          68  usart.o(.bss)
    hdma_usart3_rx                           0x20000340   Data          96  usart.o(.bss)
    xQueueRegistry                           0x200003a0   Data          64  queue.o(.bss)
    Armcontrol                               0x20004c74   Data         412  kinematics_task.o(.bss)
    message_bag                              0x20004e10   Data         104  message_task.o(.bss)
    Arm                                      0x20004e78   Data         128  app_motor.o(.bss)
    ys_motor                                 0x20004ef8   Data          64  go-m8010-6.o(.bss)
    yr_motor                                 0x20004f38   Data          64  go-m8010-6.o(.bss)
    rc_ctrl                                  0x20004f78   Data          22  remote_control.o(.bss)
    __libspace_start                         0x20004fd8   Data          96  libspace.o(.bss)
    __temporary_stack_top$libspace           0x20005038   Data           0  libspace.o(.bss)



==============================================================================

Memory Map of the image

  Image Entry point : 0x08000189

  Load Region LR_IROM1 (Base: 0x08000000, Size: 0x00007f20, Max: 0x00100000, ABSOLUTE, COMPRESSED[0x00007e24])

    Execution Region ER_IROM1 (Exec base: 0x08000000, Load base: 0x08000000, Size: 0x00007dec, Max: 0x00100000, ABSOLUTE)

    Exec Addr    Load Addr    Size         Type   Attr      Idx    E Section Name        Object

    0x08000000   0x08000000   0x00000188   Data   RO            3    RESET               startup_stm32f407xx.o
    0x08000188   0x08000188   0x00000008   Code   RO         6090  * !!!main             c_w.l(__main.o)
    0x08000190   0x08000190   0x00000034   Code   RO         6364    !!!scatter          c_w.l(__scatter.o)
    0x080001c4   0x080001c4   0x0000005a   Code   RO         6362    !!dczerorl2         c_w.l(__dczerorl2.o)
    0x0800021e   0x0800021e   0x00000002   PAD
    0x08000220   0x08000220   0x0000001c   Code   RO         6366    !!handler_zi        c_w.l(__scatter_zi.o)
    0x0800023c   0x0800023c   0x00000002   Code   RO         6286    .ARM.Collect$$libinit$$00000000  c_w.l(libinit.o)
    0x0800023e   0x0800023e   0x00000004   Code   RO         6165    .ARM.Collect$$libinit$$00000001  c_w.l(libinit2.o)
    0x08000242   0x08000242   0x00000000   Code   RO         6168    .ARM.Collect$$libinit$$00000004  c_w.l(libinit2.o)
    0x08000242   0x08000242   0x00000000   Code   RO         6171    .ARM.Collect$$libinit$$0000000A  c_w.l(libinit2.o)
    0x08000242   0x08000242   0x00000000   Code   RO         6173    .ARM.Collect$$libinit$$0000000C  c_w.l(libinit2.o)
    0x08000242   0x08000242   0x00000000   Code   RO         6175    .ARM.Collect$$libinit$$0000000E  c_w.l(libinit2.o)
    0x08000242   0x08000242   0x00000000   Code   RO         6178    .ARM.Collect$$libinit$$00000011  c_w.l(libinit2.o)
    0x08000242   0x08000242   0x00000000   Code   RO         6180    .ARM.Collect$$libinit$$00000013  c_w.l(libinit2.o)
    0x08000242   0x08000242   0x00000000   Code   RO         6182    .ARM.Collect$$libinit$$00000015  c_w.l(libinit2.o)
    0x08000242   0x08000242   0x00000000   Code   RO         6184    .ARM.Collect$$libinit$$00000017  c_w.l(libinit2.o)
    0x08000242   0x08000242   0x00000000   Code   RO         6186    .ARM.Collect$$libinit$$00000019  c_w.l(libinit2.o)
    0x08000242   0x08000242   0x00000000   Code   RO         6188    .ARM.Collect$$libinit$$0000001B  c_w.l(libinit2.o)
    0x08000242   0x08000242   0x00000000   Code   RO         6190    .ARM.Collect$$libinit$$0000001D  c_w.l(libinit2.o)
    0x08000242   0x08000242   0x00000000   Code   RO         6192    .ARM.Collect$$libinit$$0000001F  c_w.l(libinit2.o)
    0x08000242   0x08000242   0x00000000   Code   RO         6194    .ARM.Collect$$libinit$$00000021  c_w.l(libinit2.o)
    0x08000242   0x08000242   0x00000000   Code   RO         6196    .ARM.Collect$$libinit$$00000023  c_w.l(libinit2.o)
    0x08000242   0x08000242   0x00000000   Code   RO         6198    .ARM.Collect$$libinit$$00000025  c_w.l(libinit2.o)
    0x08000242   0x08000242   0x00000000   Code   RO         6202    .ARM.Collect$$libinit$$0000002C  c_w.l(libinit2.o)
    0x08000242   0x08000242   0x00000000   Code   RO         6204    .ARM.Collect$$libinit$$0000002E  c_w.l(libinit2.o)
    0x08000242   0x08000242   0x00000000   Code   RO         6206    .ARM.Collect$$libinit$$00000030  c_w.l(libinit2.o)
    0x08000242   0x08000242   0x00000004   Code   RO         6207    .ARM.Collect$$libinit$$00000031  c_w.l(libinit2.o)
    0x08000246   0x08000246   0x00000000   Code   RO         6208    .ARM.Collect$$libinit$$00000032  c_w.l(libinit2.o)
    0x08000246   0x08000246   0x00000002   Code   RO         6209    .ARM.Collect$$libinit$$00000033  c_w.l(libinit2.o)
    0x08000248   0x08000248   0x00000002   Code   RO         6327    .ARM.Collect$$libshutdown$$00000000  c_w.l(libshutdown.o)
    0x0800024a   0x0800024a   0x00000000   Code   RO         6343    .ARM.Collect$$libshutdown$$00000002  c_w.l(libshutdown2.o)
    0x0800024a   0x0800024a   0x00000000   Code   RO         6345    .ARM.Collect$$libshutdown$$00000004  c_w.l(libshutdown2.o)
    0x0800024a   0x0800024a   0x00000000   Code   RO         6347    .ARM.Collect$$libshutdown$$00000006  c_w.l(libshutdown2.o)
    0x0800024a   0x0800024a   0x00000000   Code   RO         6350    .ARM.Collect$$libshutdown$$00000009  c_w.l(libshutdown2.o)
    0x0800024a   0x0800024a   0x00000000   Code   RO         6353    .ARM.Collect$$libshutdown$$0000000C  c_w.l(libshutdown2.o)
    0x0800024a   0x0800024a   0x00000000   Code   RO         6355    .ARM.Collect$$libshutdown$$0000000E  c_w.l(libshutdown2.o)
    0x0800024a   0x0800024a   0x00000000   Code   RO         6358    .ARM.Collect$$libshutdown$$00000011  c_w.l(libshutdown2.o)
    0x0800024a   0x0800024a   0x00000002   Code   RO         6359    .ARM.Collect$$libshutdown$$00000012  c_w.l(libshutdown2.o)
    0x0800024c   0x0800024c   0x00000000   Code   RO         6154    .ARM.Collect$$rtentry$$00000000  c_w.l(__rtentry.o)
    0x0800024c   0x0800024c   0x00000000   Code   RO         6241    .ARM.Collect$$rtentry$$00000002  c_w.l(__rtentry2.o)
    0x0800024c   0x0800024c   0x00000006   Code   RO         6253    .ARM.Collect$$rtentry$$00000004  c_w.l(__rtentry4.o)
    0x08000252   0x08000252   0x00000000   Code   RO         6243    .ARM.Collect$$rtentry$$00000009  c_w.l(__rtentry2.o)
    0x08000252   0x08000252   0x00000004   Code   RO         6244    .ARM.Collect$$rtentry$$0000000A  c_w.l(__rtentry2.o)
    0x08000256   0x08000256   0x00000000   Code   RO         6246    .ARM.Collect$$rtentry$$0000000C  c_w.l(__rtentry2.o)
    0x08000256   0x08000256   0x00000008   Code   RO         6247    .ARM.Collect$$rtentry$$0000000D  c_w.l(__rtentry2.o)
    0x0800025e   0x0800025e   0x00000002   Code   RO         6289    .ARM.Collect$$rtexit$$00000000  c_w.l(rtexit.o)
    0x08000260   0x08000260   0x00000000   Code   RO         6309    .ARM.Collect$$rtexit$$00000002  c_w.l(rtexit2.o)
    0x08000260   0x08000260   0x00000004   Code   RO         6310    .ARM.Collect$$rtexit$$00000003  c_w.l(rtexit2.o)
    0x08000264   0x08000264   0x00000006   Code   RO         6311    .ARM.Collect$$rtexit$$00000004  c_w.l(rtexit2.o)
    0x0800026a   0x0800026a   0x00000002   PAD
    0x0800026c   0x0800026c   0x000000be   Code   RO         5117    .emb_text           port.o
    0x0800032a   0x0800032a   0x00000002   PAD
    0x0800032c   0x0800032c   0x00000040   Code   RO            4    .text               startup_stm32f407xx.o
    0x0800036c   0x0800036c   0x000000ee   Code   RO         6078    .text               c_w.l(lludivv7m.o)
    0x0800045a   0x0800045a   0x0000008a   Code   RO         6080    .text               c_w.l(rt_memcpy_v6.o)
    0x080004e4   0x080004e4   0x00000010   Code   RO         6084    .text               c_w.l(aeabi_memset.o)
    0x080004f4   0x080004f4   0x0000004e   Code   RO         6086    .text               c_w.l(rt_memclr_w.o)
    0x08000542   0x08000542   0x00000006   Code   RO         6088    .text               c_w.l(heapauxi.o)
    0x08000548   0x08000548   0x00000024   Code   RO         6095    .text               c_w.l(init_aeabi.o)
    0x0800056c   0x0800056c   0x00000064   Code   RO         6161    .text               c_w.l(rt_memcpy_w.o)
    0x080005d0   0x080005d0   0x00000044   Code   RO         6163    .text               c_w.l(rt_memclr.o)
    0x08000614   0x08000614   0x00000008   Code   RO         6266    .text               c_w.l(libspace.o)
    0x0800061c   0x0800061c   0x0000004a   Code   RO         6269    .text               c_w.l(sys_stackheap_outer.o)
    0x08000666   0x08000666   0x00000012   Code   RO         6271    .text               c_w.l(exit.o)
    0x08000678   0x08000678   0x0000000c   Code   RO         6303    .text               c_w.l(sys_exit.o)
    0x08000684   0x08000684   0x00000002   Code   RO         6305    .text               c_w.l(use_no_semi.o)
    0x08000686   0x08000686   0x00000000   Code   RO         6307    .text               c_w.l(indicate_semi.o)
    0x08000686   0x08000686   0x00000004   Code   RO          472    i.BusFault_Handler  stm32f4xx_it.o
    0x0800068a   0x0800068a   0x00000002   PAD
    0x0800068c   0x0800068c   0x00000010   Code   RO          473    i.CAN1_RX0_IRQHandler  stm32f4xx_it.o
    0x0800069c   0x0800069c   0x00000010   Code   RO          474    i.CAN2_RX0_IRQHandler  stm32f4xx_it.o
    0x080006ac   0x080006ac   0x00000010   Code   RO          475    i.DMA1_Stream1_IRQHandler  stm32f4xx_it.o
    0x080006bc   0x080006bc   0x00000010   Code   RO          476    i.DMA2_Stream3_IRQHandler  stm32f4xx_it.o
    0x080006cc   0x080006cc   0x00000034   Code   RO         1328    i.DMA_CalcBaseAndBitshift  stm32f4xx_hal_dma.o
    0x08000700   0x08000700   0x000000aa   Code   RO         1329    i.DMA_CheckFifoParam  stm32f4xx_hal_dma.o
    0x080007aa   0x080007aa   0x00000002   Code   RO          477    i.DebugMon_Handler  stm32f4xx_it.o
    0x080007ac   0x080007ac   0x00000006   Code   RO           13    i.Error_Handler     main.o
    0x080007b2   0x080007b2   0x0000002a   Code   RO          591    i.HAL_CAN_ActivateNotification  stm32f4xx_hal_can.o
    0x080007dc   0x080007dc   0x00000156   Code   RO          592    i.HAL_CAN_AddTxMessage  stm32f4xx_hal_can.o
    0x08000932   0x08000932   0x00000002   PAD
    0x08000934   0x08000934   0x00000124   Code   RO          593    i.HAL_CAN_ConfigFilter  stm32f4xx_hal_can.o
    0x08000a58   0x08000a58   0x00000002   Code   RO          596    i.HAL_CAN_ErrorCallback  stm32f4xx_hal_can.o
    0x08000a5a   0x08000a5a   0x0000017a   Code   RO          599    i.HAL_CAN_GetRxMessage  stm32f4xx_hal_can.o
    0x08000bd4   0x08000bd4   0x0000024e   Code   RO          603    i.HAL_CAN_IRQHandler  stm32f4xx_hal_can.o
    0x08000e22   0x08000e22   0x00000174   Code   RO          604    i.HAL_CAN_Init      stm32f4xx_hal_can.o
    0x08000f96   0x08000f96   0x00000002   PAD
    0x08000f98   0x08000f98   0x00000160   Code   RO          286    i.HAL_CAN_MspInit   can.o
    0x080010f8   0x080010f8   0x00000002   Code   RO          611    i.HAL_CAN_RxFifo0FullCallback  stm32f4xx_hal_can.o
    0x080010fa   0x080010fa   0x00000002   PAD
    0x080010fc   0x080010fc   0x00000244   Code   RO         5662    i.HAL_CAN_RxFifo0MsgPendingCallback  app_motor.o
    0x08001340   0x08001340   0x00000002   Code   RO          613    i.HAL_CAN_RxFifo1FullCallback  stm32f4xx_hal_can.o
    0x08001342   0x08001342   0x00000002   Code   RO          614    i.HAL_CAN_RxFifo1MsgPendingCallback  stm32f4xx_hal_can.o
    0x08001344   0x08001344   0x00000002   Code   RO          615    i.HAL_CAN_SleepCallback  stm32f4xx_hal_can.o
    0x08001346   0x08001346   0x0000005e   Code   RO          616    i.HAL_CAN_Start     stm32f4xx_hal_can.o
    0x080013a4   0x080013a4   0x00000002   Code   RO          618    i.HAL_CAN_TxMailbox0AbortCallback  stm32f4xx_hal_can.o
    0x080013a6   0x080013a6   0x00000002   Code   RO          619    i.HAL_CAN_TxMailbox0CompleteCallback  stm32f4xx_hal_can.o
    0x080013a8   0x080013a8   0x00000002   Code   RO          620    i.HAL_CAN_TxMailbox1AbortCallback  stm32f4xx_hal_can.o
    0x080013aa   0x080013aa   0x00000002   Code   RO          621    i.HAL_CAN_TxMailbox1CompleteCallback  stm32f4xx_hal_can.o
    0x080013ac   0x080013ac   0x00000002   Code   RO          622    i.HAL_CAN_TxMailbox2AbortCallback  stm32f4xx_hal_can.o
    0x080013ae   0x080013ae   0x00000002   Code   RO          623    i.HAL_CAN_TxMailbox2CompleteCallback  stm32f4xx_hal_can.o
    0x080013b0   0x080013b0   0x00000002   Code   RO          625    i.HAL_CAN_WakeUpFromRxMsgCallback  stm32f4xx_hal_can.o
    0x080013b2   0x080013b2   0x000000ac   Code   RO         1331    i.HAL_DMA_Abort     stm32f4xx_hal_dma.o
    0x0800145e   0x0800145e   0x00000028   Code   RO         1332    i.HAL_DMA_Abort_IT  stm32f4xx_hal_dma.o
    0x08001486   0x08001486   0x00000002   PAD
    0x08001488   0x08001488   0x00000240   Code   RO         1336    i.HAL_DMA_IRQHandler  stm32f4xx_hal_dma.o
    0x080016c8   0x080016c8   0x000000ec   Code   RO         1337    i.HAL_DMA_Init      stm32f4xx_hal_dma.o
    0x080017b4   0x080017b4   0x000001f4   Code   RO         1224    i.HAL_GPIO_Init     stm32f4xx_hal_gpio.o
    0x080019a8   0x080019a8   0x00000010   Code   RO         1226    i.HAL_GPIO_ReadPin  stm32f4xx_hal_gpio.o
    0x080019b8   0x080019b8   0x0000000c   Code   RO         1228    i.HAL_GPIO_WritePin  stm32f4xx_hal_gpio.o
    0x080019c4   0x080019c4   0x0000000c   Code   RO         1761    i.HAL_GetTick       stm32f4xx_hal.o
    0x080019d0   0x080019d0   0x00000018   Code   RO         1767    i.HAL_IncTick       stm32f4xx_hal.o
    0x080019e8   0x080019e8   0x0000003c   Code   RO         1768    i.HAL_Init          stm32f4xx_hal.o
    0x08001a24   0x08001a24   0x0000004c   Code   RO         1769    i.HAL_InitTick      stm32f4xx_hal.o
    0x08001a70   0x08001a70   0x00000054   Code   RO          566    i.HAL_MspInit       stm32f4xx_hal_msp.o
    0x08001ac4   0x08001ac4   0x00000020   Code   RO         1613    i.HAL_NVIC_EnableIRQ  stm32f4xx_hal_cortex.o
    0x08001ae4   0x08001ae4   0x0000007c   Code   RO         1619    i.HAL_NVIC_SetPriority  stm32f4xx_hal_cortex.o
    0x08001b60   0x08001b60   0x00000028   Code   RO         1620    i.HAL_NVIC_SetPriorityGrouping  stm32f4xx_hal_cortex.o
    0x08001b88   0x08001b88   0x00000184   Code   RO          825    i.HAL_RCC_ClockConfig  stm32f4xx_hal_rcc.o
    0x08001d0c   0x08001d0c   0x0000000c   Code   RO          830    i.HAL_RCC_GetHCLKFreq  stm32f4xx_hal_rcc.o
    0x08001d18   0x08001d18   0x00000020   Code   RO          832    i.HAL_RCC_GetPCLK1Freq  stm32f4xx_hal_rcc.o
    0x08001d38   0x08001d38   0x00000020   Code   RO          833    i.HAL_RCC_GetPCLK2Freq  stm32f4xx_hal_rcc.o
    0x08001d58   0x08001d58   0x000000b0   Code   RO          834    i.HAL_RCC_GetSysClockFreq  stm32f4xx_hal_rcc.o
    0x08001e08   0x08001e08   0x0000049c   Code   RO          837    i.HAL_RCC_OscConfig  stm32f4xx_hal_rcc.o
    0x080022a4   0x080022a4   0x00000034   Code   RO         1624    i.HAL_SYSTICK_Config  stm32f4xx_hal_cortex.o
    0x080022d8   0x080022d8   0x00000074   Code   RO         2726    i.HAL_TIMEx_ConfigBreakDeadTime  stm32f4xx_hal_tim_ex.o
    0x0800234c   0x0800234c   0x000000b4   Code   RO         2742    i.HAL_TIMEx_MasterConfigSynchronization  stm32f4xx_hal_tim_ex.o
    0x08002400   0x08002400   0x00000066   Code   RO         2008    i.HAL_TIM_Base_Init  stm32f4xx_hal_tim.o
    0x08002466   0x08002466   0x00000002   PAD
    0x08002468   0x08002468   0x000000b0   Code   RO          365    i.HAL_TIM_Base_MspInit  tim.o
    0x08002518   0x08002518   0x0000009c   Code   RO         2011    i.HAL_TIM_Base_Start  stm32f4xx_hal_tim.o
    0x080025b4   0x080025b4   0x0000010c   Code   RO         2017    i.HAL_TIM_ConfigClockSource  stm32f4xx_hal_tim.o
    0x080026c0   0x080026c0   0x000000b0   Code   RO          366    i.HAL_TIM_MspPostInit  tim.o
    0x08002770   0x08002770   0x00000104   Code   RO         2080    i.HAL_TIM_PWM_ConfigChannel  stm32f4xx_hal_tim.o
    0x08002874   0x08002874   0x00000066   Code   RO         2083    i.HAL_TIM_PWM_Init  stm32f4xx_hal_tim.o
    0x080028da   0x080028da   0x00000002   Code   RO         2085    i.HAL_TIM_PWM_MspInit  stm32f4xx_hal_tim.o
    0x080028dc   0x080028dc   0x0000010c   Code   RO         2088    i.HAL_TIM_PWM_Start  stm32f4xx_hal_tim.o
    0x080029e8   0x080029e8   0x00000140   Code   RO         2998    i.HAL_UARTEx_ReceiveToIdle  stm32f4xx_hal_uart.o
    0x08002b28   0x08002b28   0x00000002   Code   RO         3001    i.HAL_UARTEx_RxEventCallback  stm32f4xx_hal_uart.o
    0x08002b2a   0x08002b2a   0x00000002   Code   RO         3015    i.HAL_UART_ErrorCallback  stm32f4xx_hal_uart.o
    0x08002b2c   0x08002b2c   0x000002e0   Code   RO         3018    i.HAL_UART_IRQHandler  stm32f4xx_hal_uart.o
    0x08002e0c   0x08002e0c   0x00000072   Code   RO         3019    i.HAL_UART_Init     stm32f4xx_hal_uart.o
    0x08002e7e   0x08002e7e   0x00000002   PAD
    0x08002e80   0x08002e80   0x00000220   Code   RO          419    i.HAL_UART_MspInit  usart.o
    0x080030a0   0x080030a0   0x00000002   Code   RO         3025    i.HAL_UART_RxCpltCallback  stm32f4xx_hal_uart.o
    0x080030a2   0x080030a2   0x000000d2   Code   RO         3027    i.HAL_UART_Transmit  stm32f4xx_hal_uart.o
    0x08003174   0x08003174   0x00000002   Code   RO         3030    i.HAL_UART_TxCpltCallback  stm32f4xx_hal_uart.o
    0x08003176   0x08003176   0x00000004   Code   RO          478    i.HardFault_Handler  stm32f4xx_it.o
    0x0800317a   0x0800317a   0x00000002   PAD
    0x0800317c   0x0800317c   0x00000084   Code   RO         5197    i.Kinematics_task   kinematics_task.o
    0x08003200   0x08003200   0x00000028   Code   RO          233    i.Led_task          freertos.o
    0x08003228   0x08003228   0x00000048   Code   RO          287    i.MX_CAN1_Init      can.o
    0x08003270   0x08003270   0x00000048   Code   RO          288    i.MX_CAN2_Init      can.o
    0x080032b8   0x080032b8   0x00000068   Code   RO          340    i.MX_DMA_Init       dma.o
    0x08003320   0x08003320   0x0000006c   Code   RO          234    i.MX_FREERTOS_Init  freertos.o
    0x0800338c   0x0800338c   0x00000144   Code   RO          209    i.MX_GPIO_Init      gpio.o
    0x080034d0   0x080034d0   0x000000c8   Code   RO          367    i.MX_TIM5_Init      tim.o
    0x08003598   0x08003598   0x000000d4   Code   RO          368    i.MX_TIM8_Init      tim.o
    0x0800366c   0x0800366c   0x00000038   Code   RO          420    i.MX_USART1_UART_Init  usart.o
    0x080036a4   0x080036a4   0x00000038   Code   RO          421    i.MX_USART3_UART_Init  usart.o
    0x080036dc   0x080036dc   0x00000038   Code   RO          422    i.MX_USART6_UART_Init  usart.o
    0x08003714   0x08003714   0x00000004   Code   RO          479    i.MemManage_Handler  stm32f4xx_it.o
    0x08003718   0x08003718   0x00000040   Code   RO         5494    i.Message_task      message_task.o
    0x08003758   0x08003758   0x00000004   Code   RO          480    i.NMI_Handler       stm32f4xx_it.o
    0x0800375c   0x0800375c   0x0000009c   Code   RO         6042    i.RC_Init           bsp_rc.o
    0x080037f8   0x080037f8   0x0000000a   Code   RO          235    i.StartDefaultTask  freertos.o
    0x08003802   0x08003802   0x00000014   Code   RO          481    i.SysTick_Handler   stm32f4xx_it.o
    0x08003816   0x08003816   0x00000002   PAD
    0x08003818   0x08003818   0x000000b4   Code   RO           14    i.SystemClock_Config  main.o
    0x080038cc   0x080038cc   0x00000014   Code   RO         3358    i.SystemInit        system_stm32f4xx.o
    0x080038e0   0x080038e0   0x000000d8   Code   RO         2101    i.TIM_Base_SetConfig  stm32f4xx_hal_tim.o
    0x080039b8   0x080039b8   0x00000022   Code   RO         2102    i.TIM_CCxChannelCmd  stm32f4xx_hal_tim.o
    0x080039da   0x080039da   0x00000016   Code   RO         2112    i.TIM_ETR_SetConfig  stm32f4xx_hal_tim.o
    0x080039f0   0x080039f0   0x00000012   Code   RO         2113    i.TIM_ITRx_SetConfig  stm32f4xx_hal_tim.o
    0x08003a02   0x08003a02   0x00000002   PAD
    0x08003a04   0x08003a04   0x00000070   Code   RO         2114    i.TIM_OC1_SetConfig  stm32f4xx_hal_tim.o
    0x08003a74   0x08003a74   0x0000007c   Code   RO         2115    i.TIM_OC2_SetConfig  stm32f4xx_hal_tim.o
    0x08003af0   0x08003af0   0x00000078   Code   RO         2116    i.TIM_OC3_SetConfig  stm32f4xx_hal_tim.o
    0x08003b68   0x08003b68   0x00000054   Code   RO         2117    i.TIM_OC4_SetConfig  stm32f4xx_hal_tim.o
    0x08003bbc   0x08003bbc   0x00000026   Code   RO         2119    i.TIM_TI1_ConfigInputStage  stm32f4xx_hal_tim.o
    0x08003be2   0x08003be2   0x00000028   Code   RO         2121    i.TIM_TI2_ConfigInputStage  stm32f4xx_hal_tim.o
    0x08003c0a   0x08003c0a   0x00000014   Code   RO         3032    i.UART_DMAAbortOnError  stm32f4xx_hal_uart.o
    0x08003c1e   0x08003c1e   0x0000006c   Code   RO         3042    i.UART_EndRxTransfer  stm32f4xx_hal_uart.o
    0x08003c8a   0x08003c8a   0x00000020   Code   RO         3043    i.UART_EndTransmit_IT  stm32f4xx_hal_uart.o
    0x08003caa   0x08003caa   0x000000f8   Code   RO         3045    i.UART_Receive_IT   stm32f4xx_hal_uart.o
    0x08003da2   0x08003da2   0x00000002   PAD
    0x08003da4   0x08003da4   0x0000022c   Code   RO         3046    i.UART_SetConfig    stm32f4xx_hal_uart.o
    0x08003fd0   0x08003fd0   0x00000060   Code   RO         3049    i.UART_Transmit_IT  stm32f4xx_hal_uart.o
    0x08004030   0x08004030   0x00000092   Code   RO         3050    i.UART_WaitOnFlagUntilTimeout  stm32f4xx_hal_uart.o
    0x080040c2   0x080040c2   0x00000002   PAD
    0x080040c4   0x080040c4   0x00000010   Code   RO          482    i.USART1_IRQHandler  stm32f4xx_it.o
    0x080040d4   0x080040d4   0x00000124   Code   RO         5966    i.USART3_IRQHandler  remote_control.o
    0x080041f8   0x080041f8   0x00000004   Code   RO          483    i.UsageFault_Handler  stm32f4xx_it.o
    0x080041fc   0x080041fc   0x00000244   Code   RO         5804    i._Z11modify_dataP10MOTOR_send  go-m8010-6.o
    0x08004440   0x08004440   0x00000050   Code   RO         5664    i._Z11start_motort  app_motor.o
    0x08004490   0x08004490   0x000001a8   Code   RO         5805    i._Z12PID_cala8010P10MOTOR_sendP10MOTOR_recv  go-m8010-6.o
    0x08004638   0x08004638   0x0000001c   Code   RO         5495    i._Z12System_Resetv  message_task.o
    0x08004654   0x08004654   0x000000a4   Code   RO         5806    i._Z12extract_dataP10MOTOR_recv  go-m8010-6.o
    0x080046f8   0x080046f8   0x00000060   Code   RO         5665    i._Z13ctrl_motor_pvtff  app_motor.o
    0x08004758   0x08004758   0x00000034   Code   RO         5667    i._Z13uint_to_floatiffi  app_motor.o
    0x0800478c   0x0800478c   0x00000018   Code   RO         5807    i._Z14crc_ccitt_byteth  go-m8010-6.o
    0x080047a4   0x080047a4   0x000000b0   Code   RO         5808    i._Z15SERVO_Send_recvP10MOTOR_sendP10MOTOR_recv  go-m8010-6.o
    0x08004854   0x08004854   0x00000028   Code   RO         5809    i._Z9crc_ccitttPKhj  go-m8010-6.o
    0x0800487c   0x0800487c   0x000000d4   Code   RO         5496    i._ZN11Message_bag10ARMControlEv  message_task.o
    0x08004950   0x08004950   0x00000018   Code   RO         5497    i._ZN11Message_bag12Message_SendEv  message_task.o
    0x08004968   0x08004968   0x0000000c   Code   RO         5500    i._ZN11Message_bag15Messag_bag_InitEv  message_task.o
    0x08004974   0x08004974   0x00000028   Code   RO         5502    i._ZN11Message_bag16Message_FeedbackEv  message_task.o
    0x0800499c   0x0800499c   0x00000236   Code   RO         5503    i._ZN11Message_bag16PC_to_robotstateEv  message_task.o
    0x08004bd2   0x08004bd2   0x0000000c   Code   RO         5505    i._ZN11Message_bag21Operate_to_robotstateEv  message_task.o
    0x08004bde   0x08004bde   0x00000002   PAD
    0x08004be0   0x08004be0   0x00000038   Code   RO         5507    i._ZN11Message_bag8SendDataEjss  message_task.o
    0x08004c18   0x08004c18   0x0000003e   Code   RO         5635    i._ZN11Message_bagC1Ev  message_task.o
    0x08004c56   0x08004c56   0x00000002   PAD
    0x08004c58   0x08004c58   0x0000007c   Code   RO         5198    i._ZN15ArmControl_base10ArmControlEPf  kinematics_task.o
    0x08004cd4   0x08004cd4   0x0000000c   Code   RO         5199    i._ZN15ArmControl_base12ArmModeGoingEv  kinematics_task.o
    0x08004ce0   0x08004ce0   0x000003fc   Code   RO         5201    i._ZN15ArmControl_base12PCArmContorlEv  kinematics_task.o
    0x080050dc   0x080050dc   0x00000060   Code   RO         5204    i._ZN15ArmControl_baseC1Ev  kinematics_task.o
    0x0800513c   0x0800513c   0x00000040   Code   RO         5510    i._ZN3key11key_num_sumEhP5key_t  message_task.o
    0x0800517c   0x0800517c   0x00000012   Code   RO         5511    i._ZN3key14key_long_pressEhP5key_t  message_task.o
    0x0800518e   0x0800518e   0x00000008   Code   RO         5512    i._ZN3key9key_clearEP5key_t  message_task.o
    0x08005196   0x08005196   0x0000000a   Code   RO         5861    i._ZSt4fabsf        go-m8010-6.o
    0x080051a0   0x080051a0   0x00000010   Code   RO         1626    i.__NVIC_GetPriorityGrouping  stm32f4xx_hal_cortex.o
    0x080051b0   0x080051b0   0x00000028   Code   RO         1627    i.__NVIC_SetPriority  stm32f4xx_hal_cortex.o
    0x080051d8   0x080051d8   0x00000006   Code   RO         4539    i.__get_IPSR        cmsis_os2.o
    0x080051de   0x080051de   0x00000002   PAD
    0x080051e0   0x080051e0   0x00000010   Code   RO         5513    i.__sti___16_Message_Task_cpp_6050abbb  message_task.o
    0x080051f0   0x080051f0   0x00000010   Code   RO         5210    i.__sti___19_Kinematics_task_cpp_b5e7c946  kinematics_task.o
    0x08005200   0x08005200   0x00000068   Code   RO         5884    i.aRGB_led_show     led.o
    0x08005268   0x08005268   0x0000006c   Code   RO          289    i.can_filter_init   can.o
    0x080052d4   0x080052d4   0x00000008   Code   RO         5967    i.get_remote_control_point  remote_control.o
    0x080052dc   0x080052dc   0x00000068   Code   RO           15    i.main              main.o
    0x08005344   0x08005344   0x0000001e   Code   RO         4540    i.osDelay           cmsis_os2.o
    0x08005362   0x08005362   0x00000002   PAD
    0x08005364   0x08005364   0x0000002c   Code   RO         4554    i.osKernelInitialize  cmsis_os2.o
    0x08005390   0x08005390   0x00000060   Code   RO         4557    i.osKernelStart     cmsis_os2.o
    0x080053f0   0x080053f0   0x000000b8   Code   RO         4599    i.osThreadNew       cmsis_os2.o
    0x080054a8   0x080054a8   0x0000007c   Code   RO         3975    i.prvAddCurrentTaskToDelayedList  tasks.o
    0x08005524   0x08005524   0x000000b8   Code   RO         3976    i.prvAddNewTaskToReadyList  tasks.o
    0x080055dc   0x080055dc   0x00000074   Code   RO         4351    i.prvCheckForValidListAndQueue  timers.o
    0x08005650   0x08005650   0x00000048   Code   RO         3977    i.prvCheckTasksWaitingTermination  tasks.o
    0x08005698   0x08005698   0x0000002a   Code   RO         3562    i.prvCopyDataFromQueue  queue.o
    0x080056c2   0x080056c2   0x0000007e   Code   RO         3563    i.prvCopyDataToQueue  queue.o
    0x08005740   0x08005740   0x00000050   Code   RO         3978    i.prvDeleteTCB      tasks.o
    0x08005790   0x08005790   0x00000028   Code   RO         4352    i.prvGetNextExpireTime  timers.o
    0x080057b8   0x080057b8   0x0000007c   Code   RO         5062    i.prvHeapInit       heap_4.o
    0x08005834   0x08005834   0x00000028   Code   RO         3979    i.prvIdleTask       tasks.o
    0x0800585c   0x0800585c   0x0000002a   Code   RO         3566    i.prvInitialiseNewQueue  queue.o
    0x08005886   0x08005886   0x000000be   Code   RO         3980    i.prvInitialiseNewTask  tasks.o
    0x08005944   0x08005944   0x00000068   Code   RO         3981    i.prvInitialiseTaskLists  tasks.o
    0x080059ac   0x080059ac   0x00000068   Code   RO         5063    i.prvInsertBlockIntoFreeList  heap_4.o
    0x08005a14   0x08005a14   0x00000058   Code   RO         4354    i.prvInsertTimerInActiveList  timers.o
    0x08005a6c   0x08005a6c   0x0000001a   Code   RO         3567    i.prvIsQueueEmpty   queue.o
    0x08005a86   0x08005a86   0x0000001e   Code   RO         3568    i.prvIsQueueFull    queue.o
    0x08005aa4   0x08005aa4   0x00000074   Code   RO         4355    i.prvProcessExpiredTimer  timers.o
    0x08005b18   0x08005b18   0x00000164   Code   RO         4356    i.prvProcessReceivedCommands  timers.o
    0x08005c7c   0x08005c7c   0x00000074   Code   RO         4357    i.prvProcessTimerOrBlockTask  timers.o
    0x08005cf0   0x08005cf0   0x00000034   Code   RO         3983    i.prvResetNextTaskUnblockTime  tasks.o
    0x08005d24   0x08005d24   0x0000002c   Code   RO         4358    i.prvSampleTimeNow  timers.o
    0x08005d50   0x08005d50   0x000000a4   Code   RO         4359    i.prvSwitchTimerLists  timers.o
    0x08005df4   0x08005df4   0x00000040   Code   RO         5118    i.prvTaskExitError  port.o
    0x08005e34   0x08005e34   0x0000001a   Code   RO         4360    i.prvTimerTask      timers.o
    0x08005e4e   0x08005e4e   0x0000007e   Code   RO         3569    i.prvUnlockQueue    queue.o
    0x08005ecc   0x08005ecc   0x0000014c   Code   RO         5064    i.pvPortMalloc      heap_4.o
    0x08006018   0x08006018   0x0000002c   Code   RO         5119    i.pxPortInitialiseStack  port.o
    0x08006044   0x08006044   0x00000014   Code   RO         5968    i.remote_control_init  remote_control.o
    0x08006058   0x08006058   0x000000da   Code   RO         5969    i.sbus_to_rc        remote_control.o
    0x08006132   0x08006132   0x00000028   Code   RO         3522    i.uxListRemove      list.o
    0x0800615a   0x0800615a   0x00000002   PAD
    0x0800615c   0x0800615c   0x00000018   Code   RO         4611    i.vApplicationGetIdleTaskMemory  cmsis_os2.o
    0x08006174   0x08006174   0x00000018   Code   RO         4612    i.vApplicationGetTimerTaskMemory  cmsis_os2.o
    0x0800618c   0x0800618c   0x0000001a   Code   RO         3523    i.vListInitialise   list.o
    0x080061a6   0x080061a6   0x00000006   Code   RO         3524    i.vListInitialiseItem  list.o
    0x080061ac   0x080061ac   0x00000034   Code   RO         3525    i.vListInsert       list.o
    0x080061e0   0x080061e0   0x00000018   Code   RO         3526    i.vListInsertEnd    list.o
    0x080061f8   0x080061f8   0x00000054   Code   RO         5121    i.vPortEnterCritical  port.o
    0x0800624c   0x0800624c   0x0000003c   Code   RO         5122    i.vPortExitCritical  port.o
    0x08006288   0x08006288   0x000000a4   Code   RO         5065    i.vPortFree         heap_4.o
    0x0800632c   0x0800632c   0x00000028   Code   RO         5123    i.vPortSetupTimerInterrupt  port.o
    0x08006354   0x08006354   0x00000078   Code   RO         5124    i.vPortValidateInterruptPriority  port.o
    0x080063cc   0x080063cc   0x0000002c   Code   RO         3575    i.vQueueAddToRegistry  queue.o
    0x080063f8   0x080063f8   0x0000004a   Code   RO         3579    i.vQueueWaitForMessageRestricted  queue.o
    0x08006442   0x08006442   0x00000002   PAD
    0x08006444   0x08006444   0x0000005c   Code   RO         3996    i.vTaskDelay        tasks.o
    0x080064a0   0x080064a0   0x00000018   Code   RO         4001    i.vTaskInternalSetTimeOutState  tasks.o
    0x080064b8   0x080064b8   0x0000000c   Code   RO         4002    i.vTaskMissedYield  tasks.o
    0x080064c4   0x080064c4   0x00000038   Code   RO         4004    i.vTaskPlaceOnEventList  tasks.o
    0x080064fc   0x080064fc   0x00000040   Code   RO         4005    i.vTaskPlaceOnEventListRestricted  tasks.o
    0x0800653c   0x0800653c   0x000000b8   Code   RO         4013    i.vTaskStartScheduler  tasks.o
    0x080065f4   0x080065f4   0x00000010   Code   RO         4015    i.vTaskSuspendAll   tasks.o
    0x08006604   0x08006604   0x00000090   Code   RO         4016    i.vTaskSwitchContext  tasks.o
    0x08006694   0x08006694   0x00000168   Code   RO         5125    i.xPortStartScheduler  port.o
    0x080067fc   0x080067fc   0x00000034   Code   RO         5126    i.xPortSysTickHandler  port.o
    0x08006830   0x08006830   0x000000e0   Code   RO         3585    i.xQueueGenericCreateStatic  queue.o
    0x08006910   0x08006910   0x00000098   Code   RO         3586    i.xQueueGenericReset  queue.o
    0x080069a8   0x080069a8   0x000001a8   Code   RO         3587    i.xQueueGenericSend  queue.o
    0x08006b50   0x08006b50   0x000000fc   Code   RO         3588    i.xQueueGenericSendFromISR  queue.o
    0x08006c4c   0x08006c4c   0x00000168   Code   RO         3597    i.xQueueReceive     queue.o
    0x08006db4   0x08006db4   0x0000008c   Code   RO         4018    i.xTaskCheckForTimeOut  tasks.o
    0x08006e40   0x08006e40   0x00000064   Code   RO         4019    i.xTaskCreate       tasks.o
    0x08006ea4   0x08006ea4   0x000000ba   Code   RO         4020    i.xTaskCreateStatic  tasks.o
    0x08006f5e   0x08006f5e   0x00000002   PAD
    0x08006f60   0x08006f60   0x00000020   Code   RO         4024    i.xTaskGetSchedulerState  tasks.o
    0x08006f80   0x08006f80   0x0000000c   Code   RO         4025    i.xTaskGetTickCount  tasks.o
    0x08006f8c   0x08006f8c   0x00000144   Code   RO         4027    i.xTaskIncrementTick  tasks.o
    0x080070d0   0x080070d0   0x000000a4   Code   RO         4030    i.xTaskPriorityDisinherit  tasks.o
    0x08007174   0x08007174   0x00000098   Code   RO         4032    i.xTaskRemoveFromEventList  tasks.o
    0x0800720c   0x0800720c   0x00000104   Code   RO         4033    i.xTaskResumeAll    tasks.o
    0x08007310   0x08007310   0x00000078   Code   RO         4369    i.xTimerCreateTimerTask  timers.o
    0x08007388   0x08007388   0x00000084   Code   RO         4370    i.xTimerGenericCommand  timers.o
    0x0800740c   0x0800740c   0x00000062   Code   RO         6098    x$fpl$d2f           fz_wm.l(d2f.o)
    0x0800746e   0x0800746e   0x00000002   PAD
    0x08007470   0x08007470   0x00000150   Code   RO         6100    x$fpl$dadd          fz_wm.l(daddsub_clz.o)
    0x080075c0   0x080075c0   0x00000026   Code   RO         6106    x$fpl$dfltu         fz_wm.l(dflt_clz.o)
    0x080075e6   0x080075e6   0x00000002   PAD
    0x080075e8   0x080075e8   0x00000154   Code   RO         6112    x$fpl$dmul          fz_wm.l(dmul.o)
    0x0800773c   0x0800773c   0x0000009c   Code   RO         6210    x$fpl$dnaninf       fz_wm.l(dnaninf.o)
    0x080077d8   0x080077d8   0x0000000c   Code   RO         6212    x$fpl$dretinf       fz_wm.l(dretinf.o)
    0x080077e4   0x080077e4   0x000001d4   Code   RO         6102    x$fpl$dsub          fz_wm.l(daddsub_clz.o)
    0x080079b8   0x080079b8   0x00000056   Code   RO         6114    x$fpl$f2d           fz_wm.l(f2d.o)
    0x08007a0e   0x08007a0e   0x0000008c   Code   RO         6214    x$fpl$fnaninf       fz_wm.l(fnaninf.o)
    0x08007a9a   0x08007a9a   0x0000000a   Code   RO         6264    x$fpl$fpinit        fz_wm.l(fpinit.o)
    0x08007aa4   0x08007aa4   0x0000000a   Code   RO         6216    x$fpl$fretinf       fz_wm.l(fretinf.o)
    0x08007aae   0x08007aae   0x00000000   Code   RO         6220    x$fpl$usenofp       fz_wm.l(usenofp.o)
    0x08007aae   0x08007aae   0x00000002   PAD
    0x08007ab0   0x08007ab0   0x00000090   Data   RO          236    .constdata          freertos.o
    0x08007b40   0x08007b40   0x00000008   Data   RO         1343    .constdata          stm32f4xx_hal_dma.o
    0x08007b48   0x08007b48   0x00000018   Data   RO         3359    .constdata          system_stm32f4xx.o
    0x08007b60   0x08007b60   0x00000040   Data   RO         5677    .constdata          app_motor.o
    0x08007ba0   0x08007ba0   0x00000200   Data   RO         5817    .constdata          go-m8010-6.o
    0x08007da0   0x08007da0   0x00000023   Data   RO          237    .conststring        freertos.o
    0x08007dc3   0x08007dc3   0x00000001   PAD
    0x08007dc4   0x08007dc4   0x00000020   Data   RO         6360    Region$$Table       anon$$obj.o
    0x08007de4   0x08007de4   0x00000004   Data   RO         5228    .init_array         kinematics_task.o
    0x08007de8   0x08007de4   0x00000004   Data   RO         5536    .init_array         message_task.o
    0x08007dec   0x08007de4   0x00000000   Data   RO         6093    .init_array         c_w.l(init_aeabi.o)


    Execution Region RW_IRAM1 (Exec base: 0x20000000, Load base: 0x08007dec, Size: 0x00005638, Max: 0x0001c000, ABSOLUTE, COMPRESSED[0x00000038])

    Exec Addr    Load Addr    Size         Type   Attr      Idx    E Section Name        Object

    0x20000000   COMPRESSED   0x00000010   Data   RW          238    .data               freertos.o
    0x20000010   COMPRESSED   0x00000004   Data   RW          291    .data               can.o
    0x20000014   COMPRESSED   0x00000009   Data   RW         1775    .data               stm32f4xx_hal.o
    0x2000001d   COMPRESSED   0x00000003   PAD
    0x20000020   COMPRESSED   0x00000004   Data   RW         3360    .data               system_stm32f4xx.o
    0x20000024   COMPRESSED   0x0000003c   Data   RW         4036    .data               tasks.o
    0x20000060   COMPRESSED   0x00000014   Data   RW         4378    .data               timers.o
    0x20000074   COMPRESSED   0x00000004   Data   RW         4614    .data               cmsis_os2.o
    0x20000078   COMPRESSED   0x00000020   Data   RW         5071    .data               heap_4.o
    0x20000098   COMPRESSED   0x0000000c   Data   RW         5127    .data               port.o
    0x200000a4   COMPRESSED   0x00000076   Data   RW         5227    .data               kinematics_task.o
    0x2000011a   COMPRESSED   0x00000003   Data   RW         5535    .data               message_task.o
    0x2000011d   COMPRESSED   0x00000001   Data   RW         5678    .data               app_motor.o
    0x2000011e   COMPRESSED   0x00000002   PAD
    0x20000120   COMPRESSED   0x00000008   Data   RW         5818    .data               go-m8010-6.o
    0x20000128   COMPRESSED   0x00000008   Data   RW         5885    .data               led.o
    0x20000130   COMPRESSED   0x00000002   Data   RW         5973    .data               remote_control.o
    0x20000132   COMPRESSED   0x00000002   PAD
    0x20000134        -       0x00000050   Zero   RW          290    .bss                can.o
    0x20000184        -       0x000000f0   Zero   RW          369    .bss                tim.o
    0x20000274        -       0x0000012c   Zero   RW          423    .bss                usart.o
    0x200003a0        -       0x00000040   Zero   RW         3601    .bss                queue.o
    0x200003e0        -       0x000004c4   Zero   RW         4035    .bss                tasks.o
    0x200008a4        -       0x00000118   Zero   RW         4377    .bss                timers.o
    0x200009bc        -       0x000006b8   Zero   RW         4613    .bss                cmsis_os2.o
    0x20001074        -       0x00003c00   Zero   RW         5070    .bss                heap_4.o
    0x20004c74        -       0x0000019c   Zero   RW         5225    .bss                kinematics_task.o
    0x20004e10        -       0x00000068   Zero   RW         5534    .bss                message_task.o
    0x20004e78        -       0x00000080   Zero   RW         5676    .bss                app_motor.o
    0x20004ef8        -       0x00000080   Zero   RW         5816    .bss                go-m8010-6.o
    0x20004f78        -       0x0000005e   Zero   RW         5972    .bss                remote_control.o
    0x20004fd6   COMPRESSED   0x00000002   PAD
    0x20004fd8        -       0x00000060   Zero   RW         6267    .bss                c_w.l(libspace.o)
    0x20005038        -       0x00000200   Zero   RW            2    HEAP                startup_stm32f407xx.o
    0x20005238        -       0x00000400   Zero   RW            1    STACK               startup_stm32f407xx.o


    Execution Region RW_IRAM2 (Exec base: 0x2001c000, Load base: 0x08007e24, Size: 0x00000000, Max: 0x00004000, ABSOLUTE)

    **** No section assigned to this execution region ****


==============================================================================

Image component sizes


      Code (inc. data)   RO Data    RW Data    ZI Data      Debug   Object Name

       808         46         64          1        128       6292   app_motor.o
       156         14          0          0          0        946   bsp_rc.o
       604         50          0          4         80       2956   can.o
       408         38          0          4       1720      64117   cmsis_os2.o
       104          6          0          0          0        782   dma.o
         0          0          0          0          0      19376   event_groups.o
       158         56        179         16          0       2457   freertos.o
      1418        124        512          8        128       5540   go-m8010-6.o
       324         12          0          0          0       1119   gpio.o
       724         74          0         32      15360       4779   heap_4.o
      1400         86          4        118        412     617136   kinematics_task.o
       104         22          0          8          0        552   led.o
       148          0          0          0          0       3482   list.o
       290         16          0          0          0     713256   main.o
      1182         34          4          3        104      10662   message_task.o
      1014         92          0         12          0      11517   port.o
      1922         20          0          0         64      17164   queue.o
       538         36          0          2         94       4427   remote_control.o
        64         26        392          0       1536        828   startup_stm32f407xx.o
       172         32          0          9          0       8649   stm32f4xx_hal.o
      2134          6          0          0          0      14023   stm32f4xx_hal_can.o
       304         22          0          0          0      34351   stm32f4xx_hal_cortex.o
      1246         16          8          0          0       5267   stm32f4xx_hal_dma.o
       528         46          0          0          0       2727   stm32f4xx_hal_gpio.o
        84          6          0          0          0        830   stm32f4xx_hal_msp.o
      1820         84          0          0          0       5516   stm32f4xx_hal_rcc.o
      1966        142          0          0          0      12931   stm32f4xx_hal_tim.o
       296         30          0          0          0       2116   stm32f4xx_hal_tim_ex.o
      2594         14          0          0          0      12631   stm32f4xx_hal_uart.o
       122         30          0          0          0       5655   stm32f4xx_it.o
         0          0          0          0          0        388   stream_buffer.o
        20          6         24          4          0       1087   system_stm32f4xx.o
      2808        346          0         60       1220      27026   tasks.o
       764         60          0          0        240       3367   tim.o
      1318        124          0         20        280      32583   timers.o
       712         76          0          0        300       3123   usart.o

    ----------------------------------------------------------------------
     28294       1792       1220        308      21668    1659658   Object Totals
         0          0         32          0          0          0   (incl. Generated)
        40          0          1          7          2          0   (incl. Padding)

    ----------------------------------------------------------------------

      Code (inc. data)   RO Data    RW Data    ZI Data      Debug   Library Member Name

        90          0          0          0          0          0   __dczerorl2.o
         8          0          0          0          0         68   __main.o
         0          0          0          0          0          0   __rtentry.o
        12          0          0          0          0          0   __rtentry2.o
         6          0          0          0          0          0   __rtentry4.o
        52          8          0          0          0          0   __scatter.o
        28          0          0          0          0          0   __scatter_zi.o
        16          0          0          0          0         68   aeabi_memset.o
        18          0          0          0          0         80   exit.o
         6          0          0          0          0        152   heapauxi.o
         0          0          0          0          0          0   indicate_semi.o
        36         10          0          0          0         80   init_aeabi.o
         2          0          0          0          0          0   libinit.o
        10          0          0          0          0          0   libinit2.o
         2          0          0          0          0          0   libshutdown.o
         2          0          0          0          0          0   libshutdown2.o
         8          4          0          0         96         68   libspace.o
       238          0          0          0          0        100   lludivv7m.o
        68          0          0          0          0         68   rt_memclr.o
        78          0          0          0          0         80   rt_memclr_w.o
       138          0          0          0          0         68   rt_memcpy_v6.o
       100          0          0          0          0         80   rt_memcpy_w.o
         2          0          0          0          0          0   rtexit.o
        10          0          0          0          0          0   rtexit2.o
        12          4          0          0          0         68   sys_exit.o
        74          0          0          0          0         80   sys_stackheap_outer.o
         2          0          0          0          0         68   use_no_semi.o
        98          4          0          0          0        140   d2f.o
       804         16          0          0          0        368   daddsub_clz.o
        38          0          0          0          0        116   dflt_clz.o
       340         12          0          0          0        152   dmul.o
       156          4          0          0          0        140   dnaninf.o
        12          0          0          0          0        116   dretinf.o
        86          4          0          0          0        132   f2d.o
       140          4          0          0          0        132   fnaninf.o
        10          0          0          0          0        116   fpinit.o
        10          0          0          0          0        116   fretinf.o
         0          0          0          0          0          0   usenofp.o

    ----------------------------------------------------------------------
      2722         70          0          0         96       2656   Library Totals
        10          0          0          0          0          0   (incl. Padding)

    ----------------------------------------------------------------------

      Code (inc. data)   RO Data    RW Data    ZI Data      Debug   Library Name

      1018         26          0          0         96       1128   c_w.l
      1694         44          0          0          0       1528   fz_wm.l

    ----------------------------------------------------------------------
      2722         70          0          0         96       2656   Library Totals

    ----------------------------------------------------------------------

==============================================================================


      Code (inc. data)   RO Data    RW Data    ZI Data      Debug   

     31016       1862       1220        308      21764    1639394   Grand Totals
     31016       1862       1220         56      21764    1639394   ELF Image Totals (compressed)
     31016       1862       1220         56          0          0   ROM Totals

==============================================================================

    Total RO  Size (Code + RO Data)                32236 (  31.48kB)
    Total RW  Size (RW Data + ZI Data)             22072 (  21.55kB)
    Total ROM Size (Code + RO Data + RW Data)      32292 (  31.54kB)

==============================================================================

