Component: ARM Compiler 5.06 update 3 (build 300) Tool: armlink [4d35c9]

==============================================================================

Section Cross References

    app_led.o(i._ZN7LEDctrl6ToggleE11Pin_TypeDef) refers to tasks.o(i.vTaskDelay) for vTaskDelay
    app_led.o(i._ZN7LEDctrl6ToggleE11Pin_TypeDef) refers to platform_io.o(.constdata) for PIN_MAP
    app_led.o(i._ZN7LEDctrl6ToggleEv) refers to tasks.o(i.vTaskDelay) for vTaskDelay
    app_led.o(i._ZN7LEDctrl6ToggleEv) refers to app_led.o(.constdata) for LED_Pins
    app_led.o(i._ZN7LEDctrl6ToggleEv) refers to platform_io.o(.constdata) for PIN_MAP
    app_led.o(i._ZN7LEDctrl7Turn_OnE11Pin_TypeDef) refers to platform_io.o(.constdata) for PIN_MAP
    app_led.o(i._ZN7LEDctrl7Turn_OnEv) refers to app_led.o(.constdata) for LED_Pins
    app_led.o(i._ZN7LEDctrl7Turn_OnEv) refers to platform_io.o(.constdata) for PIN_MAP
    app_led.o(i._ZN7LEDctrl8Turn_OffE11Pin_TypeDef) refers to platform_io.o(.constdata) for PIN_MAP
    app_led.o(i._ZN7LEDctrl8Turn_OffEv) refers to app_led.o(.constdata) for LED_Pins
    app_led.o(i._ZN7LEDctrl8Turn_OffEv) refers to platform_io.o(.constdata) for PIN_MAP
    app_led.o(i.__sti___11_app_led_cpp_LED) refers to drivers_led.o(i._ZN6LEDdevC1Ev) for LEDdev::LEDdev()
    app_led.o(i.__sti___11_app_led_cpp_LED) refers to app_led.o(.data) for LED
    app_led.o(.ARM.exidx) refers to app_led.o(i._ZN7LEDctrl7Turn_OnEv) for i._ZN7LEDctrl7Turn_OnEv
    app_led.o(.ARM.exidx) refers to app_led.o(i._ZN7LEDctrl7Turn_OnE11Pin_TypeDef) for i._ZN7LEDctrl7Turn_OnE11Pin_TypeDef
    app_led.o(.ARM.exidx) refers to app_led.o(i._ZN7LEDctrl8Turn_OffEv) for i._ZN7LEDctrl8Turn_OffEv
    app_led.o(.ARM.exidx) refers to app_led.o(i._ZN7LEDctrl8Turn_OffE11Pin_TypeDef) for i._ZN7LEDctrl8Turn_OffE11Pin_TypeDef
    app_led.o(.ARM.exidx) refers to app_led.o(i._ZN7LEDctrl6ToggleEv) for i._ZN7LEDctrl6ToggleEv
    app_led.o(.ARM.exidx) refers to app_led.o(i._ZN7LEDctrl6ToggleE11Pin_TypeDef) for i._ZN7LEDctrl6ToggleE11Pin_TypeDef
    app_led.o(.ARM.exidx) refers to app_led.o(i.__sti___11_app_led_cpp_LED) for i.__sti___11_app_led_cpp_LED
    app_led.o(.init_array) refers to app_led.o(i.__sti___11_app_led_cpp_LED) for __sti___11_app_led_cpp_LED
    app_led.o(.init_array) refers to init_aeabi.o(.text) for __cpp_initialize__aeabi_
    app_motor.o(i._Z12CAN_ALL_Initv) refers to drivers_can.o(i._ZN6CANdev9CANx_InitEv) for CANdev::CANx_Init()
    app_motor.o(i._Z12CAN_ALL_Initv) refers to dev_can.o(i._ZN7CANctrl15attachInterruptEPFvP8CanRxMsgE) for CANctrl::attachInterrupt(void(*)(CanRxMsg*))
    app_motor.o(i._Z12CAN_ALL_Initv) refers to dev_can.o(.bss) for CAN1_Ctrl
    app_motor.o(i._Z12CAN_ALL_Initv) refers to app_motor.o(i._Z9CAN1_HookP8CanRxMsg) for CAN1_Hook(CanRxMsg*)
    app_motor.o(i._Z12CAN_ALL_Initv) refers to app_motor.o(i._Z9CAN2_HookP8CanRxMsg) for CAN2_Hook(CanRxMsg*)
    app_motor.o(i._Z9CAN1_HookP8CanRxMsg) refers to app_motor.o(.bss) for CAN_Cmd
    app_motor.o(i._Z9CAN1_HookP8CanRxMsg) refers to app_motor.o(.data) for can1_usart_flag
    app_motor.o(i._Z9CAN2_HookP8CanRxMsg) refers to app_motor.o(.data) for get_version_data_from_chassis
    app_motor.o(i.__sti___13_app_motor_cpp_CAN_Cmd) refers to app_motor.o(.bss) for CAN_Cmd
    app_motor.o(i.__sti___13_app_motor_cpp_CAN_Cmd) refers to dev_can.o(.bss) for CAN2_Ctrl
    app_motor.o(i.get_Version_need_data_pointer) refers to app_motor.o(.data) for version_need_buf
    app_motor.o(.ARM.exidx) refers to app_motor.o(i._Z9CAN2_HookP8CanRxMsg) for i._Z9CAN2_HookP8CanRxMsg
    app_motor.o(.ARM.exidx) refers to app_motor.o(i._Z9CAN1_HookP8CanRxMsg) for i._Z9CAN1_HookP8CanRxMsg
    app_motor.o(.ARM.exidx) refers to app_motor.o(i.get_Version_need_data_pointer) for i.get_Version_need_data_pointer
    app_motor.o(.ARM.exidx) refers to app_motor.o(i._Z12CAN_ALL_Initv) for i._Z12CAN_ALL_Initv
    app_motor.o(.ARM.exidx) refers to app_motor.o(i.__sti___13_app_motor_cpp_CAN_Cmd) for i.__sti___13_app_motor_cpp_CAN_Cmd
    app_motor.o(.init_array) refers to app_motor.o(i.__sti___13_app_motor_cpp_CAN_Cmd) for __sti___13_app_motor_cpp_CAN_Cmd
    app_motor.o(.init_array) refers to init_aeabi.o(.text) for __cpp_initialize__aeabi_
    app_power_ctrl.o(i._Z13power_ctrl_onh) refers to stm32f4xx_gpio.o(i.GPIO_SetBits) for GPIO_SetBits
    app_power_ctrl.o(i._Z14power_ctrl_offh) refers to stm32f4xx_gpio.o(i.GPIO_ResetBits) for GPIO_ResetBits
    app_power_ctrl.o(i._Z17power_ctrl_toggleh) refers to stm32f4xx_gpio.o(i.GPIO_ToggleBits) for GPIO_ToggleBits
    app_power_ctrl.o(i._Z24power_ctrl_configurationv) refers to dev_system.o(i._Z7pinModeh15pinMode_TypeDef) for pinMode(unsigned char, pinMode_TypeDef)
    app_power_ctrl.o(i._Z24power_ctrl_configurationv) refers to app_power_ctrl.o(i._Z14power_ctrl_offh) for power_ctrl_off(unsigned char)
    app_power_ctrl.o(.ARM.exidx) refers to app_power_ctrl.o(i._Z14power_ctrl_offh) for i._Z14power_ctrl_offh
[...]
    __rt_lib_init_signal_1                   0x0800021b   Thumb Code     0  libinit2.o(.ARM.Collect$$libinit$$0000001D)
    __rt_lib_init_stdio_1                    0x0800021b   Thumb Code     0  libinit2.o(.ARM.Collect$$libinit$$00000025)
    __rt_lib_init_user_alloc_1               0x0800021b   Thumb Code     0  libinit2.o(.ARM.Collect$$libinit$$0000000C)
    __rt_lib_init_cpp_1                      0x0800021f   Thumb Code     0  libinit2.o(.ARM.Collect$$libinit$$00000032)
    __rt_lib_init_return                     0x0800021f   Thumb Code     0  libinit2.o(.ARM.Collect$$libinit$$00000033)
    __rt_lib_shutdown                        0x08000221   Thumb Code     0  libshutdown.o(.ARM.Collect$$libshutdown$$00000000)
    __rt_lib_shutdown_cpp_1                  0x08000223   Thumb Code     0  libshutdown2.o(.ARM.Collect$$libshutdown$$00000002)
    __rt_lib_shutdown_fp_trap_1              0x08000223   Thumb Code     0  libshutdown2.o(.ARM.Collect$$libshutdown$$00000007)
    __rt_lib_shutdown_heap_1                 0x08000223   Thumb Code     0  libshutdown2.o(.ARM.Collect$$libshutdown$$0000000F)
    __rt_lib_shutdown_return                 0x08000223   Thumb Code     0  libshutdown2.o(.ARM.Collect$$libshutdown$$00000010)
    __rt_lib_shutdown_signal_1               0x08000223   Thumb Code     0  libshutdown2.o(.ARM.Collect$$libshutdown$$0000000A)
    __rt_lib_shutdown_stdio_1                0x08000223   Thumb Code     0  libshutdown2.o(.ARM.Collect$$libshutdown$$00000004)
    __rt_lib_shutdown_user_alloc_1           0x08000223   Thumb Code     0  libshutdown2.o(.ARM.Collect$$libshutdown$$0000000C)
    __rt_entry                               0x08000225   Thumb Code     0  __rtentry.o(.ARM.Collect$$rtentry$$00000000)
    __rt_entry_presh_1                       0x08000225   Thumb Code     0  __rtentry2.o(.ARM.Collect$$rtentry$$00000002)
    __rt_entry_sh                            0x08000225   Thumb Code     0  __rtentry4.o(.ARM.Collect$$rtentry$$00000004)
    __rt_entry_li                            0x0800022b   Thumb Code     0  __rtentry2.o(.ARM.Collect$$rtentry$$0000000A)
    __rt_entry_postsh_1                      0x0800022b   Thumb Code     0  __rtentry2.o(.ARM.Collect$$rtentry$$00000009)
    __rt_entry_main                          0x0800022f   Thumb Code     0  __rtentry2.o(.ARM.Collect$$rtentry$$0000000D)
    __rt_entry_postli_1                      0x0800022f   Thumb Code     0  __rtentry2.o(.ARM.Collect$$rtentry$$0000000C)
    __rt_exit                                0x08000237   Thumb Code     0  rtexit.o(.ARM.Collect$$rtexit$$00000000)
    __rt_exit_ls                             0x08000239   Thumb Code     0  rtexit2.o(.ARM.Collect$$rtexit$$00000003)
    __rt_exit_prels_1                        0x08000239   Thumb Code     0  rtexit2.o(.ARM.Collect$$rtexit$$00000002)
    __rt_exit_exit                           0x0800023d   Thumb Code     0  rtexit2.o(.ARM.Collect$$rtexit$$00000004)
    SVC_Handler                              0x08000245   Thumb Code    28  port.o(.emb_text)
    __asm___6_port_c_39a90d8d__prvStartFirstTask 0x08000265   Thumb Code    28  port.o(.emb_text)
    __asm___6_port_c_39a90d8d__prvEnableVFP  0x08000285   Thumb Code    16  port.o(.emb_text)
    PendSV_Handler                           0x08000299   Thumb Code    88  port.o(.emb_text)
    vPortGetIPSR                             0x080002f5   Thumb Code     6  port.o(.emb_text)
    Reset_Handler                            0x080002fd   Thumb Code     8  startup_stm32f40_41xxx.o(.text)
    _maybe_terminate_alloc                   0x080002fd   Thumb Code     0  maybetermalloc1.o(.emb_text)
    ADC_IRQHandler                           0x08000317   Thumb Code     0  startup_stm32f40_41xxx.o(.text)
    CAN1_RX1_IRQHandler                      0x08000317   Thumb Code     0  startup_stm32f40_41xxx.o(.text)
    CAN1_SCE_IRQHandler                      0x08000317   Thumb Code     0  startup_stm32f40_41xxx.o(.text)
    CAN1_TX_IRQHandler                       0x08000317   Thumb Code     0  startup_stm32f40_41xxx.o(.text)
    CAN2_RX1_IRQHandler                      0x08000317   Thumb Code     0  startup_stm32f40_41xxx.o(.text)
    CAN2_SCE_IRQHandler                      0x08000317   Thumb Code     0  startup_stm32f40_41xxx.o(.text)
    CAN2_TX_IRQHandler                       0x08000317   Thumb Code     0  startup_stm32f40_41xxx.o(.text)
    CRYP_IRQHandler                          0x08000317   Thumb Code     0  startup_stm32f40_41xxx.o(.text)
    DCMI_IRQHandler                          0x08000317   Thumb Code     0  startup_stm32f40_41xxx.o(.text)
    DMA1_Stream0_IRQHandler                  0x08000317   Thumb Code     0  startup_stm32f40_41xxx.o(.text)
    DMA1_Stream1_IRQHandler                  0x08000317   Thumb Code     0  startup_stm32f40_41xxx.o(.text)
    DMA1_Stream2_IRQHandler                  0x08000317   Thumb Code     0  startup_stm32f40_41xxx.o(.text)
    DMA1_Stream3_IRQHandler                  0x08000317   Thumb Code     0  startup_stm32f40_41xxx.o(.text)
    DMA1_Stream4_IRQHandler                  0x08000317   Thumb Code     0  startup_stm32f40_41xxx.o(.text)
    DMA1_Stream5_IRQHandler                  0x08000317   Thumb Code     0  startup_stm32f40_41xxx.o(.text)
    DMA1_Stream6_IRQHandler                  0x08000317   Thumb Code     0  startup_stm32f40_41xxx.o(.text)
    DMA1_Stream7_IRQHandler                  0x08000317   Thumb Code     0  startup_stm32f40_41xxx.o(.text)
    DMA2_Stream0_IRQHandler                  0x08000317   Thumb Code     0  startup_stm32f40_41xxx.o(.text)
    DMA2_Stream1_IRQHandler                  0x08000317   Thumb Code     0  startup_stm32f40_41xxx.o(.text)
    DMA2_Stream2_IRQHandler                  0x08000317   Thumb Code     0  startup_stm32f40_41xxx.o(.text)
    DMA2_Stream3_IRQHandler                  0x08000317   Thumb Code     0  startup_stm32f40_41xxx.o(.text)
    DMA2_Stream4_IRQHandler                  0x08000317   Thumb Code     0  startup_stm32f40_41xxx.o(.text)
    DMA2_Stream5_IRQHandler                  0x08000317   Thumb Code     0  startup_stm32f40_41xxx.o(.text)
    DMA2_Stream6_IRQHandler                  0x08000317   Thumb Code     0  startup_stm32f40_41xxx.o(.text)
    DMA2_Stream7_IRQHandler                  0x08000317   Thumb Code     0  startup_stm32f40_41xxx.o(.text)
    ETH_IRQHandler                           0x08000317   Thumb Code     0  startup_stm32f40_41xxx.o(.text)
    ETH_WKUP_IRQHandler                      0x08000317   Thumb Code     0  startup_stm32f40_41xxx.o(.text)
    FLASH_IRQHandler                         0x08000317   Thumb Code     0  startup_stm32f40_41xxx.o(.text)
    FPU_IRQHandler                           0x08000317   Thumb Code     0  startup_stm32f40_41xxx.o(.text)
    FSMC_IRQHandler                          0x08000317   Thumb Code     0  startup_stm32f40_41xxx.o(.text)
    HASH_RNG_IRQHandler                      0x08000317   Thumb Code     0  startup_stm32f40_41xxx.o(.text)
    I2C1_ER_IRQHandler                       0x08000317   Thumb Code     0  startup_stm32f40_41xxx.o(.text)
    I2C1_EV_IRQHandler                       0x08000317   Thumb Code     0  startup_stm32f40_41xxx.o(.text)
    I2C2_ER_IRQHandler                       0x08000317   Thumb Code     0  startup_stm32f40_41xxx.o(.text)
    I2C2_EV_IRQHandler                       0x08000317   Thumb Code     0  startup_stm32f40_41xxx.o(.text)
    I2C3_ER_IRQHandler                       0x08000317   Thumb Code     0  startup_stm32f40_41xxx.o(.text)
    I2C3_EV_IRQHandler                       0x08000317   Thumb Code     0  startup_stm32f40_41xxx.o(.text)
    OTG_FS_IRQHandler                        0x08000317   Thumb Code     0  startup_stm32f40_41xxx.o(.text)
    OTG_FS_WKUP_IRQHandler                   0x08000317   Thumb Code     0  startup_stm32f40_41xxx.o(.text)
    OTG_HS_EP1_IN_IRQHandler                 0x08000317   Thumb Code     0  startup_stm32f40_41xxx.o(.text)
    OTG_HS_EP1_OUT_IRQHandler                0x08000317   Thumb Code     0  startup_stm32f40_41xxx.o(.text)
    OTG_HS_IRQHandler                        0x08000317   Thumb Code     0  startup_stm32f40_41xxx.o(.text)
    OTG_HS_WKUP_IRQHandler                   0x08000317   Thumb Code     0  startup_stm32f40_41xxx.o(.text)
    PVD_IRQHandler                           0x08000317   Thumb Code     0  startup_stm32f40_41xxx.o(.text)
    RCC_IRQHandler                           0x08000317   Thumb Code     0  startup_stm32f40_41xxx.o(.text)
    RTC_Alarm_IRQHandler                     0x08000317   Thumb Code     0  startup_stm32f40_41xxx.o(.text)
    RTC_WKUP_IRQHandler                      0x08000317   Thumb Code     0  startup_stm32f40_41xxx.o(.text)
    SDIO_IRQHandler                          0x08000317   Thumb Code     0  startup_stm32f40_41xxx.o(.text)
    SPI1_IRQHandler                          0x08000317   Thumb Code     0  startup_stm32f40_41xxx.o(.text)
    SPI2_IRQHandler                          0x08000317   Thumb Code     0  startup_stm32f40_41xxx.o(.text)
    SPI3_IRQHandler                          0x08000317   Thumb Code     0  startup_stm32f40_41xxx.o(.text)
    TAMP_STAMP_IRQHandler                    0x08000317   Thumb Code     0  startup_stm32f40_41xxx.o(.text)
    TIM1_BRK_TIM9_IRQHandler                 0x08000317   Thumb Code     0  startup_stm32f40_41xxx.o(.text)
    TIM1_CC_IRQHandler                       0x08000317   Thumb Code     0  startup_stm32f40_41xxx.o(.text)
    TIM1_TRG_COM_TIM11_IRQHandler            0x08000317   Thumb Code     0  startup_stm32f40_41xxx.o(.text)
    TIM8_BRK_TIM12_IRQHandler                0x08000317   Thumb Code     0  startup_stm32f40_41xxx.o(.text)
    TIM8_CC_IRQHandler                       0x08000317   Thumb Code     0  startup_stm32f40_41xxx.o(.text)
    TIM8_TRG_COM_TIM14_IRQHandler            0x08000317   Thumb Code     0  startup_stm32f40_41xxx.o(.text)
    UART4_IRQHandler                         0x08000317   Thumb Code     0  startup_stm32f40_41xxx.o(.text)
    UART5_IRQHandler                         0x08000317   Thumb Code     0  startup_stm32f40_41xxx.o(.text)
    USART2_IRQHandler                        0x08000317   Thumb Code     0  startup_stm32f40_41xxx.o(.text)
    USART6_IRQHandler                        0x08000317   Thumb Code     0  startup_stm32f40_41xxx.o(.text)
    WWDG_IRQHandler                          0x08000317   Thumb Code     0  startup_stm32f40_41xxx.o(.text)
    __user_initial_stackheap                 0x08000319   Thumb Code     0  startup_stm32f40_41xxx.o(.text)
    __use_no_semihosting                     0x0800033d   Thumb Code     2  use_no_semi_2.o(.text)
    malloc                                   0x0800033f   Thumb Code    94  h1_alloc.o(.text)
    __2sprintf                               0x0800039d   Thumb Code    34  noretval__2sprintf.o(.text)
    __printf                                 0x080003c5   Thumb Code   104  __printf.o(.text)
    _printf_str                              0x0800042d   Thumb Code    82  _printf_str.o(.text)
    _printf_int_dec                          0x08000481   Thumb Code   104  _printf_dec.o(.text)
    abort                                    0x080004f9   Thumb Code    22  abort.o(.text)
    strcpy                                   0x0800050f   Thumb Code    72  strcpy.o(.text)
    strlen                                   0x08000557   Thumb Code    62  strlen.o(.text)
    __aeabi_memcpy                           0x08000595   Thumb Code     0  rt_memcpy_v6.o(.text)
    __rt_memcpy                              0x08000595   Thumb Code   138  rt_memcpy_v6.o(.text)
    _memcpy_lastbytes                        0x080005fb   Thumb Code     0  rt_memcpy_v6.o(.text)
    __aeabi_memcpy4                          0x0800061f   Thumb Code     0  rt_memcpy_w.o(.text)
    __aeabi_memcpy8                          0x0800061f   Thumb Code     0  rt_memcpy_w.o(.text)
    __rt_memcpy_w                            0x0800061f   Thumb Code   100  rt_memcpy_w.o(.text)
    _memcpy_lastbytes_aligned                0x08000667   Thumb Code     0  rt_memcpy_w.o(.text)
    __aeabi_memset                           0x08000683   Thumb Code    16  aeabi_memset.o(.text)
    __aeabi_memclr                           0x08000693   Thumb Code     0  rt_memclr.o(.text)
    __rt_memclr                              0x08000693   Thumb Code    68  rt_memclr.o(.text)
    _memset                                  0x08000697   Thumb Code     0  rt_memclr.o(.text)
    __aeabi_memclr4                          0x080006d7   Thumb Code     0  rt_memclr_w.o(.text)
    __aeabi_memclr8                          0x080006d7   Thumb Code     0  rt_memclr_w.o(.text)
    __rt_memclr_w                            0x080006d7   Thumb Code    78  rt_memclr_w.o(.text)
    _memset_w                                0x080006db   Thumb Code     0  rt_memclr_w.o(.text)
    __use_two_region_memory                  0x08000725   Thumb Code     2  heapauxi.o(.text)
    __rt_heap_escrow                         0x08000727   Thumb Code     2  heapauxi.o(.text)
    __rt_heap_expand                         0x08000729   Thumb Code     2  heapauxi.o(.text)
    __cpp_initialize__aeabi_                 0x0800072d   Thumb Code    26  init_aeabi.o(.text)
    __I$use$semihosting                      0x08000751   Thumb Code     0  use_no_semi.o(.text)
    __use_no_semihosting_swi                 0x08000751   Thumb Code     2  use_no_semi.o(.text)
    __rt_heap_descriptor                     0x08000755   Thumb Code     8  rt_heap_descriptor_intlibspace.o(.text)
    __use_no_heap                            0x0800075d   Thumb Code     2  hguard.o(.text)
    __heap$guard                             0x0800075f   Thumb Code     2  hguard.o(.text)
    _terminate_user_alloc                    0x08000761   Thumb Code     2  init_alloc.o(.text)
    _init_user_alloc                         0x08000763   Thumb Code     2  init_alloc.o(.text)
    __Heap_Full                              0x08000765   Thumb Code    34  init_alloc.o(.text)
    __Heap_Broken                            0x08000787   Thumb Code     6  init_alloc.o(.text)
    _init_alloc                              0x0800078d   Thumb Code    94  init_alloc.o(.text)
    __Heap_Initialize                        0x080007eb   Thumb Code    10  h1_init.o(.text)
    __Heap_DescSize                          0x080007f5   Thumb Code     4  h1_init.o(.text)
    free                                     0x080007f9   Thumb Code    78  h1_free.o(.text)
    _printf_int_common                       0x08000847   Thumb Code   178  _printf_intcommon.o(.text)
    _printf_char_common                      0x08000903   Thumb Code    32  _printf_char_common.o(.text)
    _sputc                                   0x08000929   Thumb Code    10  _sputc.o(.text)
    _printf_cs_common                        0x08000933   Thumb Code    20  _printf_char.o(.text)
    _printf_char                             0x08000947   Thumb Code    16  _printf_char.o(.text)
    _printf_string                           0x08000957   Thumb Code     8  _printf_char.o(.text)
    __rt_SIGABRT                             0x0800095f   Thumb Code    14  defsig_abrt_outer.o(.text)
    __user_libspace                          0x0800096d   Thumb Code     8  libspace.o(.text)
    __user_perproc_libspace                  0x0800096d   Thumb Code     0  libspace.o(.text)
    __user_perthread_libspace                0x0800096d   Thumb Code     0  libspace.o(.text)
    __Heap_ProvideMemory                     0x08000975   Thumb Code    52  h1_extend.o(.text)
    __sig_exit                               0x080009a9   Thumb Code    10  defsig_exit.o(.text)
    __rt_SIGABRT_inner                       0x080009b5   Thumb Code    14  defsig_abrt_inner.o(.text)
    __rt_SIGRTMEM                            0x080009e5   Thumb Code    14  defsig_rtmem_outer.o(.text)
    __user_setup_stackheap                   0x080009f3   Thumb Code    74  sys_stackheap_outer.o(.text)
    exit                                     0x08000a3d   Thumb Code    18  exit.o(.text)
    __default_signal_display                 0x08000a4f   Thumb Code    50  defsig_general.o(.text)
    __rt_SIGRTMEM_inner                      0x08000a81   Thumb Code    22  defsig_rtmem_inner.o(.text)
    BusFault_Handler                         0x08000ad1   Thumb Code     4  stm32f4xx_it.o(i.BusFault_Handler)
    CAN1_RX0_IRQHandler                      0x08000ad5   Thumb Code    42  dev_can.o(i.CAN1_RX0_IRQHandler)
    CAN2_RX0_IRQHandler                      0x08000b05   Thumb Code    42  dev_can.o(i.CAN2_RX0_IRQHandler)
    CAN_ClearITPendingBit                    0x08000b35   Thumb Code   162  stm32f4xx_can.o(i.CAN_ClearITPendingBit)
    CAN_FilterInit                           0x08000bdd   Thumb Code   258  stm32f4xx_can.o(i.CAN_FilterInit)
    CAN_GetITStatus                          0x08000ce5   Thumb Code   284  stm32f4xx_can.o(i.CAN_GetITStatus)
    CAN_ITConfig                             0x08000e05   Thumb Code    18  stm32f4xx_can.o(i.CAN_ITConfig)
    CAN_Init                                 0x08000e17   Thumb Code   276  stm32f4xx_can.o(i.CAN_Init)
    CAN_Receive                              0x08000f2b   Thumb Code   240  stm32f4xx_can.o(i.CAN_Receive)
    CAN_Transmit                             0x0800101b   Thumb Code   294  stm32f4xx_can.o(i.CAN_Transmit)
    DMA_ClearFlag                            0x08001155   Thumb Code    38  stm32f4xx_dma.o(i.DMA_ClearFlag)
    DMA_Cmd                                  0x08001189   Thumb Code    22  stm32f4xx_dma.o(i.DMA_Cmd)
    DMA_DeInit                               0x080011a1   Thumb Code   324  stm32f4xx_dma.o(i.DMA_DeInit)
    DMA_DoubleBufferModeCmd                  0x080012f9   Thumb Code    22  stm32f4xx_dma.o(i.DMA_DoubleBufferModeCmd)
    DMA_DoubleBufferModeConfig               0x0800130f   Thumb Code    24  stm32f4xx_dma.o(i.DMA_DoubleBufferModeConfig)
    DMA_GetCmdStatus                         0x08001327   Thumb Code    20  stm32f4xx_dma.o(i.DMA_GetCmdStatus)
    DMA_GetCurrDataCounter                   0x0800133b   Thumb Code     8  stm32f4xx_dma.o(i.DMA_GetCurrDataCounter)
    DMA_GetCurrentMemoryTarget               0x08001343   Thumb Code    20  stm32f4xx_dma.o(i.DMA_GetCurrentMemoryTarget)
    DMA_Init                                 0x08001359   Thumb Code    82  stm32f4xx_dma.o(i.DMA_Init)
    DMA_SetCurrDataCounter                   0x080013b1   Thumb Code     4  stm32f4xx_dma.o(i.DMA_SetCurrDataCounter)
    DebugMon_Handler                         0x080013b5   Thumb Code     2  stm32f4xx_it.o(i.DebugMon_Handler)
    EXTI0_IRQHandler                         0x080013b9   Thumb Code    34  platform_exti.o(i.EXTI0_IRQHandler)
    EXTI15_10_IRQHandler                     0x080013e1   Thumb Code   208  platform_exti.o(i.EXTI15_10_IRQHandler)
    EXTI1_IRQHandler                         0x080014b5   Thumb Code    34  platform_exti.o(i.EXTI1_IRQHandler)
    EXTI2_IRQHandler                         0x080014dd   Thumb Code    34  platform_exti.o(i.EXTI2_IRQHandler)
    EXTI3_IRQHandler                         0x08001505   Thumb Code    34  platform_exti.o(i.EXTI3_IRQHandler)
    EXTI4_IRQHandler                         0x0800152d   Thumb Code    34  platform_exti.o(i.EXTI4_IRQHandler)
    EXTI9_5_IRQHandler                       0x08001555   Thumb Code   162  platform_exti.o(i.EXTI9_5_IRQHandler)
    EXTI_ClearITPendingBit                   0x080015fd   Thumb Code     6  stm32f4xx_exti.o(i.EXTI_ClearITPendingBit)
    EXTI_GetITStatus                         0x08001609   Thumb Code    20  stm32f4xx_exti.o(i.EXTI_GetITStatus)
    GPIO_GetPinNum                           0x08001621   Thumb Code    18  platform_io.o(i.GPIO_GetPinNum)
    GPIO_GetPinSource                        0x08001639   Thumb Code    20  platform_io.o(i.GPIO_GetPinSource)
    GPIO_Init                                0x0800164d   Thumb Code   144  stm32f4xx_gpio.o(i.GPIO_Init)
    GPIO_PinAFConfig                         0x080016dd   Thumb Code    70  stm32f4xx_gpio.o(i.GPIO_PinAFConfig)
    GPIO_ResetBits                           0x08001723   Thumb Code     4  stm32f4xx_gpio.o(i.GPIO_ResetBits)
    GPIO_SetBits                             0x08001727   Thumb Code     4  stm32f4xx_gpio.o(i.GPIO_SetBits)
    GPIOx_Init                               0x0800172d   Thumb Code   354  platform_io.o(i.GPIOx_Init)
    HardFault_Handler                        0x080018c1   Thumb Code     4  stm32f4xx_it.o(i.HardFault_Handler)
    MemManage_Handler                        0x080018c5   Thumb Code     4  stm32f4xx_it.o(i.MemManage_Handler)
    Message_Task                             0x080018c9   Thumb Code    36  message_task.o(i.Message_Task)
    NMI_Handler                              0x080018f5   Thumb Code     2  stm32f4xx_it.o(i.NMI_Handler)
    NVIC_Init                                0x080018f9   Thumb Code   106  misc.o(i.NVIC_Init)
    NVIC_PriorityGroupConfig                 0x08001971   Thumb Code    10  misc.o(i.NVIC_PriorityGroupConfig)
    PWM_Init                                 0x08001985   Thumb Code   256  platform_pwm.o(i.PWM_Init)
    RCC_AHB1PeriphClockCmd                   0x08001aa1   Thumb Code    26  stm32f4xx_rcc.o(i.RCC_AHB1PeriphClockCmd)
    RCC_APB1PeriphClockCmd                   0x08001ac1   Thumb Code    26  stm32f4xx_rcc.o(i.RCC_APB1PeriphClockCmd)
    RCC_APB1PeriphResetCmd                   0x08001ae1   Thumb Code    26  stm32f4xx_rcc.o(i.RCC_APB1PeriphResetCmd)
    RCC_APB2PeriphClockCmd                   0x08001b01   Thumb Code    26  stm32f4xx_rcc.o(i.RCC_APB2PeriphClockCmd)
    RCC_APB2PeriphResetCmd                   0x08001b21   Thumb Code    26  stm32f4xx_rcc.o(i.RCC_APB2PeriphResetCmd)
    RCC_GetClocksFreq                        0x08001b41   Thumb Code   214  stm32f4xx_rcc.o(i.RCC_GetClocksFreq)
    RC_Init                                  0x08001c29   Thumb Code   316  drivers_remote.o(i.RC_Init)
    RTOSsystem_Task                          0x08001d79   Thumb Code    30  rtossystem_task.o(i.RTOSsystem_Task)
    Start_Task                               0x08001e8d   Thumb Code   100  start_task.o(i.Start_Task)
    SysTick_CLKSourceConfig                  0x08001f45   Thumb Code    40  misc.o(i.SysTick_CLKSourceConfig)
    SysTick_Handler                          0x08001f6d   Thumb Code    28  platform_systick.o(i.SysTick_Handler)
    SystemInit                               0x08001f8d   Thumb Code    88  system_stm32f4xx.o(i.SystemInit)
    TIM1_UP_TIM10_IRQHandler                 0x08001ff5   Thumb Code    72  platform_timer.o(i.TIM1_UP_TIM10_IRQHandler)
    TIM2_IRQHandler                          0x08002049   Thumb Code    38  platform_timer.o(i.TIM2_IRQHandler)
    TIM3_IRQHandler                          0x08002075   Thumb Code    38  platform_timer.o(i.TIM3_IRQHandler)
    TIM4_IRQHandler                          0x080020a5   Thumb Code    38  platform_timer.o(i.TIM4_IRQHandler)
    TIM5_IRQHandler                          0x080020d5   Thumb Code    38  platform_timer.o(i.TIM5_IRQHandler)
    TIM6_DAC_IRQHandler                      0x08002105   Thumb Code    38  platform_timer.o(i.TIM6_DAC_IRQHandler)
    TIM7_IRQHandler                          0x08002135   Thumb Code    38  platform_timer.o(i.TIM7_IRQHandler)
    TIM8_UP_TIM13_IRQHandler                 0x08002165   Thumb Code    72  platform_timer.o(i.TIM8_UP_TIM13_IRQHandler)
    TIM_ClearITPendingBit                    0x080021b9   Thumb Code     6  stm32f4xx_tim.o(i.TIM_ClearITPendingBit)
    TIM_Cmd                                  0x080021bf   Thumb Code    24  stm32f4xx_tim.o(i.TIM_Cmd)
    TIM_CtrlPWMOutputs                       0x080021d7   Thumb Code    30  stm32f4xx_tim.o(i.TIM_CtrlPWMOutputs)
    TIM_GetGPIO_AF                           0x080021f5   Thumb Code   248  platform_pwm.o(i.TIM_GetGPIO_AF)
    TIM_GetITStatus                          0x08002325   Thumb Code    34  stm32f4xx_tim.o(i.TIM_GetITStatus)
    TIM_OC1Init                              0x08002349   Thumb Code   114  stm32f4xx_tim.o(i.TIM_OC1Init)
    TIM_OC1PreloadConfig                     0x080023c5   Thumb Code    18  stm32f4xx_tim.o(i.TIM_OC1PreloadConfig)
    TIM_OC2Init                              0x080023d9   Thumb Code   154  stm32f4xx_tim.o(i.TIM_OC2Init)
    TIM_OC2PreloadConfig                     0x0800247d   Thumb Code    26  stm32f4xx_tim.o(i.TIM_OC2PreloadConfig)
    TIM_OC3Init                              0x08002499   Thumb Code   150  stm32f4xx_tim.o(i.TIM_OC3Init)
    TIM_OC3PreloadConfig                     0x08002539   Thumb Code    18  stm32f4xx_tim.o(i.TIM_OC3PreloadConfig)
    TIM_OC4Init                              0x0800254d   Thumb Code   112  stm32f4xx_tim.o(i.TIM_OC4Init)
    TIM_OC4PreloadConfig                     0x080025c5   Thumb Code    26  stm32f4xx_tim.o(i.TIM_OC4PreloadConfig)
    TIM_TimeBaseInit                         0x080025e1   Thumb Code   104  stm32f4xx_tim.o(i.TIM_TimeBaseInit)
    TIMx_OCxInit                             0x08002665   Thumb Code   292  platform_pwm.o(i.TIMx_OCxInit)
    Timer_ClockCmd                           0x080027bd   Thumb Code   236  platform_timer.o(i.Timer_ClockCmd)
    USART1_IRQHandler                        0x080028dd   Thumb Code    10  dev_serial.o(i.USART1_IRQHandler)
    USART3_IRQHandler                        0x080028ed   Thumb Code   288  protocol_dbus.o(i.USART3_IRQHandler)
    USART_ClearFlag                          0x08002a29   Thumb Code    18  stm32f4xx_usart.o(i.USART_ClearFlag)
    USART_ClearITPendingBit                  0x08002a3b   Thumb Code    30  stm32f4xx_usart.o(i.USART_ClearITPendingBit)
    USART_Cmd                                0x08002a59   Thumb Code    24  stm32f4xx_usart.o(i.USART_Cmd)
    USART_DMACmd                             0x08002a71   Thumb Code    18  stm32f4xx_usart.o(i.USART_DMACmd)
    USART_DeInit                             0x08002a85   Thumb Code   206  stm32f4xx_usart.o(i.USART_DeInit)
    USART_GetITStatus                        0x08002b75   Thumb Code    84  stm32f4xx_usart.o(i.USART_GetITStatus)
    USART_ITConfig                           0x08002bc9   Thumb Code    74  stm32f4xx_usart.o(i.USART_ITConfig)
    USART_Init                               0x08002c15   Thumb Code   204  stm32f4xx_usart.o(i.USART_Init)
    USART_ReceiveData                        0x08002ce9   Thumb Code    10  stm32f4xx_usart.o(i.USART_ReceiveData)
    UsageFault_Handler                       0x08002cf3   Thumb Code     4  stm32f4xx_it.o(i.UsageFault_Handler)
    Version_DMA_USART1                       0x08002cf9   Thumb Code    60  app_usart1.o(i.Version_DMA_USART1)
    Visual_Send_Task                         0x08002d41   Thumb Code    68  send_visual_task.o(i.Visual_Send_Task)
    CAN_ALL_Init()                           0x08002e71   Thumb Code    32  app_motor.o(i._Z12CAN_ALL_Initv)
    SoftWareInit()                           0x08002ea1   Thumb Code   116  main.o(i._Z12SoftWareInitv)
    power_ctrl_on(unsigned char)             0x08002f1d   Thumb Code    26  app_power_ctrl.o(i._Z13power_ctrl_onh)
    power_ctrl_off(unsigned char)            0x08002f3d   Thumb Code    26  app_power_ctrl.o(i._Z14power_ctrl_offh)
    power_ctrl_configuration()               0x0800302d   Thumb Code    54  app_power_ctrl.o(i._Z24power_ctrl_configurationv)
    pinMode(unsigned char, pinMode_TypeDef)  0x08003065   Thumb Code    88  dev_system.o(i._Z7pinModeh15pinMode_TypeDef)
    Serialctrl::IRQHandler()                 0x0800319d   Thumb Code    76  dev_serial.o(i._ZN10Serialctrl10IRQHandlerEv)
    Serialctrl::attachInterrupt(void(*)())   0x080031e9   Thumb Code     4  dev_serial.o(i._ZN10Serialctrl15attachInterruptEPFvvE)
    Message_bag::Messag_bag_Init()           0x080031ed   Thumb Code    24  message_task.o(i._ZN11Message_bag15Messag_bag_InitEv)
    Adapt_controller::Adapt_controller(const float&, const float&) 0x08003205   Thumb Code   142  adaptive_exercise.o(i._ZN16Adapt_controllerC1ERKfS1_)
    Adapt_controller::Adapt_controller__sub_object(const float&, const float&) 0x08003205   Thumb Code     0  adaptive_exercise.o(i._ZN16Adapt_controllerC1ERKfS1_)
    key::key()                               0x080032a1   Thumb Code   112  message_task.o(i._ZN3keyC1Ev)
    key::key__sub_object()                   0x080032a1   Thumb Code     0  message_task.o(i._ZN3keyC1Ev)
    key_t::key_t()                           0x08003311   Thumb Code    10  message_task.o(i._ZN5key_tC1Ev)
    key_t::key_t__sub_object()               0x08003311   Thumb Code     0  message_task.o(i._ZN5key_tC1Ev)
    Buffer::Buffer_Write(RingBuffer*, unsigned char) 0x0800331b   Thumb Code    56  drivers_buffer.o(i._ZN6Buffer12Buffer_WriteEP10RingBufferh)
    Buffer::newBuffer(RingBuffer*, unsigned short) 0x08003353   Thumb Code    52  drivers_buffer.o(i._ZN6Buffer9newBufferEP10RingBuffert)
    CANdev::CANx_Init(unsigned char, unsigned char) 0x08003389   Thumb Code   328  drivers_can.o(i._ZN6CANdev9CANx_InitEhh)
    CANdev::CANx_Init()                      0x080034dd   Thumb Code    16  drivers_can.o(i._ZN6CANdev9CANx_InitEv)
    CANdev::CANdev(CAN_TypeDef*)             0x080034ed   Thumb Code     8  drivers_can.o(i._ZN6CANdevC1EP11CAN_TypeDef)
    CANdev::CANdev__sub_object(CAN_TypeDef*) 0x080034ed   Thumb Code     0  drivers_can.o(i._ZN6CANdevC1EP11CAN_TypeDef)
    DMAdev::dmaInit(DMA_Config, unsigned*, unsigned*, unsigned, unsigned, unsigned, unsigned, unsigned, unsigned, unsigned) 0x080034f5   Thumb Code   536  drivers_dma.o(i._ZN6DMAdev7dmaInitE10DMA_ConfigPjS1_jjjjjjj)
    DMAdev::DMAdev(DMA_Stream_TypeDef*, unsigned) 0x0800372d   Thumb Code     6  drivers_dma.o(i._ZN6DMAdevC1EP18DMA_Stream_TypeDefj)
    DMAdev::DMAdev__sub_object(DMA_Stream_TypeDef*, unsigned) 0x0800372d   Thumb Code     0  drivers_dma.o(i._ZN6DMAdevC1EP18DMA_Stream_TypeDefj)
    LEDdev::LED_Init()                       0x08003735   Thumb Code    52  drivers_led.o(i._ZN6LEDdev8LED_InitEv)
    LEDdev::LEDdev()                         0x0800376d   Thumb Code     6  drivers_led.o(i._ZN6LEDdevC1Ev)
    LEDdev::LEDdev__sub_object()             0x0800376d   Thumb Code     0  drivers_led.o(i._ZN6LEDdevC1Ev)
    CANctrl::IRQHandler()                    0x08003775   Thumb Code    44  dev_can.o(i._ZN7CANctrl10IRQHandlerEv)
    CANctrl::attachInterrupt(void(*)(CanRxMsg*)) 0x080037a5   Thumb Code     4  dev_can.o(i._ZN7CANctrl15attachInterruptEPFvP8CanRxMsgE)
    CANctrl::SendData(short, short, short, short) 0x080037a9   Thumb Code    94  dev_can.o(i._ZN7CANctrl8SendDataEssss)
    CANctrl::CANctrl(CAN_TypeDef*, unsigned) 0x08003807   Thumb Code    24  dev_can.o(i._ZN7CANctrlC1EP11CAN_TypeDefj)
    CANctrl::CANctrl__sub_object(CAN_TypeDef*, unsigned) 0x08003807   Thumb Code     0  dev_can.o(i._ZN7CANctrlC1EP11CAN_TypeDefj)
    LEDctrl::Toggle()                        0x08003821   Thumb Code    66  app_led.o(i._ZN7LEDctrl6ToggleEv)
    Serialdev::Serial_Init(unsigned, SERIAL_Config, unsigned char, unsigned char) 0x0800386d   Thumb Code   558  drivers_serial.o(i._ZN9Serialdev11Serial_InitEj13SERIAL_Confighh)
    Serialdev::Serialdev(USART_TypeDef*, unsigned, unsigned short) 0x08003abd   Thumb Code    98  drivers_serial.o(i._ZN9SerialdevC1EP13USART_TypeDefjt)
    Serialdev::Serialdev__sub_object(USART_TypeDef*, unsigned, unsigned short) 0x08003abd   Thumb Code     0  drivers_serial.o(i._ZN9SerialdevC1EP13USART_TypeDefjt)
    _sys_exit                                0x08003c65   Thumb Code     4  drivers_serial.o(i._sys_exit)
    _ttywrch                                 0x08003c69   Thumb Code     4  drivers_serial.o(i._ttywrch)
    deal_usart1_dma                          0x08003c6d   Thumb Code    66  app_usart1.o(i.deal_usart1_dma)
    delay_init                               0x08003cbd   Thumb Code    90  platform_systick.o(i.delay_init)
    delay_xus                                0x08003d29   Thumb Code    76  platform_systick.o(i.delay_xus)
    eTaskGetState                            0x08003d79   Thumb Code   112  tasks.o(i.eTaskGetState)
    get_remote_control_point                 0x08003dfd   Thumb Code     4  protocol_dbus.o(i.get_remote_control_point)
    main                                     0x08003e05   Thumb Code    16  main.o(i.main)
    pvPortMalloc                             0x080048f1   Thumb Code   296  heap_4.o(i.pvPortMalloc)
    pvTaskIncrementMutexHeldCount            0x08004a2d   Thumb Code    26  tasks.o(i.pvTaskIncrementMutexHeldCount)
    pxPortInitialiseStack                    0x08004a4d   Thumb Code    38  port.o(i.pxPortInitialiseStack)
    remote_control_init                      0x08004a79   Thumb Code    16  protocol_dbus.o(i.remote_control_init)
    startTast                                0x08004a8d   Thumb Code    24  start_task.o(i.startTast)
    uxListRemove                             0x08004ab9   Thumb Code    40  list.o(i.uxListRemove)
    uxTaskGetSystemState                     0x08004ae1   Thumb Code   152  tasks.o(i.uxTaskGetSystemState)
    vListInitialise                          0x08004b91   Thumb Code    26  list.o(i.vListInitialise)
    vListInitialiseItem                      0x08004bab   Thumb Code     6  list.o(i.vListInitialiseItem)
    vListInsert                              0x08004bb1   Thumb Code    52  list.o(i.vListInsert)
    vListInsertEnd                           0x08004be5   Thumb Code    24  list.o(i.vListInsertEnd)
    vPortEnterCritical                       0x08004bfd   Thumb Code    76  port.o(i.vPortEnterCritical)
    vPortExitCritical                        0x08004c51   Thumb Code    56  port.o(i.vPortExitCritical)
    vPortFree                                0x08004c8d   Thumb Code   140  heap_4.o(i.vPortFree)
    vPortValidateInterruptPriority           0x08004d21   Thumb Code   106  port.o(i.vPortValidateInterruptPriority)
    vQueueAddToRegistry                      0x08004d99   Thumb Code    38  queue.o(i.vQueueAddToRegistry)
    vQueueWaitForMessageRestricted           0x08004dc5   Thumb Code    74  queue.o(i.vQueueWaitForMessageRestricted)
    vTaskDelay                               0x08004e11   Thumb Code    82  tasks.o(i.vTaskDelay)
    vTaskDelete                              0x08004e6d   Thumb Code   202  tasks.o(i.vTaskDelete)
    vTaskGetInfo                             0x08004f61   Thumb Code   114  tasks.o(i.vTaskGetInfo)
    vTaskList                                0x08004fd9   Thumb Code   204  tasks.o(i.vTaskList)
    vTaskMissedYield                         0x080050b9   Thumb Code     8  tasks.o(i.vTaskMissedYield)
    vTaskPlaceOnEventList                    0x080050c5   Thumb Code    52  tasks.o(i.vTaskPlaceOnEventList)
    vTaskPlaceOnEventListRestricted          0x080050fd   Thumb Code    60  tasks.o(i.vTaskPlaceOnEventListRestricted)
    vTaskPriorityInherit                     0x0800513d   Thumb Code   164  tasks.o(i.vTaskPriorityInherit)
    vTaskSetTimeOutState                     0x080051ed   Thumb Code    38  tasks.o(i.vTaskSetTimeOutState)
    vTaskStartScheduler                      0x0800521d   Thumb Code   118  tasks.o(i.vTaskStartScheduler)
    vTaskSuspendAll                          0x080052b1   Thumb Code    12  tasks.o(i.vTaskSuspendAll)
    vTaskSwitchContext                       0x080052c1   Thumb Code   118  tasks.o(i.vTaskSwitchContext)
    xPortStartScheduler                      0x0800534d   Thumb Code   284  port.o(i.xPortStartScheduler)
    xPortSysTickHandler                      0x08005485   Thumb Code    46  port.o(i.xPortSysTickHandler)
    xQueueGenericCreate                      0x080054b9   Thumb Code    88  queue.o(i.xQueueGenericCreate)
    xQueueGenericReceive                     0x08005511   Thumb Code   446  queue.o(i.xQueueGenericReceive)
    xQueueGenericReset                       0x080056d5   Thumb Code   146  queue.o(i.xQueueGenericReset)
    xQueueGenericSend                        0x0800576d   Thumb Code   452  queue.o(i.xQueueGenericSend)
    xQueueGenericSendFromISR                 0x08005935   Thumb Code   264  queue.o(i.xQueueGenericSendFromISR)
    xTaskCheckForTimeOut                     0x08005a3d   Thumb Code   132  tasks.o(i.xTaskCheckForTimeOut)
    xTaskCreate                              0x08005ac9   Thumb Code    96  tasks.o(i.xTaskCreate)
    xTaskGetSchedulerState                   0x08005b29   Thumb Code    24  tasks.o(i.xTaskGetSchedulerState)
    xTaskGetTickCount                        0x08005b49   Thumb Code     6  tasks.o(i.xTaskGetTickCount)
    xTaskIncrementTick                       0x08005b55   Thumb Code   282  tasks.o(i.xTaskIncrementTick)
    xTaskPriorityDisinherit                  0x08005c9d   Thumb Code   188  tasks.o(i.xTaskPriorityDisinherit)
    xTaskRemoveFromEventList                 0x08005d65   Thumb Code   128  tasks.o(i.xTaskRemoveFromEventList)
    xTaskResumeAll                           0x08005dfd   Thumb Code   224  tasks.o(i.xTaskResumeAll)
    xTimerCreateTimerTask                    0x08005f01   Thumb Code    64  timers.o(i.xTimerCreateTimerTask)
    xTimerGenericCommand                     0x08005f55   Thumb Code   126  timers.o(i.xTimerGenericCommand)
    _fp_init                                 0x08005fd9   Thumb Code    10  fpinit.o(x$fpl$fpinit)
    __fplib_config_fpu_vfp                   0x08005fe1   Thumb Code     0  fpinit.o(x$fpl$fpinit)
    __fplib_config_pureend_doubles           0x08005fe1   Thumb Code     0  fpinit.o(x$fpl$fpinit)
    PIN_MAP                                  0x08005fec   Data        2816  platform_io.o(.constdata)
    Region$$Table$$Base                      0x08006af4   Number         0  anon$$obj.o(Region$$Table)
    Region$$Table$$Limit                     0x08006b14   Number         0  anon$$obj.o(Region$$Table)
    SHT$$INIT_ARRAY$$Base                    0x08006b14   Number         0  app_led.o(.init_array)
    SHT$$INIT_ARRAY$$Limit                   0x08006b38   Number         0  init_aeabi.o(.init_array)
    LED                                      0x20000000   Data           1  app_led.o(.data)
    get_version_data_from_chassis            0x20000004   Data           4  app_motor.o(.data)
    version_need_buf                         0x20000008   Data           8  app_motor.o(.data)
    offline_state                            0x20000010   Data           2  app_motor.o(.data)
    can1_usart_flag                          0x20000012   Data           1  app_motor.o(.data)
    can2_usart_flag                          0x20000013   Data           1  app_motor.o(.data)
    UART1_Rx_flg                             0x20000014   Data           1  app_usart1.o(.data)
    error_flag_dma1                          0x20000015   Data           1  app_usart1.o(.data)
    USART1_data_length                       0x20000016   Data           1  app_usart1.o(.data)
    find_flag                                0x20000017   Data           1  app_usart1.o(.data)
    RTOSsystem_Handler                       0x2000001c   Data           4  start_task.o(.data)
    GIMBALTask_Handler                       0x20000020   Data           4  start_task.o(.data)
    MessageTask_Handler                      0x20000024   Data           4  start_task.o(.data)
    VersionTask_Handler                      0x20000028   Data           4  start_task.o(.data)
    IMUTask_Handler                          0x2000002c   Data           4  start_task.o(.data)
    Visual_send_Task_Handler                 0x20000030   Data           4  start_task.o(.data)
    Visual_get_handle                        0x20000034   Data           4  start_task.o(.data)
    Is_Handle_creat                          0x20000038   Data           1  start_task.o(.data)
    Message_flag                             0x2000003c   Data           1  message_task.o(.data)
    get_count_message                        0x20000040   Data           4  message_task.o(.data)
    visual_send_flag                         0x20000048   Data           1  send_visual_task.o(.data)
    get_count_visual                         0x2000004c   Data           4  send_visual_task.o(.data)
    Tick                                     0x20000050   Data           1  send_visual_task.o(.data)
    pxCurrentTCB                             0x20000054   Data           4  tasks.o(.data)
    SysTickMillis                            0x200000cc   Data           4  platform_systick.o(.data)
    SystemCoreClock                          0x200000fc   Data           4  system_stm32f4xx.o(.data)
    AHBPrescTable                            0x20000100   Data          16  system_stm32f4xx.o(.data)
    Res                                      0x20000110   Data           2  protocol_dbus.o(.data)
    CAN_Cmd                                  0x20000114   Data         104  app_motor.o(.bss)
    USART1_Rx_Buf1                           0x2000017c   Data          12  app_usart1.o(.bss)
    USART1_Tx_Buf1                           0x20000188   Data          14  app_usart1.o(.bss)
    version_data                             0x20000198   Data          12  app_usart1.o(.bss)
    Temp_usart3_data                         0x200001a4   Data          22  app_usart1.o(.bss)
    InfoBuffer                               0x200001ba   Data        1000  rtossystem_task.o(.bss)
    message_bag                              0x200005a4   Data          52  message_task.o(.bss)
    version_ctrl                             0x200005d8   Data         168  version_task.o(.bss)
    visual_send                              0x20000680   Data          28  send_visual_task.o(.bss)
    CAN1_Ctrl                                0x2000069c   Data          12  dev_can.o(.bss)
    CAN2_Ctrl                                0x200006a8   Data          12  dev_can.o(.bss)
    Serial1                                  0x200006c8   Data          24  dev_serial.o(.bss)
    xQueueRegistry                           0x200006e0   Data          64  queue.o(.bss)
    usart1_TxDMA                             0x20006aa4   Data          24  drivers_dma.o(.bss)
    usart1_RxDMA                             0x20006abc   Data          24  drivers_dma.o(.bss)
    adapt_controller                         0x20006ad4   Data          56  adaptive_exercise.o(.bss)
    rc_ctrl                                  0x20006b0c   Data          22  protocol_dbus.o(.bss)
    __libspace_start                         0x20006b6c   Data          96  libspace.o(.bss)
    __temporary_stack_top$libspace           0x20006bcc   Data           0  libspace.o(.bss)



==============================================================================

Memory Map of the image

  Image Entry point : 0x08000189

  Load Region LR_IROM1 (Base: 0x08000000, Size: 0x00006c4c, Max: 0x00100000, ABSOLUTE)

    Execution Region ER_IROM1 (Exec base: 0x08000000, Load base: 0x08000000, Size: 0x00006b38, Max: 0x00100000, ABSOLUTE)

    Exec Addr    Load Addr    Size         Type   Attr      Idx    E Section Name        Object

    0x08000000   0x08000000   0x00000188   Data   RO         5407    RESET               startup_stm32f40_41xxx.o
    0x08000188   0x08000188   0x00000008   Code   RO        11443  * !!!main             c_w.l(__main.o)
    0x08000190   0x08000190   0x00000034   Code   RO        11899    !!!scatter          c_w.l(__scatter.o)
    0x080001c4   0x080001c4   0x0000001a   Code   RO        11901    !!handler_copy      c_w.l(__scatter_copy.o)
    0x080001de   0x080001de   0x00000002   PAD
    0x080001e0   0x080001e0   0x0000001c   Code   RO        11903    !!handler_zi        c_w.l(__scatter_zi.o)
    0x080001fc   0x080001fc   0x00000000   Code   RO        11422    .ARM.Collect$$_printf_percent$$00000000  c_w.l(_printf_percent.o)
    0x080001fc   0x080001fc   0x00000006   Code   RO        11421    .ARM.Collect$$_printf_percent$$0000000A  c_w.l(_printf_u.o)
    0x08000202   0x08000202   0x00000006   Code   RO        11420    .ARM.Collect$$_printf_percent$$00000013  c_w.l(_printf_c.o)
    0x08000208   0x08000208   0x00000004   Code   RO        11663    .ARM.Collect$$_printf_percent$$00000017  c_w.l(_printf_percent_end.o)
    0x0800020c   0x0800020c   0x00000002   Code   RO        11848    .ARM.Collect$$libinit$$00000000  c_w.l(libinit.o)
    0x0800020e   0x0800020e   0x00000004   Code   RO        11670    .ARM.Collect$$libinit$$00000001  c_w.l(libinit2.o)
    0x08000212   0x08000212   0x00000000   Code   RO        11673    .ARM.Collect$$libinit$$00000004  c_w.l(libinit2.o)
    0x08000212   0x08000212   0x00000008   Code   RO        11674    .ARM.Collect$$libinit$$00000005  c_w.l(libinit2.o)
    0x0800021a   0x0800021a   0x00000000   Code   RO        11676    .ARM.Collect$$libinit$$0000000A  c_w.l(libinit2.o)
    0x0800021a   0x0800021a   0x00000000   Code   RO        11678    .ARM.Collect$$libinit$$0000000C  c_w.l(libinit2.o)
    0x0800021a   0x0800021a   0x00000000   Code   RO        11680    .ARM.Collect$$libinit$$0000000E  c_w.l(libinit2.o)
    0x0800021a   0x0800021a   0x00000000   Code   RO        11683    .ARM.Collect$$libinit$$00000011  c_w.l(libinit2.o)
    0x0800021a   0x0800021a   0x00000000   Code   RO        11685    .ARM.Collect$$libinit$$00000013  c_w.l(libinit2.o)
    0x0800021a   0x0800021a   0x00000000   Code   RO        11687    .ARM.Collect$$libinit$$00000015  c_w.l(libinit2.o)
    0x0800021a   0x0800021a   0x00000000   Code   RO        11689    .ARM.Collect$$libinit$$00000017  c_w.l(libinit2.o)
    0x0800021a   0x0800021a   0x00000000   Code   RO        11691    .ARM.Collect$$libinit$$00000019  c_w.l(libinit2.o)
    0x0800021a   0x0800021a   0x00000000   Code   RO        11693    .ARM.Collect$$libinit$$0000001B  c_w.l(libinit2.o)
    0x0800021a   0x0800021a   0x00000000   Code   RO        11695    .ARM.Collect$$libinit$$0000001D  c_w.l(libinit2.o)
    0x0800021a   0x0800021a   0x00000000   Code   RO        11697    .ARM.Collect$$libinit$$0000001F  c_w.l(libinit2.o)
    0x0800021a   0x0800021a   0x00000000   Code   RO        11699    .ARM.Collect$$libinit$$00000021  c_w.l(libinit2.o)
    0x0800021a   0x0800021a   0x00000000   Code   RO        11701    .ARM.Collect$$libinit$$00000023  c_w.l(libinit2.o)
    0x0800021a   0x0800021a   0x00000000   Code   RO        11703    .ARM.Collect$$libinit$$00000025  c_w.l(libinit2.o)
    0x0800021a   0x0800021a   0x00000000   Code   RO        11707    .ARM.Collect$$libinit$$0000002C  c_w.l(libinit2.o)
    0x0800021a   0x0800021a   0x00000000   Code   RO        11709    .ARM.Collect$$libinit$$0000002E  c_w.l(libinit2.o)
    0x0800021a   0x0800021a   0x00000000   Code   RO        11711    .ARM.Collect$$libinit$$00000030  c_w.l(libinit2.o)
    0x0800021a   0x0800021a   0x00000004   Code   RO        11712    .ARM.Collect$$libinit$$00000031  c_w.l(libinit2.o)
    0x0800021e   0x0800021e   0x00000000   Code   RO        11713    .ARM.Collect$$libinit$$00000032  c_w.l(libinit2.o)
    0x0800021e   0x0800021e   0x00000002   Code   RO        11714    .ARM.Collect$$libinit$$00000033  c_w.l(libinit2.o)
    0x08000220   0x08000220   0x00000002   Code   RO        11896    .ARM.Collect$$libshutdown$$00000000  c_w.l(libshutdown.o)
    0x08000222   0x08000222   0x00000000   Code   RO        11860    .ARM.Collect$$libshutdown$$00000002  c_w.l(libshutdown2.o)
    0x08000222   0x08000222   0x00000000   Code   RO        11862    .ARM.Collect$$libshutdown$$00000004  c_w.l(libshutdown2.o)
    0x08000222   0x08000222   0x00000000   Code   RO        11865    .ARM.Collect$$libshutdown$$00000007  c_w.l(libshutdown2.o)
    0x08000222   0x08000222   0x00000000   Code   RO        11868    .ARM.Collect$$libshutdown$$0000000A  c_w.l(libshutdown2.o)
    0x08000222   0x08000222   0x00000000   Code   RO        11870    .ARM.Collect$$libshutdown$$0000000C  c_w.l(libshutdown2.o)
    0x08000222   0x08000222   0x00000000   Code   RO        11873    .ARM.Collect$$libshutdown$$0000000F  c_w.l(libshutdown2.o)
    0x08000222   0x08000222   0x00000002   Code   RO        11874    .ARM.Collect$$libshutdown$$00000010  c_w.l(libshutdown2.o)
    0x08000224   0x08000224   0x00000000   Code   RO        11617    .ARM.Collect$$rtentry$$00000000  c_w.l(__rtentry.o)
    0x08000224   0x08000224   0x00000000   Code   RO        11774    .ARM.Collect$$rtentry$$00000002  c_w.l(__rtentry2.o)
    0x08000224   0x08000224   0x00000006   Code   RO        11786    .ARM.Collect$$rtentry$$00000004  c_w.l(__rtentry4.o)
    0x0800022a   0x0800022a   0x00000000   Code   RO        11776    .ARM.Collect$$rtentry$$00000009  c_w.l(__rtentry2.o)
    0x0800022a   0x0800022a   0x00000004   Code   RO        11777    .ARM.Collect$$rtentry$$0000000A  c_w.l(__rtentry2.o)
    0x0800022e   0x0800022e   0x00000000   Code   RO        11779    .ARM.Collect$$rtentry$$0000000C  c_w.l(__rtentry2.o)
    0x0800022e   0x0800022e   0x00000008   Code   RO        11780    .ARM.Collect$$rtentry$$0000000D  c_w.l(__rtentry2.o)
    0x08000236   0x08000236   0x00000002   Code   RO        11849    .ARM.Collect$$rtexit$$00000000  c_w.l(rtexit.o)
    0x08000238   0x08000238   0x00000000   Code   RO        11876    .ARM.Collect$$rtexit$$00000002  c_w.l(rtexit2.o)
    0x08000238   0x08000238   0x00000004   Code   RO        11877    .ARM.Collect$$rtexit$$00000003  c_w.l(rtexit2.o)
    0x0800023c   0x0800023c   0x00000006   Code   RO        11878    .ARM.Collect$$rtexit$$00000004  c_w.l(rtexit2.o)
    0x08000242   0x08000242   0x00000002   PAD
    0x08000244   0x08000244   0x000000b6   Code   RO         2182    .emb_text           port.o
    0x080002fa   0x080002fa   0x00000002   PAD
    0x080002fc   0x080002fc   0x00000000   Code   RO        11799    .emb_text           c_w.l(maybetermalloc1.o)
    0x080002fc   0x080002fc   0x00000040   Code   RO         5408    .text               startup_stm32f40_41xxx.o
    0x0800033c   0x0800033c   0x00000002   Code   RO        11324    .text               c_w.l(use_no_semi_2.o)
    0x0800033e   0x0800033e   0x0000005e   Code   RO        11328    .text               c_w.l(h1_alloc.o)
    0x0800039c   0x0800039c   0x00000028   Code   RO        11392    .text               c_w.l(noretval__2sprintf.o)
    0x080003c4   0x080003c4   0x00000068   Code   RO        11394    .text               c_w.l(__printf.o)
    0x0800042c   0x0800042c   0x00000052   Code   RO        11396    .text               c_w.l(_printf_str.o)
    0x0800047e   0x0800047e   0x00000002   PAD
    0x08000480   0x08000480   0x00000078   Code   RO        11398    .text               c_w.l(_printf_dec.o)
    0x080004f8   0x080004f8   0x00000016   Code   RO        11423    .text               c_w.l(abort.o)
    0x0800050e   0x0800050e   0x00000048   Code   RO        11425    .text               c_w.l(strcpy.o)
    0x08000556   0x08000556   0x0000003e   Code   RO        11427    .text               c_w.l(strlen.o)
    0x08000594   0x08000594   0x0000008a   Code   RO        11429    .text               c_w.l(rt_memcpy_v6.o)
    0x0800061e   0x0800061e   0x00000064   Code   RO        11431    .text               c_w.l(rt_memcpy_w.o)
    0x08000682   0x08000682   0x00000010   Code   RO        11433    .text               c_w.l(aeabi_memset.o)
    0x08000692   0x08000692   0x00000044   Code   RO        11435    .text               c_w.l(rt_memclr.o)
    0x080006d6   0x080006d6   0x0000004e   Code   RO        11437    .text               c_w.l(rt_memclr_w.o)
    0x08000724   0x08000724   0x00000006   Code   RO        11441    .text               c_w.l(heapauxi.o)
    0x0800072a   0x0800072a   0x00000002   PAD
    0x0800072c   0x0800072c   0x00000024   Code   RO        11448    .text               c_w.l(init_aeabi.o)
    0x08000750   0x08000750   0x00000002   Code   RO        11613    .text               c_w.l(use_no_semi.o)
    0x08000752   0x08000752   0x00000002   PAD
    0x08000754   0x08000754   0x00000008   Code   RO        11625    .text               c_w.l(rt_heap_descriptor_intlibspace.o)
    0x0800075c   0x0800075c   0x00000004   Code   RO        11627    .text               c_w.l(hguard.o)
    0x08000760   0x08000760   0x0000008a   Code   RO        11629    .text               c_w.l(init_alloc.o)
    0x080007ea   0x080007ea   0x0000000e   Code   RO        11635    .text               c_w.l(h1_init.o)
    0x080007f8   0x080007f8   0x0000004e   Code   RO        11637    .text               c_w.l(h1_free.o)
    0x08000846   0x08000846   0x000000b2   Code   RO        11655    .text               c_w.l(_printf_intcommon.o)
    0x080008f8   0x080008f8   0x00000030   Code   RO        11657    .text               c_w.l(_printf_char_common.o)
    0x08000928   0x08000928   0x0000000a   Code   RO        11659    .text               c_w.l(_sputc.o)
    0x08000932   0x08000932   0x0000002c   Code   RO        11661    .text               c_w.l(_printf_char.o)
    0x0800095e   0x0800095e   0x0000000e   Code   RO        11664    .text               c_w.l(defsig_abrt_outer.o)
    0x0800096c   0x0800096c   0x00000008   Code   RO        11770    .text               c_w.l(libspace.o)
    0x08000974   0x08000974   0x00000034   Code   RO        11801    .text               c_w.l(h1_extend.o)
    0x080009a8   0x080009a8   0x0000000a   Code   RO        11807    .text               c_w.l(defsig_exit.o)
    0x080009b2   0x080009b2   0x00000002   PAD
    0x080009b4   0x080009b4   0x00000030   Code   RO        11809    .text               c_w.l(defsig_abrt_inner.o)
    0x080009e4   0x080009e4   0x0000000e   Code   RO        11811    .text               c_w.l(defsig_rtmem_outer.o)
    0x080009f2   0x080009f2   0x0000004a   Code   RO        11823    .text               c_w.l(sys_stackheap_outer.o)
    0x08000a3c   0x08000a3c   0x00000012   Code   RO        11827    .text               c_w.l(exit.o)
    0x08000a4e   0x08000a4e   0x00000032   Code   RO        11831    .text               c_w.l(defsig_general.o)
    0x08000a80   0x08000a80   0x00000050   Code   RO        11837    .text               c_w.l(defsig_rtmem_inner.o)
    0x08000ad0   0x08000ad0   0x00000004   Code   RO         5339    i.BusFault_Handler  stm32f4xx_it.o
    0x08000ad4   0x08000ad4   0x00000030   Code   RO         1087    i.CAN1_RX0_IRQHandler  dev_can.o
    0x08000b04   0x08000b04   0x00000030   Code   RO         1088    i.CAN2_RX0_IRQHandler  dev_can.o
    0x08000b34   0x08000b34   0x000000a8   Code   RO         5022    i.CAN_ClearITPendingBit  stm32f4xx_can.o
    0x08000bdc   0x08000bdc   0x00000108   Code   RO         5026    i.CAN_FilterInit    stm32f4xx_can.o
    0x08000ce4   0x08000ce4   0x00000120   Code   RO         5028    i.CAN_GetITStatus   stm32f4xx_can.o
    0x08000e04   0x08000e04   0x00000012   Code   RO         5032    i.CAN_ITConfig      stm32f4xx_can.o
    0x08000e16   0x08000e16   0x00000114   Code   RO         5033    i.CAN_Init          stm32f4xx_can.o
    0x08000f2a   0x08000f2a   0x000000f0   Code   RO         5036    i.CAN_Receive       stm32f4xx_can.o
    0x0800101a   0x0800101a   0x00000126   Code   RO         5041    i.CAN_Transmit      stm32f4xx_can.o
    0x08001140   0x08001140   0x00000012   Code   RO         5044    i.CheckITStatus     stm32f4xx_can.o
    0x08001152   0x08001152   0x00000002   PAD
    0x08001154   0x08001154   0x00000034   Code   RO         3370    i.DMA_ClearFlag     stm32f4xx_dma.o
    0x08001188   0x08001188   0x00000016   Code   RO         3372    i.DMA_Cmd           stm32f4xx_dma.o
    0x0800119e   0x0800119e   0x00000002   PAD
    0x080011a0   0x080011a0   0x00000158   Code   RO         3373    i.DMA_DeInit        stm32f4xx_dma.o
    0x080012f8   0x080012f8   0x00000016   Code   RO         3374    i.DMA_DoubleBufferModeCmd  stm32f4xx_dma.o
    0x0800130e   0x0800130e   0x00000018   Code   RO         3375    i.DMA_DoubleBufferModeConfig  stm32f4xx_dma.o
    0x08001326   0x08001326   0x00000014   Code   RO         3377    i.DMA_GetCmdStatus  stm32f4xx_dma.o
    0x0800133a   0x0800133a   0x00000008   Code   RO         3378    i.DMA_GetCurrDataCounter  stm32f4xx_dma.o
    0x08001342   0x08001342   0x00000014   Code   RO         3379    i.DMA_GetCurrentMemoryTarget  stm32f4xx_dma.o
    0x08001356   0x08001356   0x00000002   PAD
    0x08001358   0x08001358   0x00000058   Code   RO         3384    i.DMA_Init          stm32f4xx_dma.o
    0x080013b0   0x080013b0   0x00000004   Code   RO         3387    i.DMA_SetCurrDataCounter  stm32f4xx_dma.o
    0x080013b4   0x080013b4   0x00000002   Code   RO         5340    i.DebugMon_Handler  stm32f4xx_it.o
    0x080013b6   0x080013b6   0x00000002   PAD
    0x080013b8   0x080013b8   0x00000028   Code   RO         2455    i.EXTI0_IRQHandler  platform_exti.o
    0x080013e0   0x080013e0   0x000000d4   Code   RO         2456    i.EXTI15_10_IRQHandler  platform_exti.o
    0x080014b4   0x080014b4   0x00000028   Code   RO         2457    i.EXTI1_IRQHandler  platform_exti.o
    0x080014dc   0x080014dc   0x00000028   Code   RO         2458    i.EXTI2_IRQHandler  platform_exti.o
    0x08001504   0x08001504   0x00000028   Code   RO         2459    i.EXTI3_IRQHandler  platform_exti.o
    0x0800152c   0x0800152c   0x00000028   Code   RO         2460    i.EXTI4_IRQHandler  platform_exti.o
    0x08001554   0x08001554   0x000000a8   Code   RO         2461    i.EXTI9_5_IRQHandler  platform_exti.o
    0x080015fc   0x080015fc   0x0000000c   Code   RO         3495    i.EXTI_ClearITPendingBit  stm32f4xx_exti.o
    0x08001608   0x08001608   0x00000018   Code   RO         3499    i.EXTI_GetITStatus  stm32f4xx_exti.o
    0x08001620   0x08001620   0x00000018   Code   RO         2303    i.GPIO_GetPinNum    platform_io.o
    0x08001638   0x08001638   0x00000014   Code   RO         2304    i.GPIO_GetPinSource  platform_io.o
    0x0800164c   0x0800164c   0x00000090   Code   RO         3803    i.GPIO_Init         stm32f4xx_gpio.o
    0x080016dc   0x080016dc   0x00000046   Code   RO         3804    i.GPIO_PinAFConfig  stm32f4xx_gpio.o
    0x08001722   0x08001722   0x00000004   Code   RO         3810    i.GPIO_ResetBits    stm32f4xx_gpio.o
    0x08001726   0x08001726   0x00000004   Code   RO         3811    i.GPIO_SetBits      stm32f4xx_gpio.o
    0x0800172a   0x0800172a   0x00000002   PAD
    0x0800172c   0x0800172c   0x00000194   Code   RO         2306    i.GPIOx_Init        platform_io.o
    0x080018c0   0x080018c0   0x00000004   Code   RO         5341    i.HardFault_Handler  stm32f4xx_it.o
    0x080018c4   0x080018c4   0x00000004   Code   RO         5342    i.MemManage_Handler  stm32f4xx_it.o
    0x080018c8   0x080018c8   0x0000002c   Code   RO          548    i.Message_Task      message_task.o
    0x080018f4   0x080018f4   0x00000002   Code   RO         5343    i.NMI_Handler       stm32f4xx_it.o
    0x080018f6   0x080018f6   0x00000002   PAD
    0x080018f8   0x080018f8   0x00000078   Code   RO         3326    i.NVIC_Init         misc.o
    0x08001970   0x08001970   0x00000014   Code   RO         3327    i.NVIC_PriorityGroupConfig  misc.o
    0x08001984   0x08001984   0x0000011c   Code   RO         2607    i.PWM_Init          platform_pwm.o
    0x08001aa0   0x08001aa0   0x00000020   Code   RO         3896    i.RCC_AHB1PeriphClockCmd  stm32f4xx_rcc.o
    0x08001ac0   0x08001ac0   0x00000020   Code   RO         3905    i.RCC_APB1PeriphClockCmd  stm32f4xx_rcc.o
    0x08001ae0   0x08001ae0   0x00000020   Code   RO         3907    i.RCC_APB1PeriphResetCmd  stm32f4xx_rcc.o
    0x08001b00   0x08001b00   0x00000020   Code   RO         3908    i.RCC_APB2PeriphClockCmd  stm32f4xx_rcc.o
    0x08001b20   0x08001b20   0x00000020   Code   RO         3910    i.RCC_APB2PeriphResetCmd  stm32f4xx_rcc.o
    0x08001b40   0x08001b40   0x000000e8   Code   RO         3917    i.RCC_GetClocksFreq  stm32f4xx_rcc.o
    0x08001c28   0x08001c28   0x00000150   Code   RO         2965    i.RC_Init           drivers_remote.o
    0x08001d78   0x08001d78   0x00000028   Code   RO          524    i.RTOSsystem_Task   rtossystem_task.o
    0x08001da0   0x08001da0   0x000000ec   Code   RO         5413    i.SetSysClock       system_stm32f4xx.o
    0x08001e8c   0x08001e8c   0x000000b8   Code   RO          490    i.Start_Task        start_task.o
    0x08001f44   0x08001f44   0x00000028   Code   RO         3330    i.SysTick_CLKSourceConfig  misc.o
    0x08001f6c   0x08001f6c   0x00000020   Code   RO         2540    i.SysTick_Handler   platform_systick.o
    0x08001f8c   0x08001f8c   0x00000068   Code   RO         5415    i.SystemInit        system_stm32f4xx.o
    0x08001ff4   0x08001ff4   0x00000054   Code   RO         2666    i.TIM1_UP_TIM10_IRQHandler  platform_timer.o
    0x08002048   0x08002048   0x0000002c   Code   RO         2667    i.TIM2_IRQHandler   platform_timer.o
    0x08002074   0x08002074   0x00000030   Code   RO         2668    i.TIM3_IRQHandler   platform_timer.o
    0x080020a4   0x080020a4   0x00000030   Code   RO         2669    i.TIM4_IRQHandler   platform_timer.o
    0x080020d4   0x080020d4   0x00000030   Code   RO         2670    i.TIM5_IRQHandler   platform_timer.o
    0x08002104   0x08002104   0x00000030   Code   RO         2671    i.TIM6_DAC_IRQHandler  platform_timer.o
    0x08002134   0x08002134   0x00000030   Code   RO         2672    i.TIM7_IRQHandler   platform_timer.o
    0x08002164   0x08002164   0x00000054   Code   RO         2673    i.TIM8_UP_TIM13_IRQHandler  platform_timer.o
    0x080021b8   0x080021b8   0x00000006   Code   RO         4289    i.TIM_ClearITPendingBit  stm32f4xx_tim.o
    0x080021be   0x080021be   0x00000018   Code   RO         4294    i.TIM_Cmd           stm32f4xx_tim.o
    0x080021d6   0x080021d6   0x0000001e   Code   RO         4296    i.TIM_CtrlPWMOutputs  stm32f4xx_tim.o
    0x080021f4   0x080021f4   0x00000130   Code   RO         2608    i.TIM_GetGPIO_AF    platform_pwm.o
    0x08002324   0x08002324   0x00000022   Code   RO         4315    i.TIM_GetITStatus   stm32f4xx_tim.o
    0x08002346   0x08002346   0x00000002   PAD
    0x08002348   0x08002348   0x0000007c   Code   RO         4323    i.TIM_OC1Init       stm32f4xx_tim.o
    0x080023c4   0x080023c4   0x00000012   Code   RO         4326    i.TIM_OC1PreloadConfig  stm32f4xx_tim.o
    0x080023d6   0x080023d6   0x00000002   PAD
    0x080023d8   0x080023d8   0x000000a4   Code   RO         4328    i.TIM_OC2Init       stm32f4xx_tim.o
    0x0800247c   0x0800247c   0x0000001a   Code   RO         4331    i.TIM_OC2PreloadConfig  stm32f4xx_tim.o
    0x08002496   0x08002496   0x00000002   PAD
    0x08002498   0x08002498   0x000000a0   Code   RO         4333    i.TIM_OC3Init       stm32f4xx_tim.o
    0x08002538   0x08002538   0x00000012   Code   RO         4336    i.TIM_OC3PreloadConfig  stm32f4xx_tim.o
    0x0800254a   0x0800254a   0x00000002   PAD
    0x0800254c   0x0800254c   0x00000078   Code   RO         4338    i.TIM_OC4Init       stm32f4xx_tim.o
    0x080025c4   0x080025c4   0x0000001a   Code   RO         4340    i.TIM_OC4PreloadConfig  stm32f4xx_tim.o
    0x080025de   0x080025de   0x00000002   PAD
    0x080025e0   0x080025e0   0x00000084   Code   RO         4366    i.TIM_TimeBaseInit  stm32f4xx_tim.o
    0x08002664   0x08002664   0x00000158   Code   RO         2609    i.TIMx_OCxInit      platform_pwm.o
    0x080027bc   0x080027bc   0x00000120   Code   RO         2674    i.Timer_ClockCmd    platform_timer.o
    0x080028dc   0x080028dc   0x00000010   Code   RO         1185    i.USART1_IRQHandler  dev_serial.o
    0x080028ec   0x080028ec   0x0000013c   Code   RO         5507    i.USART3_IRQHandler  protocol_dbus.o
    0x08002a28   0x08002a28   0x00000012   Code   RO         4836    i.USART_ClearFlag   stm32f4xx_usart.o
    0x08002a3a   0x08002a3a   0x0000001e   Code   RO         4837    i.USART_ClearITPendingBit  stm32f4xx_usart.o
    0x08002a58   0x08002a58   0x00000018   Code   RO         4840    i.USART_Cmd         stm32f4xx_usart.o
    0x08002a70   0x08002a70   0x00000012   Code   RO         4841    i.USART_DMACmd      stm32f4xx_usart.o
    0x08002a82   0x08002a82   0x00000002   PAD
    0x08002a84   0x08002a84   0x000000f0   Code   RO         4842    i.USART_DeInit      stm32f4xx_usart.o
    0x08002b74   0x08002b74   0x00000054   Code   RO         4844    i.USART_GetITStatus  stm32f4xx_usart.o
    0x08002bc8   0x08002bc8   0x0000004a   Code   RO         4846    i.USART_ITConfig    stm32f4xx_usart.o
    0x08002c12   0x08002c12   0x00000002   PAD
    0x08002c14   0x08002c14   0x000000d4   Code   RO         4847    i.USART_Init        stm32f4xx_usart.o
    0x08002ce8   0x08002ce8   0x0000000a   Code   RO         4854    i.USART_ReceiveData  stm32f4xx_usart.o
    0x08002cf2   0x08002cf2   0x00000004   Code   RO         5347    i.UsageFault_Handler  stm32f4xx_it.o
    0x08002cf6   0x08002cf6   0x00000002   PAD
    0x08002cf8   0x08002cf8   0x00000048   Code   RO          407    i.Version_DMA_USART1  app_usart1.o
    0x08002d40   0x08002d40   0x00000054   Code   RO          919    i.Visual_Send_Task  send_visual_task.o
    0x08002d94   0x08002d94   0x000000da   Code   RO         5508    i._Z10SBUS_TO_RCPVKhP9RC_ctrl_t  protocol_dbus.o
    0x08002e6e   0x08002e6e   0x00000002   PAD
    0x08002e70   0x08002e70   0x00000030   Code   RO          257    i._Z12CAN_ALL_Initv  app_motor.o
    0x08002ea0   0x08002ea0   0x0000007c   Code   RO         1002    i._Z12SoftWareInitv  main.o
    0x08002f1c   0x08002f1c   0x00000020   Code   RO          356    i._Z13power_ctrl_onh  app_power_ctrl.o
    0x08002f3c   0x08002f3c   0x00000020   Code   RO          357    i._Z14power_ctrl_offh  app_power_ctrl.o
    0x08002f5c   0x08002f5c   0x0000004c   Code   RO          408    i._Z15CopeSerial1Datav  app_usart1.o
    0x08002fa8   0x08002fa8   0x00000028   Code   RO          410    i._Z18version_data_clearv  app_usart1.o
    0x08002fd0   0x08002fd0   0x0000005c   Code   RO          411    i._Z20Version_data_convertv  app_usart1.o
    0x0800302c   0x0800302c   0x00000036   Code   RO          359    i._Z24power_ctrl_configurationv  app_power_ctrl.o
    0x08003062   0x08003062   0x00000002   PAD
    0x08003064   0x08003064   0x0000005c   Code   RO         1038    i._Z7pinModeh15pinMode_TypeDef  dev_system.o
    0x080030c0   0x080030c0   0x00000064   Code   RO          258    i._Z9CAN1_HookP8CanRxMsg  app_motor.o
    0x08003124   0x08003124   0x00000078   Code   RO          259    i._Z9CAN2_HookP8CanRxMsg  app_motor.o
    0x0800319c   0x0800319c   0x0000004c   Code   RO         1186    i._ZN10Serialctrl10IRQHandlerEv  dev_serial.o
    0x080031e8   0x080031e8   0x00000004   Code   RO         1187    i._ZN10Serialctrl15attachInterruptEPFvvE  dev_serial.o
    0x080031ec   0x080031ec   0x00000018   Code   RO          552    i._ZN11Message_bag15Messag_bag_InitEv  message_task.o
    0x08003204   0x08003204   0x0000009c   Code   RO         3283    i._ZN16Adapt_controllerC1ERKfS1_  adaptive_exercise.o
    0x080032a0   0x080032a0   0x00000070   Code   RO          624    i._ZN3keyC1Ev       message_task.o
    0x08003310   0x08003310   0x0000000a   Code   RO          627    i._ZN5key_tC1Ev     message_task.o
    0x0800331a   0x0800331a   0x00000038   Code   RO         2780    i._ZN6Buffer12Buffer_WriteEP10RingBufferh  drivers_buffer.o
    0x08003352   0x08003352   0x00000034   Code   RO         2781    i._ZN6Buffer9newBufferEP10RingBuffert  drivers_buffer.o
    0x08003386   0x08003386   0x00000002   PAD
    0x08003388   0x08003388   0x00000154   Code   RO         2996    i._ZN6CANdev9CANx_InitEhh  drivers_can.o
    0x080034dc   0x080034dc   0x00000010   Code   RO         2997    i._ZN6CANdev9CANx_InitEv  drivers_can.o
    0x080034ec   0x080034ec   0x00000008   Code   RO         2998    i._ZN6CANdevC1EP11CAN_TypeDef  drivers_can.o
    0x080034f4   0x080034f4   0x00000238   Code   RO         2826    i._ZN6DMAdev7dmaInitE10DMA_ConfigPjS1_jjjjjjj  drivers_dma.o
    0x0800372c   0x0800372c   0x00000006   Code   RO         2827    i._ZN6DMAdevC1EP18DMA_Stream_TypeDefj  drivers_dma.o
    0x08003732   0x08003732   0x00000002   PAD
    0x08003734   0x08003734   0x00000038   Code   RO         2875    i._ZN6LEDdev8LED_InitEv  drivers_led.o
    0x0800376c   0x0800376c   0x00000006   Code   RO         2876    i._ZN6LEDdevC1Ev    drivers_led.o
    0x08003772   0x08003772   0x00000002   PAD
    0x08003774   0x08003774   0x00000030   Code   RO         1089    i._ZN7CANctrl10IRQHandlerEv  dev_can.o
    0x080037a4   0x080037a4   0x00000004   Code   RO         1090    i._ZN7CANctrl15attachInterruptEPFvP8CanRxMsgE  dev_can.o
    0x080037a8   0x080037a8   0x0000005e   Code   RO         1094    i._ZN7CANctrl8SendDataEssss  dev_can.o
    0x08003806   0x08003806   0x00000018   Code   RO         1150    i._ZN7CANctrlC1EP11CAN_TypeDefj  dev_can.o
    0x0800381e   0x0800381e   0x00000002   PAD
    0x08003820   0x08003820   0x0000004c   Code   RO            3    i._ZN7LEDctrl6ToggleEv  app_led.o
    0x0800386c   0x0800386c   0x00000250   Code   RO         2901    i._ZN9Serialdev11Serial_InitEj13SERIAL_Confighh  drivers_serial.o
    0x08003abc   0x08003abc   0x00000062   Code   RO         2904    i._ZN9SerialdevC1EP13USART_TypeDefjt  drivers_serial.o
    0x08003b1e   0x08003b1e   0x00000002   PAD
    0x08003b20   0x08003b20   0x00000014   Code   RO            8    i.__sti___11_app_led_cpp_LED  app_led.o
    0x08003b34   0x08003b34   0x0000002c   Code   RO         1095    i.__sti___11_dev_can_cpp_06246a71  dev_can.o
    0x08003b60   0x08003b60   0x00000038   Code   RO          260    i.__sti___13_app_motor_cpp_CAN_Cmd  app_motor.o
    0x08003b98   0x08003b98   0x0000002c   Code   RO         1195    i.__sti___14_dev_serial_cpp_Serial1  dev_serial.o
    0x08003bc4   0x08003bc4   0x0000002c   Code   RO         2828    i.__sti___15_drivers_dma_cpp_cbdd8fe0  drivers_dma.o
    0x08003bf0   0x08003bf0   0x00000014   Code   RO          558    i.__sti___16_Message_Task_cpp_6050abbb  message_task.o
    0x08003c04   0x08003c04   0x00000014   Code   RO          857    i.__sti___16_Version_Task_cpp_b3326d7e  version_task.o
    0x08003c18   0x08003c18   0x00000010   Code   RO          924    i.__sti___20_Send_Visual_Task_cpp_13ff53b9  send_visual_task.o
    0x08003c28   0x08003c28   0x0000003c   Code   RO         3259    i.__sti___21_Adaptive_exercise_cpp_7b84f89d  adaptive_exercise.o
    0x08003c64   0x08003c64   0x00000004   Code   RO         2905    i._sys_exit         drivers_serial.o
    0x08003c68   0x08003c68   0x00000004   Code   RO         2906    i._ttywrch          drivers_serial.o
    0x08003c6c   0x08003c6c   0x00000050   Code   RO          412    i.deal_usart1_dma   app_usart1.o
    0x08003cbc   0x08003cbc   0x0000006c   Code   RO         2542    i.delay_init        platform_systick.o
    0x08003d28   0x08003d28   0x00000050   Code   RO         2546    i.delay_xus         platform_systick.o
    0x08003d78   0x08003d78   0x00000084   Code   RO         1681    i.eTaskGetState     tasks.o
    0x08003dfc   0x08003dfc   0x00000008   Code   RO         5510    i.get_remote_control_point  protocol_dbus.o
    0x08003e04   0x08003e04   0x00000010   Code   RO         1003    i.main              main.o
    0x08003e14   0x08003e14   0x00000098   Code   RO         1683    i.prvAddCurrentTaskToDelayedList  tasks.o
    0x08003eac   0x08003eac   0x000000b8   Code   RO         1684    i.prvAddNewTaskToReadyList  tasks.o
    0x08003f64   0x08003f64   0x00000064   Code   RO         2052    i.prvCheckForValidListAndQueue  timers.o
    0x08003fc8   0x08003fc8   0x00000064   Code   RO         1685    i.prvCheckTasksWaitingTermination  tasks.o
    0x0800402c   0x0800402c   0x0000002a   Code   RO         1447    i.prvCopyDataFromQueue  queue.o
    0x08004056   0x08004056   0x0000007c   Code   RO         1448    i.prvCopyDataToQueue  queue.o
    0x080040d2   0x080040d2   0x00000012   Code   RO         1686    i.prvDeleteTCB      tasks.o
    0x080040e4   0x080040e4   0x00000028   Code   RO         2053    i.prvGetNextExpireTime  timers.o
    0x0800410c   0x0800410c   0x0000007c   Code   RO         2253    i.prvHeapInit       heap_4.o
    0x08004188   0x08004188   0x00000028   Code   RO         1687    i.prvIdleTask       tasks.o
    0x080041b0   0x080041b0   0x0000002e   Code   RO         1450    i.prvInitialiseNewQueue  queue.o
    0x080041de   0x080041de   0x000000b4   Code   RO         1688    i.prvInitialiseNewTask  tasks.o
    0x08004292   0x08004292   0x00000002   PAD
    0x08004294   0x08004294   0x00000068   Code   RO         1689    i.prvInitialiseTaskLists  tasks.o
    0x080042fc   0x080042fc   0x00000068   Code   RO         2254    i.prvInsertBlockIntoFreeList  heap_4.o
    0x08004364   0x08004364   0x00000058   Code   RO         2055    i.prvInsertTimerInActiveList  timers.o
    0x080043bc   0x080043bc   0x0000001a   Code   RO         1451    i.prvIsQueueEmpty   queue.o
    0x080043d6   0x080043d6   0x0000001e   Code   RO         1452    i.prvIsQueueFull    queue.o
    0x080043f4   0x080043f4   0x0000006a   Code   RO         1690    i.prvListTasksWithinSingleList  tasks.o
    0x0800445e   0x0800445e   0x00000090   Code   RO         1453    i.prvNotifyQueueSetContainer  queue.o
    0x080044ee   0x080044ee   0x00000002   PAD
    0x080044f0   0x080044f0   0x00000064   Code   RO         2056    i.prvProcessExpiredTimer  timers.o
    0x08004554   0x08004554   0x000000f8   Code   RO         2057    i.prvProcessReceivedCommands  timers.o
    0x0800464c   0x0800464c   0x00000074   Code   RO         2058    i.prvProcessTimerOrBlockTask  timers.o
    0x080046c0   0x080046c0   0x00000034   Code   RO         1691    i.prvResetNextTaskUnblockTime  tasks.o
    0x080046f4   0x080046f4   0x0000002c   Code   RO         2059    i.prvSampleTimeNow  timers.o
    0x08004720   0x08004720   0x000000a0   Code   RO         2060    i.prvSwitchTimerLists  timers.o
    0x080047c0   0x080047c0   0x00000016   Code   RO         1693    i.prvTaskCheckFreeStackSpace  tasks.o
    0x080047d6   0x080047d6   0x00000002   PAD
    0x080047d8   0x080047d8   0x00000040   Code   RO         2183    i.prvTaskExitError  port.o
    0x08004818   0x08004818   0x0000001a   Code   RO         2061    i.prvTimerTask      timers.o
    0x08004832   0x08004832   0x00000092   Code   RO         1454    i.prvUnlockQueue    queue.o
    0x080048c4   0x080048c4   0x0000002a   Code   RO         1695    i.prvWriteNameToBuffer  tasks.o
    0x080048ee   0x080048ee   0x00000002   PAD
    0x080048f0   0x080048f0   0x0000013c   Code   RO         2255    i.pvPortMalloc      heap_4.o
    0x08004a2c   0x08004a2c   0x00000020   Code   RO         1696    i.pvTaskIncrementMutexHeldCount  tasks.o
    0x08004a4c   0x08004a4c   0x0000002c   Code   RO         2184    i.pxPortInitialiseStack  port.o
    0x08004a78   0x08004a78   0x00000014   Code   RO         5511    i.remote_control_init  protocol_dbus.o
    0x08004a8c   0x08004a8c   0x0000002c   Code   RO          491    i.startTast         start_task.o
    0x08004ab8   0x08004ab8   0x00000028   Code   RO         1410    i.uxListRemove      list.o
    0x08004ae0   0x08004ae0   0x000000b0   Code   RO         1700    i.uxTaskGetSystemState  tasks.o
    0x08004b90   0x08004b90   0x0000001a   Code   RO         1411    i.vListInitialise   list.o
    0x08004baa   0x08004baa   0x00000006   Code   RO         1412    i.vListInitialiseItem  list.o
    0x08004bb0   0x08004bb0   0x00000034   Code   RO         1413    i.vListInsert       list.o
    0x08004be4   0x08004be4   0x00000018   Code   RO         1414    i.vListInsertEnd    list.o
    0x08004bfc   0x08004bfc   0x00000054   Code   RO         2186    i.vPortEnterCritical  port.o
    0x08004c50   0x08004c50   0x0000003c   Code   RO         2187    i.vPortExitCritical  port.o
    0x08004c8c   0x08004c8c   0x00000094   Code   RO         2256    i.vPortFree         heap_4.o
    0x08004d20   0x08004d20   0x00000078   Code   RO         2188    i.vPortValidateInterruptPriority  port.o
    0x08004d98   0x08004d98   0x0000002c   Code   RO         1460    i.vQueueAddToRegistry  queue.o
    0x08004dc4   0x08004dc4   0x0000004a   Code   RO         1464    i.vQueueWaitForMessageRestricted  queue.o
    0x08004e0e   0x08004e0e   0x00000002   PAD
    0x08004e10   0x08004e10   0x0000005c   Code   RO         1705    i.vTaskDelay        tasks.o
    0x08004e6c   0x08004e6c   0x000000f4   Code   RO         1707    i.vTaskDelete       tasks.o
    0x08004f60   0x08004f60   0x00000078   Code   RO         1709    i.vTaskGetInfo      tasks.o
    0x08004fd8   0x08004fd8   0x000000e0   Code   RO         1710    i.vTaskList         tasks.o
    0x080050b8   0x080050b8   0x0000000c   Code   RO         1711    i.vTaskMissedYield  tasks.o
    0x080050c4   0x080050c4   0x00000038   Code   RO         1713    i.vTaskPlaceOnEventList  tasks.o
    0x080050fc   0x080050fc   0x00000040   Code   RO         1714    i.vTaskPlaceOnEventListRestricted  tasks.o
    0x0800513c   0x0800513c   0x000000b0   Code   RO         1716    i.vTaskPriorityInherit  tasks.o
    0x080051ec   0x080051ec   0x00000030   Code   RO         1720    i.vTaskSetTimeOutState  tasks.o
    0x0800521c   0x0800521c   0x00000094   Code   RO         1721    i.vTaskStartScheduler  tasks.o
    0x080052b0   0x080052b0   0x00000010   Code   RO         1723    i.vTaskSuspendAll   tasks.o
    0x080052c0   0x080052c0   0x0000008c   Code   RO         1724    i.vTaskSwitchContext  tasks.o
    0x0800534c   0x0800534c   0x00000138   Code   RO         2189    i.xPortStartScheduler  port.o
    0x08005484   0x08005484   0x00000034   Code   RO         2190    i.xPortSysTickHandler  port.o
    0x080054b8   0x080054b8   0x00000058   Code   RO         1469    i.xQueueGenericCreate  queue.o
    0x08005510   0x08005510   0x000001c4   Code   RO         1470    i.xQueueGenericReceive  queue.o
    0x080056d4   0x080056d4   0x00000098   Code   RO         1471    i.xQueueGenericReset  queue.o
    0x0800576c   0x0800576c   0x000001c8   Code   RO         1472    i.xQueueGenericSend  queue.o
    0x08005934   0x08005934   0x00000108   Code   RO         1473    i.xQueueGenericSendFromISR  queue.o
    0x08005a3c   0x08005a3c   0x0000008c   Code   RO         1725    i.xTaskCheckForTimeOut  tasks.o
    0x08005ac8   0x08005ac8   0x00000060   Code   RO         1726    i.xTaskCreate       tasks.o
    0x08005b28   0x08005b28   0x00000020   Code   RO         1731    i.xTaskGetSchedulerState  tasks.o
    0x08005b48   0x08005b48   0x0000000c   Code   RO         1732    i.xTaskGetTickCount  tasks.o
    0x08005b54   0x08005b54   0x00000148   Code   RO         1734    i.xTaskIncrementTick  tasks.o
    0x08005c9c   0x08005c9c   0x000000c8   Code   RO         1737    i.xTaskPriorityDisinherit  tasks.o
    0x08005d64   0x08005d64   0x00000098   Code   RO         1738    i.xTaskRemoveFromEventList  tasks.o
    0x08005dfc   0x08005dfc   0x00000104   Code   RO         1740    i.xTaskResumeAll    tasks.o
    0x08005f00   0x08005f00   0x00000054   Code   RO         2065    i.xTimerCreateTimerTask  timers.o
    0x08005f54   0x08005f54   0x00000084   Code   RO         2066    i.xTimerGenericCommand  timers.o
    0x08005fd8   0x08005fd8   0x0000000a   Code   RO        11820    x$fpl$fpinit        fz_wm.l(fpinit.o)
    0x08005fe2   0x08005fe2   0x00000008   Data   RO           16    .constdata          app_led.o
    0x08005fea   0x08005fea   0x00000002   PAD
    0x08005fec   0x08005fec   0x00000b00   Data   RO         2307    .constdata          platform_io.o
    0x08006aec   0x08006aec   0x00000008   Data   RO         2879    .constdata          drivers_led.o
    0x08006af4   0x08006af4   0x00000020   Data   RO        11897    Region$$Table       anon$$obj.o
    0x08006b14   0x08006b14   0x00000004   Data   RO           18    .init_array         app_led.o
    0x08006b18   0x08006b14   0x00000004   Data   RO          269    .init_array         app_motor.o
    0x08006b1c   0x08006b14   0x00000004   Data   RO          572    .init_array         message_task.o
    0x08006b20   0x08006b14   0x00000004   Data   RO          870    .init_array         version_task.o
    0x08006b24   0x08006b14   0x00000004   Data   RO          933    .init_array         send_visual_task.o
    0x08006b28   0x08006b14   0x00000004   Data   RO         1106    .init_array         dev_can.o
    0x08006b2c   0x08006b14   0x00000004   Data   RO         1208    .init_array         dev_serial.o
    0x08006b30   0x08006b14   0x00000004   Data   RO         2837    .init_array         drivers_dma.o
    0x08006b34   0x08006b14   0x00000004   Data   RO         3265    .init_array         adaptive_exercise.o
    0x08006b38   0x08006b14   0x00000000   Data   RO        11446    .init_array         c_w.l(init_aeabi.o)


    Execution Region RW_IRAM1 (Exec base: 0x20000000, Load base: 0x08006b38, Size: 0x000071d0, Max: 0x00020000, ABSOLUTE)

    Exec Addr    Load Addr    Size         Type   Attr      Idx    E Section Name        Object

    0x20000000   0x08006b38   0x00000001   Data   RW           17    .data               app_led.o
    0x20000001   0x08006b39   0x00000003   PAD
    0x20000004   0x08006b3c   0x00000010   Data   RW          268    .data               app_motor.o
    0x20000014   0x08006b4c   0x00000004   Data   RW          426    .data               app_usart1.o
    0x20000018   0x08006b50   0x00000021   Data   RW          494    .data               start_task.o
    0x20000039   0x08006b71   0x00000003   PAD
    0x2000003c   0x08006b74   0x00000009   Data   RW          571    .data               message_task.o
    0x20000045   0x08006b7d   0x00000003   PAD
    0x20000048   0x08006b80   0x00000009   Data   RW          932    .data               send_visual_task.o
    0x20000051   0x08006b89   0x00000003   PAD
    0x20000054   0x08006b8c   0x0000003c   Data   RW         1743    .data               tasks.o
    0x20000090   0x08006bc8   0x00000014   Data   RW         2072    .data               timers.o
    0x200000a4   0x08006bdc   0x0000000c   Data   RW         2191    .data               port.o
    0x200000b0   0x08006be8   0x00000018   Data   RW         2261    .data               heap_4.o
    0x200000c8   0x08006c00   0x00000024   Data   RW         2549    .data               platform_systick.o
    0x200000ec   0x08006c24   0x00000010   Data   RW         3949    .data               stm32f4xx_rcc.o
    0x200000fc   0x08006c34   0x00000014   Data   RW         5416    .data               system_stm32f4xx.o
    0x20000110   0x08006c48   0x00000004   Data   RW         5523    .data               protocol_dbus.o
    0x20000114        -       0x00000068   Zero   RW          267    .bss                app_motor.o
    0x2000017c        -       0x0000003e   Zero   RW          425    .bss                app_usart1.o
    0x200001ba        -       0x000003e8   Zero   RW          526    .bss                rtossystem_task.o
    0x200005a2   0x08006c4c   0x00000002   PAD
    0x200005a4        -       0x00000034   Zero   RW          570    .bss                message_task.o
    0x200005d8        -       0x000000a8   Zero   RW          867    .bss                version_task.o
    0x20000680        -       0x0000001c   Zero   RW          931    .bss                send_visual_task.o
    0x2000069c        -       0x0000002c   Zero   RW         1105    .bss                dev_can.o
    0x200006c8        -       0x00000018   Zero   RW         1207    .bss                dev_serial.o
    0x200006e0        -       0x00000040   Zero   RW         1484    .bss                queue.o
    0x20000720        -       0x000002e4   Zero   RW         1742    .bss                tasks.o
    0x20000a04        -       0x00000028   Zero   RW         2071    .bss                timers.o
    0x20000a2c        -       0x00006000   Zero   RW         2260    .bss                heap_4.o
    0x20006a2c        -       0x00000040   Zero   RW         2466    .bss                platform_exti.o
    0x20006a6c        -       0x00000038   Zero   RW         2682    .bss                platform_timer.o
    0x20006aa4        -       0x00000030   Zero   RW         2836    .bss                drivers_dma.o
    0x20006ad4        -       0x00000038   Zero   RW         3263    .bss                adaptive_exercise.o
    0x20006b0c        -       0x0000005e   Zero   RW         5522    .bss                protocol_dbus.o
    0x20006b6a   0x08006c4c   0x00000002   PAD
    0x20006b6c        -       0x00000060   Zero   RW        11771    .bss                c_w.l(libspace.o)
    0x20006bcc   0x08006c4c   0x00000004   PAD
    0x20006bd0        -       0x00000200   Zero   RW         5406    HEAP                startup_stm32f40_41xxx.o
    0x20006dd0        -       0x00000400   Zero   RW         5405    STACK               startup_stm32f40_41xxx.o


==============================================================================

Image component sizes


      Code (inc. data)   RO Data    RW Data    ZI Data      Debug   Object Name

       216         24          4          0         56       3397   adaptive_exercise.o
        96         16         12          1          0     297100   app_led.o
       324         56          4         16        104      15000   app_motor.o
       118         12          0          0          0       1688   app_power_ctrl.o
       360         56          0          4         62       3607   app_usart1.o
         0          0          0          0          0      11748   croutine.o
       310         32          4          0         44       7710   dev_can.o
       140         16          4          0         24       2928   dev_serial.o
        92          4          0          0          0        622   dev_system.o
       108          0          0          0          0       1420   drivers_buffer.o
       364         12          0          0          0       2464   drivers_can.o
       618         48          4          0         48       2708   drivers_dma.o
        62          4          8          0          0       1276   drivers_led.o
       336         20          0          0          0       1354   drivers_remote.o
       698         34          0          0          0       3791   drivers_serial.o
         0          0          0          0          0      11836   event_groups.o
       692         62          0         24      24576       4511   heap_4.o
       148          0          0          0          0       3322   list.o
       140          8          0          0          0       1058   main.o
       210         14          4          9         52       4276   message_task.o
       180         24          0          0          0       2133   misc.o
       580         40          0          0         64       4355   platform_exti.o
       448         56       2816          0          0     313900   platform_io.o
       932        136          0          0          0       2839   platform_pwm.o
       220         26          0         36          0       3401   platform_systick.o
       740        132          0          0         56       5951   platform_timer.o
       918         86          0         12          0      10970   port.o
       562         36          0          4         94       3243   protocol_dbus.o
      2088         22          0          0         64      17321   queue.o
        40         10          0          0       1000       1139   rtossystem_task.o
       100         22          4          9         28       1624   send_visual_task.o
       228        104          0         33          0       2356   start_task.o
        64         26        392          0       1536        824   startup_stm32f40_41xxx.o
      1566         16          0          0          0       6542   stm32f4xx_can.o
       604         40          0          0          0       7463   stm32f4xx_dma.o
        36         10          0          0          0       1164   stm32f4xx_exti.o
       222          0          0          0          0       2951   stm32f4xx_gpio.o
        20          0          0          0          0       2777   stm32f4xx_it.o
       392         48          0         16          0       5885   stm32f4xx_rcc.o
       882         66          0          0          0       9192   stm32f4xx_tim.o
       710         42          0          0          0       6920   stm32f4xx_usart.o
       340         32          0         20          0       1785   system_stm32f4xx.o
      3900        480          0         60        740      29241   tasks.o
      1138        116          0         20         40      17543   timers.o
        20          6          4          0        168       1929   version_task.o

    ----------------------------------------------------------------------
     22016       1994       3294        276      28760     845264   Object Totals
         0          0         32          0          0          0   (incl. Generated)
        54          0          2         12          4          0   (incl. Padding)

    ----------------------------------------------------------------------

      Code (inc. data)   RO Data    RW Data    ZI Data      Debug   Library Member Name

         8          0          0          0          0         68   __main.o
       104          0          0          0          0         84   __printf.o
         0          0          0          0          0          0   __rtentry.o
        12          0          0          0          0          0   __rtentry2.o
         6          0          0          0          0          0   __rtentry4.o
        52          8          0          0          0          0   __scatter.o
        26          0          0          0          0          0   __scatter_copy.o
        28          0          0          0          0          0   __scatter_zi.o
         6          0          0          0          0          0   _printf_c.o
        44          0          0          0          0        108   _printf_char.o
        48          6          0          0          0         96   _printf_char_common.o
       120         16          0          0          0         92   _printf_dec.o
       178          0          0          0          0         88   _printf_intcommon.o
         0          0          0          0          0          0   _printf_percent.o
         4          0          0          0          0          0   _printf_percent_end.o
        82          0          0          0          0         80   _printf_str.o
         6          0          0          0          0          0   _printf_u.o
        10          0          0          0          0         68   _sputc.o
        22          0          0          0          0         80   abort.o
        16          0          0          0          0         68   aeabi_memset.o
        48         34          0          0          0         76   defsig_abrt_inner.o
        14          0          0          0          0         80   defsig_abrt_outer.o
        10          0          0          0          0         68   defsig_exit.o
        50          0          0          0          0         88   defsig_general.o
        80         58          0          0          0         76   defsig_rtmem_inner.o
        14          0          0          0          0         80   defsig_rtmem_outer.o
        18          0          0          0          0         80   exit.o
        94          0          0          0          0         80   h1_alloc.o
        52          0          0          0          0         68   h1_extend.o
        78          0          0          0          0         80   h1_free.o
        14          0          0          0          0         84   h1_init.o
         6          0          0          0          0        152   heapauxi.o
         4          0          0          0          0        136   hguard.o
        36         10          0          0          0         80   init_aeabi.o
       138          0          0          0          0        168   init_alloc.o
         2          0          0          0          0          0   libinit.o
        18          0          0          0          0          0   libinit2.o
         2          0          0          0          0          0   libshutdown.o
         2          0          0          0          0          0   libshutdown2.o
         8          4          0          0         96         68   libspace.o
         0          0          0          0          0          0   maybetermalloc1.o
        40          6          0          0          0         84   noretval__2sprintf.o
         8          4          0          0          0         68   rt_heap_descriptor_intlibspace.o
        68          0          0          0          0         68   rt_memclr.o
        78          0          0          0          0         80   rt_memclr_w.o
       138          0          0          0          0         68   rt_memcpy_v6.o
       100          0          0          0          0         80   rt_memcpy_w.o
         2          0          0          0          0          0   rtexit.o
        10          0          0          0          0          0   rtexit2.o
        72          0          0          0          0         80   strcpy.o
        62          0          0          0          0         76   strlen.o
        74          0          0          0          0         80   sys_stackheap_outer.o
         2          0          0          0          0         68   use_no_semi.o
         2          0          0          0          0         68   use_no_semi_2.o
        10          0          0          0          0        116   fpinit.o

    ----------------------------------------------------------------------
      2138        146          0          0        100       3232   Library Totals
        12          0          0          0          4          0   (incl. Padding)

    ----------------------------------------------------------------------

      Code (inc. data)   RO Data    RW Data    ZI Data      Debug   Library Name

      2116        146          0          0         96       3116   c_w.l
        10          0          0          0          0        116   fz_wm.l

    ----------------------------------------------------------------------
      2138        146          0          0        100       3232   Library Totals

    ----------------------------------------------------------------------

==============================================================================


      Code (inc. data)   RO Data    RW Data    ZI Data      Debug   

     24154       2140       3294        276      28860     824928   Grand Totals
     24154       2140       3294        276      28860     824928   ELF Image Totals
     24154       2140       3294        276          0          0   ROM Totals

==============================================================================

    Total RO  Size (Code + RO Data)                27448 (  26.80kB)
    Total RW  Size (RW Data + ZI Data)             29136 (  28.45kB)
    Total ROM Size (Code + RO Data + RW Data)      27724 (  27.07kB)

==============================================================================

